<html>
<body>
<pre>
<h1>µVision Build Log</h1>
<h2>Tool Versions:</h2>
IDE-Version: ¦ÌVision V5.15
Copyright (C) 2015 ARM Ltd and ARM Germany GmbH. All rights reserved.
License Information: yuzy@galileobot.com,   , LIC=LJWII-T6T4I-PGV7L-03EGS-9UMXR-N54XY
 
Tool Versions:
Toolchain:       MDK-ARM Professional  Version: 5.15.0
Toolchain Path:  C:\Keil_v5\ARM\ARMCC\Bin
C Compiler:      Armcc.exe V5.05 update 2 (build 169)
Assembler:       Armasm.exe V5.05 update 2 (build 169)
Linker/Locator:  ArmLink.exe V5.05 update 2 (build 169)
Library Manager: ArmAr.exe V5.05 update 2 (build 169)
Hex Converter:   FromElf.exe V5.05 update 2 (build 169)
CPU DLL:         SARMCM3.DLL V5.15.0
Dialog DLL:      DCM.DLL V1.13.2.0
Target DLL:      STLink\ST-LINKIII-KEIL_SWO.dll V2.0.15.0_KEIL
Dialog DLL:      TCM.DLL V1.14.5.0
 
<h2>Project:</h2>
C:\github\Lower-machine\application\MDK-ARM\application.uvprojx
Project File Date:  12/19/2019

<h2>Output:</h2>
*** Using Compiler 'V5.05 update 2 (build 169)', folder: 'C:\Keil_v5\ARM\ARMCC\Bin'
Build target 'application'
compiling freertos.c...
compiling stm32f1xx_it.c...
compiling gps.c...
compiling protocol.c...
..\protocol\protocol.c(170): warning:  #177-D: function "Set_Protocol_Type" was declared but never referenced
   static inline void Set_Protocol_Type(E_protocol_type protocol_type)
..\protocol\protocol.c(174): warning:  #177-D: function "Set_Protocol_Moving_Cmd" was declared but never referenced
   static inline void Set_Protocol_Moving_Cmd(E_protocool_moving_cmd protocool_moving_cmd)
..\protocol\protocol.c: 2 warnings, 0 errors
compiling uart.c...
..\UART3\uart.c(155): warning:  #546-D: transfer of control bypasses initialization of:
            variable "len" (declared at line 157)
            variable "crc" (declared at line 163)
                if(rx3_buffer[0] != PROTOCOL_HEAD) goto uart3_end2;
                                                   ^
..\UART3\uart.c(159): warning:  #546-D: transfer of control bypasses initialization of:
            variable "crc" (declared at line 163)
                if(len != uart_p->rx3_len) goto uart3_end2;
                                           ^
..\UART3\uart.c(161): warning:  #546-D: transfer of control bypasses initialization of:
            variable "crc" (declared at line 163)
                if(rx3_buffer[len-1] != PROTOCOL_TAIL) goto uart3_end2;
                                                       ^
..\UART3\uart.c(261): warning:  #1-D: last line of file ends without a newline
  }     
..\UART3\uart.c: 4 warnings, 0 errors
linking...
Program Size: Code=50652 RO-data=1768 RW-data=1424 ZI-data=16648  
FromELF: creating hex file...
After Build - User command #1: C:\Keil_v5\\ARM\ARMCC\bin\fromelf.exe --bin --output=application.bin application\application.axf
"application\application.axf" - 0 Error(s), 6 Warning(s).

<h2>Software Packages used:</h2>

Package Vendor: ARM
                http://www.keil.com/pack/ARM.CMSIS.4.3.0.pack
                ARM::CMSIS:CORE:4.1.0
                CMSIS (Cortex Microcontroller Software Interface Standard)
   * Component: CORE Version: 4.1.0

<h2>Collection of Component include folders:</h2>
  C:\github\Lower-machine\application\MDK-ARM\RTE
  C:\Keil_v5\ARM\PACK\ARM\CMSIS\4.3.0\CMSIS\Include
  C:\Keil_v5\ARM\PACK\Keil\STM32F1xx_DFP\2.3.0\Device\Include

<h2>Collection of Component Files used:</h2>

   * Component: ARM::CMSIS:CORE:4.1.0
</pre>
</body>
</html>
