Component: ARM Compiler 5.05 update 2 (build 169) Tool: armlink [4d0f33]

==============================================================================

Section Cross References

    startup_stm32f103xe.o(RESET) refers to startup_stm32f103xe.o(STACK) for __initial_sp
    startup_stm32f103xe.o(RESET) refers to startup_stm32f103xe.o(.text) for Reset_Handler
    startup_stm32f103xe.o(RESET) refers to stm32f1xx_it.o(i.NMI_Handler) for NMI_Handler
    startup_stm32f103xe.o(RESET) refers to stm32f1xx_it.o(i.HardFault_Handler) for HardFault_Handler
    startup_stm32f103xe.o(RESET) refers to stm32f1xx_it.o(i.MemManage_Handler) for MemManage_Handler
    startup_stm32f103xe.o(RESET) refers to stm32f1xx_it.o(i.BusFault_Handler) for BusFault_Handler
    startup_stm32f103xe.o(RESET) refers to stm32f1xx_it.o(i.UsageFault_Handler) for UsageFault_Handler
    startup_stm32f103xe.o(RESET) refers to port.o(.emb_text) for SVC_Handler
    startup_stm32f103xe.o(RESET) refers to stm32f1xx_it.o(i.DebugMon_Handler) for DebugMon_Handler
    startup_stm32f103xe.o(RESET) refers to port.o(i.SysTick_Handler) for SysTick_Handler
    startup_stm32f103xe.o(RESET) refers to stm32f1xx_it.o(i.EXTI2_IRQHandler) for EXTI2_IRQHandler
    startup_stm32f103xe.o(RESET) refers to stm32f1xx_it.o(i.DMA1_Channel2_IRQHandler) for DMA1_Channel2_IRQHandler
    startup_stm32f103xe.o(RESET) refers to stm32f1xx_it.o(i.DMA1_Channel3_IRQHandler) for DMA1_Channel3_IRQHandler
    startup_stm32f103xe.o(RESET) refers to stm32f1xx_it.o(i.DMA1_Channel4_IRQHandler) for DMA1_Channel4_IRQHandler
    startup_stm32f103xe.o(RESET) refers to stm32f1xx_it.o(i.DMA1_Channel6_IRQHandler) for DMA1_Channel6_IRQHandler
    startup_stm32f103xe.o(RESET) refers to stm32f1xx_it.o(i.USART1_IRQHandler) for USART1_IRQHandler
    startup_stm32f103xe.o(RESET) refers to stm32f1xx_it.o(i.USART2_IRQHandler) for USART2_IRQHandler
    startup_stm32f103xe.o(RESET) refers to stm32f1xx_it.o(i.USART3_IRQHandler) for USART3_IRQHandler
    startup_stm32f103xe.o(RESET) refers to stm32f1xx_it.o(i.EXTI15_10_IRQHandler) for EXTI15_10_IRQHandler
    startup_stm32f103xe.o(RESET) refers to stm32f1xx_it.o(i.TIM8_UP_IRQHandler) for TIM8_UP_IRQHandler
    startup_stm32f103xe.o(.text) refers to system_stm32f1xx.o(i.SystemInit) for SystemInit
    startup_stm32f103xe.o(.text) refers to entry.o(.ARM.Collect$$$$00000000) for __main
    time.o(i.Ms_Add) refers to time.o(.data) for st_time_p
    time.o(i.Read_Time) refers to time.o(i.Time_To_Float) for Time_To_Float
    time.o(i.Time_To_Float) refers to time.o(.data) for st_time_p
    time.o(.data) refers to time.o(i.Ms_Add) for Ms_Add
    time.o(.data) refers to time.o(i.Read_Time) for Read_Time
    time.o(.data) refers to time.o(i.Time_To_Float) for Time_To_Float
    main.o(i.HAL_TIM_PeriodElapsedCallback) refers to stm32f1xx_hal.o(i.HAL_IncTick) for HAL_IncTick
    main.o(i.SystemClock_Config) refers to memseta.o(.text) for __aeabi_memclr4
    main.o(i.SystemClock_Config) refers to stm32f1xx_hal_rcc.o(i.HAL_RCC_OscConfig) for HAL_RCC_OscConfig
    main.o(i.SystemClock_Config) refers to main.o(i.Error_Handler) for Error_Handler
    main.o(i.SystemClock_Config) refers to stm32f1xx_hal_rcc.o(i.HAL_RCC_ClockConfig) for HAL_RCC_ClockConfig
    main.o(i.main) refers to stm32f1xx_hal.o(i.HAL_Init) for HAL_Init
    main.o(i.main) refers to main.o(i.SystemClock_Config) for SystemClock_Config
    main.o(i.main) refers to gpio.o(i.MX_GPIO_Init) for MX_GPIO_Init
    main.o(i.main) refers to dma.o(i.MX_DMA_Init) for MX_DMA_Init
    main.o(i.main) refers to usart.o(i.MX_USART1_UART_Init) for MX_USART1_UART_Init
    main.o(i.main) refers to i2c.o(i.MX_I2C1_Init) for MX_I2C1_Init
    main.o(i.main) refers to tim.o(i.MX_TIM1_Init) for MX_TIM1_Init
    main.o(i.main) refers to tim.o(i.MX_TIM5_Init) for MX_TIM5_Init
    main.o(i.main) refers to usart.o(i.MX_USART3_UART_Init) for MX_USART3_UART_Init
    main.o(i.main) refers to usart.o(i.MX_USART2_UART_Init) for MX_USART2_UART_Init
    main.o(i.main) refers to printfa.o(i.__0printf) for __2printf
    main.o(i.main) refers to freertos.o(i.MX_FREERTOS_Init) for MX_FREERTOS_Init
    main.o(i.main) refers to cmsis_os.o(i.osKernelStart) for osKernelStart
    main.o(i.main) refers to main.o(.conststring) for .conststring
    gpio.o(i.MX_GPIO_Init) refers to stm32f1xx_hal_gpio.o(i.HAL_GPIO_WritePin) for HAL_GPIO_WritePin
    gpio.o(i.MX_GPIO_Init) refers to stm32f1xx_hal_gpio.o(i.HAL_GPIO_Init) for HAL_GPIO_Init
    gpio.o(i.MX_GPIO_Init) refers to stm32f1xx_hal_cortex.o(i.HAL_NVIC_SetPriority) for HAL_NVIC_SetPriority
    gpio.o(i.MX_GPIO_Init) refers to stm32f1xx_hal_cortex.o(i.HAL_NVIC_EnableIRQ) for HAL_NVIC_EnableIRQ
    dma.o(i.MX_DMA_Init) refers to stm32f1xx_hal_cortex.o(i.HAL_NVIC_SetPriority) for HAL_NVIC_SetPriority
    dma.o(i.MX_DMA_Init) refers to stm32f1xx_hal_cortex.o(i.HAL_NVIC_EnableIRQ) for HAL_NVIC_EnableIRQ
    freertos.o(i.MX_FREERTOS_Init) refers to cmsis_os.o(i.osSemaphoreCreate) for osSemaphoreCreate
[...]
    Motor_Deinit                             0x0800ac29   Thumb Code    22  motor_driver.o(i.Motor_Deinit)
    Motor_Driver_Output_Enable               0x0800ac3f   Thumb Code    20  motor_driver.o(i.Motor_Driver_Output_Enable)
    Motor_Driver_Work_Mode                   0x0800ac53   Thumb Code    70  motor_driver.o(i.Motor_Driver_Work_Mode)
    Motor_Fwd_Rev_Select                     0x0800ac99   Thumb Code    20  motor_driver.o(i.Motor_Fwd_Rev_Select)
    Motor_Init                               0x0800acad   Thumb Code    48  motor_driver.o(i.Motor_Init)
    Motor_Speed_Pwm_Duty_Cycle_Set           0x0800acdd   Thumb Code    58  motor_driver.o(i.Motor_Speed_Pwm_Duty_Cycle_Set)
    Motor_Start                              0x0800ad17   Thumb Code    88  motor_driver.o(i.Motor_Start)
    Motor_Stop                               0x0800ad6f   Thumb Code    30  motor_driver.o(i.Motor_Stop)
    NMI_Handler                              0x0800ad8d   Thumb Code     2  stm32f1xx_it.o(i.NMI_Handler)
    Pwm_Value_Reset                          0x0800ad8f   Thumb Code    22  pid.o(i.Pwm_Value_Reset)
    Read_Bno055_Yaw                          0x0800ae0d   Thumb Code    16  bno005.o(i.Read_Bno055_Yaw)
    Read_Left_Wheel_Pwm                      0x0800ae3d   Thumb Code    12  pid.o(i.Read_Left_Wheel_Pwm)
    Read_Pwm                                 0x0800ae4d   Thumb Code     6  pid.o(i.Read_Pwm)
    Read_Right_Wheel_Pwm                     0x0800ae55   Thumb Code    12  pid.o(i.Read_Right_Wheel_Pwm)
    Read_Speed                               0x0800ae65   Thumb Code     8  speed.o(i.Read_Speed)
    Refresh_Speed                            0x0800af9d   Thumb Code   404  speed.o(i.Refresh_Speed)
    Right_Motor_Brake                        0x0800b191   Thumb Code    16  motor_driver.o(i.Right_Motor_Brake)
    Right_Motor_Counting_Difference          0x0800b1a9   Thumb Code    12  speed.o(i.Right_Motor_Counting_Difference)
    Right_Motor_Deinit                       0x0800b1b9   Thumb Code    16  motor_driver.o(i.Right_Motor_Deinit)
    Right_Motor_Get_Motor_Cnt                0x0800b1d1   Thumb Code    12  speed.o(i.Right_Motor_Get_Motor_Cnt)
    Right_Motor_Init                         0x0800b1e1   Thumb Code    16  motor_driver.o(i.Right_Motor_Init)
    Right_Motor_Motor_Cnt_Reset              0x0800b1f9   Thumb Code    12  speed.o(i.Right_Motor_Motor_Cnt_Reset)
    Right_Motor_Read_Speed                   0x0800b209   Thumb Code    12  speed.o(i.Right_Motor_Read_Speed)
    Right_Motor_Refresh_Speed                0x0800b219   Thumb Code    16  speed.o(i.Right_Motor_Refresh_Speed)
    Right_Motor_Speed_Deinit                 0x0800b231   Thumb Code    12  speed.o(i.Right_Motor_Speed_Deinit)
    Right_Motor_Speed_Init                   0x0800b241   Thumb Code    12  speed.o(i.Right_Motor_Speed_Init)
    Right_Motor_Start                        0x0800b251   Thumb Code    20  motor_driver.o(i.Right_Motor_Start)
    Right_Motor_Stop                         0x0800b26d   Thumb Code    16  motor_driver.o(i.Right_Motor_Stop)
    Right_Wheel_Brake                        0x0800b285   Thumb Code    10  wheel.o(i.Right_Wheel_Brake)
    Right_Wheel_Deinit                       0x0800b28f   Thumb Code    10  wheel.o(i.Right_Wheel_Deinit)
    Right_Wheel_Iint                         0x0800b299   Thumb Code    10  wheel.o(i.Right_Wheel_Iint)
    Right_Wheel_Integral_Separation_Pid      0x0800b2a5   Thumb Code    16  pid.o(i.Right_Wheel_Integral_Separation_Pid)
    Right_Wheel_Pwm_Value_Reset              0x0800b2b9   Thumb Code    12  pid.o(i.Right_Wheel_Pwm_Value_Reset)
    Right_Wheel_Read_Speed                   0x0800b2c9   Thumb Code    12  wheel.o(i.Right_Wheel_Read_Speed)
    Right_Wheel_Speed_Updata                 0x0800b2d9   Thumb Code    10  wheel.o(i.Right_Wheel_Speed_Updata)
    Right_Wheel_Stop                         0x0800b2e3   Thumb Code    10  wheel.o(i.Right_Wheel_Stop)
    Right_Wheel_Walk_Distance_Reset          0x0800b2ed   Thumb Code    10  wheel.o(i.Right_Wheel_Walk_Distance_Reset)
    Right_Wheel_start                        0x0800b2f7   Thumb Code    14  wheel.o(i.Right_Wheel_start)
    Set_Car_Walk_Distance_Pid_Value          0x0800b3d9   Thumb Code    24  pid.o(i.Set_Car_Walk_Distance_Pid_Value)
    Set_Car_Walk_Yaw_Pid_Value               0x0800b3f5   Thumb Code    24  pid.o(i.Set_Car_Walk_Yaw_Pid_Value)
    Set_Left_Wheel_Pid_Speed                 0x0800b45d   Thumb Code    18  pid.o(i.Set_Left_Wheel_Pid_Speed)
    Set_Left_Wheel_Pid_Value                 0x0800b475   Thumb Code    24  pid.o(i.Set_Left_Wheel_Pid_Value)
    Set_Pid_Value                            0x0800b49d   Thumb Code    14  pid.o(i.Set_Pid_Value)
    Set_Right_Wheel_Pid_Speed                0x0800b4c5   Thumb Code    18  pid.o(i.Set_Right_Wheel_Pid_Speed)
    Set_Right_Wheel_Pid_Value                0x0800b4dd   Thumb Code    24  pid.o(i.Set_Right_Wheel_Pid_Value)
    Set_Wheel_Pid_Speed                      0x0800b505   Thumb Code     8  pid.o(i.Set_Wheel_Pid_Speed)
    Speed_Deinit                             0x0800bae9   Thumb Code    30  speed.o(i.Speed_Deinit)
    Speed_Init                               0x0800bb0d   Thumb Code    30  speed.o(i.Speed_Init)
    Start_Analyse_Gps_Task                   0x0800bb2d   Thumb Code    60  freertos.o(i.Start_Analyse_Gps_Task)
    Start_Data_Updata_Task                   0x0800bb75   Thumb Code   692  freertos.o(i.Start_Data_Updata_Task)
    Start_Moving_Control_Task                0x0800be59   Thumb Code   438  freertos.o(i.Start_Moving_Control_Task)
    Start_Power_Task                         0x0800c03d   Thumb Code    22  freertos.o(i.Start_Power_Task)
    Start_Shell_Task                         0x0800c071   Thumb Code    30  freertos.o(i.Start_Shell_Task)
    Start_UART3_RCV_Task                     0x0800c099   Thumb Code    32  freertos.o(i.Start_UART3_RCV_Task)
    SysTick_Handler                          0x0800c0c1   Thumb Code    46  port.o(i.SysTick_Handler)
    SystemClock_Config                       0x0800c0f5   Thumb Code   100  main.o(i.SystemClock_Config)
    SystemInit                               0x0800c159   Thumb Code    70  system_stm32f1xx.o(i.SystemInit)
    TIM8_UP_IRQHandler                       0x0800c1b5   Thumb Code    10  stm32f1xx_it.o(i.TIM8_UP_IRQHandler)
    TIM_Base_SetConfig                       0x0800c1c5   Thumb Code   134  stm32f1xx_hal_tim.o(i.TIM_Base_SetConfig)
    TIM_CCxChannelCmd                        0x0800c261   Thumb Code    34  stm32f1xx_hal_tim.o(i.TIM_CCxChannelCmd)
    TIM_ETR_SetConfig                        0x0800c283   Thumb Code    22  stm32f1xx_hal_tim.o(i.TIM_ETR_SetConfig)
    TIM_OC2_SetConfig                        0x0800c31d   Thumb Code   114  stm32f1xx_hal_tim.o(i.TIM_OC2_SetConfig)
    Timer_100ms_Callback                     0x0800c4b5   Thumb Code    14  freertos.o(i.Timer_100ms_Callback)
    Timer_10ms_Callback                      0x0800c4c9   Thumb Code    14  freertos.o(i.Timer_10ms_Callback)
    USART1_IRQHandler                        0x0800c949   Thumb Code    10  stm32f1xx_it.o(i.USART1_IRQHandler)
    USART2_IRQHandler                        0x0800c959   Thumb Code    18  stm32f1xx_it.o(i.USART2_IRQHandler)
    USART3_IRQHandler                        0x0800c975   Thumb Code    18  stm32f1xx_it.o(i.USART3_IRQHandler)
    UsageFault_Handler                       0x0800cd49   Thumb Code     4  stm32f1xx_it.o(i.UsageFault_Handler)
    Wheel_Brake                              0x0800cea9   Thumb Code    46  wheel.o(i.Wheel_Brake)
    Wheel_Deinit                             0x0800cee9   Thumb Code    46  wheel.o(i.Wheel_Deinit)
    Wheel_Iint                               0x0800cf29   Thumb Code    46  wheel.o(i.Wheel_Iint)
    Wheel_Integral_Separation_Pid            0x0800cf69   Thumb Code   284  pid.o(i.Wheel_Integral_Separation_Pid)
    Wheel_Speed_Updata                       0x0800d095   Thumb Code   118  wheel.o(i.Wheel_Speed_Updata)
    Wheel_Stop                               0x0800d129   Thumb Code    46  wheel.o(i.Wheel_Stop)
    Wheel_Walk_Distance_Reset                0x0800d169   Thumb Code    30  wheel.o(i.Wheel_Walk_Distance_Reset)
    Wheel_start                              0x0800d191   Thumb Code    36  wheel.o(i.Wheel_start)
    __0printf                                0x0800d1bd   Thumb Code    22  printfa.o(i.__0printf)
    __1printf                                0x0800d1bd   Thumb Code     0  printfa.o(i.__0printf)
    __2printf                                0x0800d1bd   Thumb Code     0  printfa.o(i.__0printf)
    __c89printf                              0x0800d1bd   Thumb Code     0  printfa.o(i.__0printf)
    printf                                   0x0800d1bd   Thumb Code     0  printfa.o(i.__0printf)
    __0sprintf                               0x0800d1dd   Thumb Code    34  printfa.o(i.__0sprintf)
    __1sprintf                               0x0800d1dd   Thumb Code     0  printfa.o(i.__0sprintf)
    __2sprintf                               0x0800d1dd   Thumb Code     0  printfa.o(i.__0sprintf)
    __c89sprintf                             0x0800d1dd   Thumb Code     0  printfa.o(i.__0sprintf)
    sprintf                                  0x0800d1dd   Thumb Code     0  printfa.o(i.__0sprintf)
    __ARM_fpclassify                         0x0800d205   Thumb Code    40  fpclassify.o(i.__ARM_fpclassify)
    __ieee754_rem_pio2                       0x0800d265   Thumb Code   828  rred.o(i.__ieee754_rem_pio2)
    __kernel_cos                             0x0800d5ed   Thumb Code   230  cos_i.o(i.__kernel_cos)
    __kernel_poly                            0x0800d6e9   Thumb Code   170  poly.o(i.__kernel_poly)
    __kernel_sin                             0x0800d795   Thumb Code   224  sin_i.o(i.__kernel_sin)
    __mathlib_dbl_infnan                     0x0800d881   Thumb Code     6  dunder.o(i.__mathlib_dbl_infnan)
    __mathlib_dbl_invalid                    0x0800d887   Thumb Code    12  dunder.o(i.__mathlib_dbl_invalid)
    __mathlib_dbl_underflow                  0x0800d895   Thumb Code    10  dunder.o(i.__mathlib_dbl_underflow)
    __scatterload_copy                       0x0800d8a5   Thumb Code    14  handlers.o(i.__scatterload_copy)
    __scatterload_null                       0x0800d8b3   Thumb Code     2  handlers.o(i.__scatterload_null)
    __scatterload_zeroinit                   0x0800d8b5   Thumb Code    14  handlers.o(i.__scatterload_zeroinit)
    __set_errno                              0x0800d8c5   Thumb Code     6  errno.o(i.__set_errno)
    _is_digit                                0x0800da35   Thumb Code    14  scanf_fp.o(i._is_digit)
    configureTimerForRunTimeStats            0x0800e17d   Thumb Code     2  freertos.o(i.configureTimerForRunTimeStats)
    cos                                      0x0800e181   Thumb Code   148  cos.o(i.cos)
    crc8_chk_value                           0x0800e21d   Thumb Code    56  crc.o(i.crc8_chk_value)
    fputc                                    0x0800e255   Thumb Code    20  usart.o(i.fputc)
    free                                     0x0800e26d   Thumb Code    76  malloc.o(i.free)
    getRunTimeCounterValue                   0x0800e2bd   Thumb Code     4  freertos.o(i.getRunTimeCounterValue)
    main                                     0x0800e2d1   Thumb Code   106  main.o(i.main)
    malloc                                   0x0800e391   Thumb Code    92  malloc.o(i.malloc)
    osDelay                                  0x0800e3fd   Thumb Code    24  cmsis_os.o(i.osDelay)
    osKernelStart                            0x0800e415   Thumb Code    10  cmsis_os.o(i.osKernelStart)
    osSemaphoreCreate                        0x0800e41f   Thumb Code    44  cmsis_os.o(i.osSemaphoreCreate)
    osSemaphoreRelease                       0x0800e44d   Thumb Code    76  cmsis_os.o(i.osSemaphoreRelease)
    osSemaphoreWait                          0x0800e49d   Thumb Code   100  cmsis_os.o(i.osSemaphoreWait)
    osThreadCreate                           0x0800e505   Thumb Code    48  cmsis_os.o(i.osThreadCreate)
    osTimerCreate                            0x0800e535   Thumb Code    36  cmsis_os.o(i.osTimerCreate)
    osTimerStart                             0x0800e55d   Thumb Code   100  cmsis_os.o(i.osTimerStart)
    pvPortMalloc                             0x0800ef79   Thumb Code   296  heap_4.o(i.pvPortMalloc)
    pvTaskIncrementMutexHeldCount            0x0800f0b5   Thumb Code    26  tasks.o(i.pvTaskIncrementMutexHeldCount)
    pxPortInitialiseStack                    0x0800f0d5   Thumb Code    30  port.o(i.pxPortInitialiseStack)
    uxListRemove                             0x0800f0f9   Thumb Code    40  list.o(i.uxListRemove)
    vListInitialise                          0x0800f121   Thumb Code    26  list.o(i.vListInitialise)
    vListInitialiseItem                      0x0800f13b   Thumb Code     6  list.o(i.vListInitialiseItem)
    vListInsert                              0x0800f141   Thumb Code    52  list.o(i.vListInsert)
    vListInsertEnd                           0x0800f175   Thumb Code    24  list.o(i.vListInsertEnd)
    vPortEnterCritical                       0x0800f18d   Thumb Code    76  port.o(i.vPortEnterCritical)
    vPortExitCritical                        0x0800f1e1   Thumb Code    56  port.o(i.vPortExitCritical)
    vPortFree                                0x0800f21d   Thumb Code   140  heap_4.o(i.vPortFree)
    vPortSetupTimerInterrupt                 0x0800f2b1   Thumb Code    36  port.o(i.vPortSetupTimerInterrupt)
    vPortValidateInterruptPriority           0x0800f2d9   Thumb Code   106  port.o(i.vPortValidateInterruptPriority)
    vQueueAddToRegistry                      0x0800f351   Thumb Code    38  queue.o(i.vQueueAddToRegistry)
    vQueueWaitForMessageRestricted           0x0800f37d   Thumb Code    74  queue.o(i.vQueueWaitForMessageRestricted)
    vTaskDelay                               0x0800f3c9   Thumb Code    82  tasks.o(i.vTaskDelay)
    vTaskInternalSetTimeOutState             0x0800f425   Thumb Code    14  tasks.o(i.vTaskInternalSetTimeOutState)
    vTaskMissedYield                         0x0800f43d   Thumb Code     8  tasks.o(i.vTaskMissedYield)
    vTaskPlaceOnEventList                    0x0800f449   Thumb Code    52  tasks.o(i.vTaskPlaceOnEventList)
    vTaskPlaceOnEventListRestricted          0x0800f481   Thumb Code    60  tasks.o(i.vTaskPlaceOnEventListRestricted)
    vTaskPriorityDisinheritAfterTimeout      0x0800f4c1   Thumb Code   230  tasks.o(i.vTaskPriorityDisinheritAfterTimeout)
    vTaskStartScheduler                      0x0800f5b5   Thumb Code   122  tasks.o(i.vTaskStartScheduler)
    vTaskSuspendAll                          0x0800f64d   Thumb Code    12  tasks.o(i.vTaskSuspendAll)
    vTaskSwitchContext                       0x0800f65d   Thumb Code   172  tasks.o(i.vTaskSwitchContext)
    xPortStartScheduler                      0x0800f725   Thumb Code   228  port.o(i.xPortStartScheduler)
    xQueueGenericCreate                      0x0800f81d   Thumb Code    88  queue.o(i.xQueueGenericCreate)
    xQueueGenericReset                       0x0800f875   Thumb Code   146  queue.o(i.xQueueGenericReset)
    xQueueGenericSend                        0x0800f90d   Thumb Code   420  queue.o(i.xQueueGenericSend)
    xQueueGenericSendFromISR                 0x0800fab5   Thumb Code   248  queue.o(i.xQueueGenericSendFromISR)
    xQueueGiveFromISR                        0x0800fbad   Thumb Code   224  queue.o(i.xQueueGiveFromISR)
    xQueueReceive                            0x0800fc8d   Thumb Code   356  queue.o(i.xQueueReceive)
    xQueueReceiveFromISR                     0x0800fdf5   Thumb Code   202  queue.o(i.xQueueReceiveFromISR)
    xQueueSemaphoreTake                      0x0800fec1   Thumb Code   434  queue.o(i.xQueueSemaphoreTake)
    xTaskCheckForTimeOut                     0x08010079   Thumb Code   132  tasks.o(i.xTaskCheckForTimeOut)
    xTaskCreate                              0x08010105   Thumb Code    96  tasks.o(i.xTaskCreate)
    xTaskGetSchedulerState                   0x08010165   Thumb Code    24  tasks.o(i.xTaskGetSchedulerState)
    xTaskGetTickCount                        0x08010185   Thumb Code     6  tasks.o(i.xTaskGetTickCount)
    xTaskIncrementTick                       0x08010191   Thumb Code   282  tasks.o(i.xTaskIncrementTick)
    xTaskPriorityDisinherit                  0x080102d9   Thumb Code   188  tasks.o(i.xTaskPriorityDisinherit)
    xTaskPriorityInherit                     0x080103a1   Thumb Code   186  tasks.o(i.xTaskPriorityInherit)
    xTaskRemoveFromEventList                 0x08010469   Thumb Code   128  tasks.o(i.xTaskRemoveFromEventList)
    xTaskResumeAll                           0x08010501   Thumb Code   224  tasks.o(i.xTaskResumeAll)
    xTimerCreate                             0x08010605   Thumb Code    48  timers.o(i.xTimerCreate)
    xTimerCreateTimerTask                    0x08010635   Thumb Code    64  timers.o(i.xTimerCreateTimerTask)
    xTimerGenericCommand                     0x08010689   Thumb Code   126  timers.o(i.xTimerGenericCommand)
    AHBPrescTable                            0x0801078c   Data          16  system_stm32f1xx.o(.constdata)
    APBPrescTable                            0x0801079c   Data           8  system_stm32f1xx.o(.constdata)
    __ctype_categories                       0x080108c8   Data          64  ctype_c.o(.constdata)
    Region$$Table$$Base                      0x08010ca4   Number         0  anon$$obj.o(Region$$Table)
    Region$$Table$$Limit                     0x08010cc4   Number         0  anon$$obj.o(Region$$Table)
    Moving_Control_TaskHandle                0x20000000   Data           4  freertos.o(.data)
    Power_TaskHandle                         0x20000004   Data           4  freertos.o(.data)
    Shell_TaskHandle                         0x20000008   Data           4  freertos.o(.data)
    Data_Updata_TaskHandle                   0x2000000c   Data           4  freertos.o(.data)
    Analyse_Gps_TaskHandle                   0x20000010   Data           4  freertos.o(.data)
    UART3_RCV_TaskHandle                     0x20000014   Data           4  freertos.o(.data)
    Timer_10msHandle                         0x20000018   Data           4  freertos.o(.data)
    Timer_100msHandle                        0x2000001c   Data           4  freertos.o(.data)
    Moving_Control_SemHandle                 0x20000020   Data           4  freertos.o(.data)
    Usart_Shell_SemHandle                    0x20000024   Data           4  freertos.o(.data)
    Data_Updata_SemHandle                    0x20000028   Data           4  freertos.o(.data)
    Analyse_Gps_SemHandle                    0x2000002c   Data           4  freertos.o(.data)
    Uart3_Rcv_SemHandle                      0x20000030   Data           4  freertos.o(.data)
    uwTick                                   0x20000038   Data           4  stm32f1xx_hal.o(.data)
    uwTickPrio                               0x2000003c   Data           4  stm32f1xx_hal.o(.data)
    uwTickFreq                               0x20000040   Data           1  stm32f1xx_hal.o(.data)
    SystemCoreClock                          0x20000044   Data           4  system_stm32f1xx.o(.data)
    pxCurrentTCB                             0x20000048   Data           4  tasks.o(.data)
    p_usart_shell_rcv_buf                    0x200000c4   Data           4  shell.o(.data)
    st_usart_shell                           0x200000c8   Data          24  shell.o(.data)
    cmd_remote_rcv                           0x200000e0   Data           1  usercmd.o(.data)
    DISPLAY_STATION                          0x200000e1   Data           1  usercmd.o(.data)
    CAR_STATION                              0x200000e2   Data           1  usercmd.o(.data)
    st_ndof                                  0x200000e8   Data           6  bno005.o(.data)
    st_acc                                   0x200000ee   Data           6  bno005.o(.data)
    st_mag                                   0x200000f4   Data           6  bno005.o(.data)
    st_gyo                                   0x200000fa   Data           6  bno005.o(.data)
    bno055_handle                            0x20000100   Data          40  bno005.o(.data)
    bon055_handle_p                          0x20000128   Data           4  bno005.o(.data)
    gps_handle                               0x2000012c   Data           4  gps.o(.data)
    gps_handle_p                             0x20000130   Data           4  gps.o(.data)
    right_wheel_ctrl_handle                  0x20000134   Data          32  motor_driver.o(.data)
    right_wheel_ctrl_handle_p                0x20000154   Data           4  motor_driver.o(.data)
    left_wheel_ctrl_handle                   0x20000158   Data          32  motor_driver.o(.data)
    left_wheel_ctrl_handle_p                 0x20000178   Data           4  motor_driver.o(.data)
    right_wheel_para_handle                  0x2000017c   Data           8  motor_driver.o(.data)
    right_wheel_para_handle_p                0x20000184   Data           4  motor_driver.o(.data)
    left_wheel_para_handle                   0x20000188   Data           8  motor_driver.o(.data)
    left_wheel_para_handle_p                 0x20000190   Data           4  motor_driver.o(.data)
    left_motor_handle                        0x20000194   Data          24  motor_driver.o(.data)
    left_motor_handle_p                      0x200001ac   Data           4  motor_driver.o(.data)
    right_motor_handle                       0x200001b0   Data          24  motor_driver.o(.data)
    right_motor_handle_p                     0x200001c8   Data           4  motor_driver.o(.data)
    right_speed_variable                     0x200001cc   Data          12  speed.o(.data)
    right_speed_variable_p                   0x200001d8   Data           4  speed.o(.data)
    left_speed_variable                      0x200001dc   Data          12  speed.o(.data)
    left_speed_variable_p                    0x200001e8   Data           4  speed.o(.data)
    right_speed_ctrl                         0x200001ec   Data           8  speed.o(.data)
    right_speed_ctrl_p                       0x200001f4   Data           4  speed.o(.data)
    left_speed_ctrl                          0x200001f8   Data           8  speed.o(.data)
    left_speed_ctrl_p                        0x20000200   Data           4  speed.o(.data)
    r_motor_begin_p                          0x20000204   Data           4  speed.o(.data)
    r_motor_end_p                            0x20000208   Data           4  speed.o(.data)
    l_motor_begin_p                          0x2000020c   Data           4  speed.o(.data)
    l_motor_end_p                            0x20000210   Data           4  speed.o(.data)
    left_speed_handle                        0x20000214   Data          28  speed.o(.data)
    left_speed_handle_p                      0x20000230   Data           4  speed.o(.data)
    right_speed_handle                       0x20000234   Data          28  speed.o(.data)
    right_speed_handle_p                     0x20000250   Data           4  speed.o(.data)
    left_wheel_variable_p                    0x20000258   Data           4  wheel.o(.data)
    right_wheel_variable_p                   0x2000025c   Data           4  wheel.o(.data)
    left_wheel_handle                        0x20000260   Data          40  wheel.o(.data)
    left_wheel_handle_p                      0x20000288   Data           4  wheel.o(.data)
    right_wheel_handle                       0x2000028c   Data          40  wheel.o(.data)
    right_wheel_handle_p                     0x200002b4   Data           4  wheel.o(.data)
    car_variable_p                           0x200002b8   Data           4  car.o(.data)
    car_handle                               0x200002bc   Data          88  car.o(.data)
    car_handle_p                             0x20000314   Data           4  car.o(.data)
    left_pid_variable                        0x20000320   Data          60  pid.o(.data)
    left_pid_variable_p                      0x2000035c   Data           4  pid.o(.data)
    right_pid_variable                       0x20000360   Data          60  pid.o(.data)
    right_pid_variable_p                     0x2000039c   Data           4  pid.o(.data)
    car_walk_distance_pid                    0x200003a0   Data          60  pid.o(.data)
    car_walk_distance_pid_p                  0x200003dc   Data           4  pid.o(.data)
    car_walk_yaw_pid                         0x200003e0   Data          60  pid.o(.data)
    car_walk_yaw_pid_p                       0x2000041c   Data           4  pid.o(.data)
    left_pid_handle                          0x20000420   Data          24  pid.o(.data)
    left_pid_handle_p                        0x20000438   Data           4  pid.o(.data)
    right_pid_handle                         0x2000043c   Data          24  pid.o(.data)
    right_pid_handle_p                       0x20000454   Data           4  pid.o(.data)
    car_pid_handle                           0x20000458   Data          24  pid.o(.data)
    car_pid_handle_p                         0x20000470   Data           4  pid.o(.data)
    gps_data_center_p                        0x20000474   Data           4  data.o(.data)
    imu_data_center_p                        0x20000478   Data           4  data.o(.data)
    car_data_center_p                        0x2000047c   Data           4  data.o(.data)
    Car_time_updata_en                       0x20000480   Data           1  data.o(.data)
    protocol_info_p                          0x20000484   Data           4  protocol.o(.data)
    moving_cmd_p                             0x20000488   Data           4  protocol.o(.data)
    ekf_location_p                           0x2000048c   Data           4  protocol.o(.data)
    answer_cmd                               0x20000490   Data           1  protocol.o(.data)
    answer_cmd_p                             0x20000494   Data           4  protocol.o(.data)
    protocol                                 0x20000498   Data          56  protocol.o(.data)
    protocol_p                               0x200004d0   Data           4  protocol.o(.data)
    moving_cmd_queue_head_p                  0x200004d4   Data           4  uart3_rcv_queue.o(.data)
    queue_handle                             0x200004d8   Data          52  uart3_rcv_queue.o(.data)
    queue_handle_p                           0x2000050c   Data           4  uart3_rcv_queue.o(.data)
    uart_p                                   0x20000510   Data           4  uart.o(.data)
    uart_handle                              0x20000514   Data          36  uart.o(.data)
    uart_handle_p                            0x20000538   Data           4  uart.o(.data)
    upper_package_type                       0x2000053c   Data           1  uppercmd.o(.data)
    upper_package_type_p                     0x20000540   Data           4  uppercmd.o(.data)
    upper_cmd_type                           0x20000544   Data           1  uppercmd.o(.data)
    upper_cmd_type_p                         0x20000548   Data           4  uppercmd.o(.data)
    upper_flag                               0x2000054c   Data           3  uppercmd.o(.data)
    upper_flag_p                             0x20000550   Data           4  uppercmd.o(.data)
    upper_cmd_header                         0x20000554   Data          40  uppercmd.o(.data)
    upper_cmd_header_p                       0x2000057c   Data           4  uppercmd.o(.data)
    __stdout                                 0x20000580   Data           4  stdout.o(.data)
    __microlib_freelist                      0x20000584   Data           4  mvars.o(.data)
    __microlib_freelist_initialised          0x20000588   Data           4  mvars.o(.data)
    hi2c1                                    0x20000590   Data          84  i2c.o(.bss)
    htim1                                    0x200005e4   Data          64  tim.o(.bss)
    htim5                                    0x20000624   Data          64  tim.o(.bss)
    huart1                                   0x20000664   Data          64  usart.o(.bss)
    huart2                                   0x200006a4   Data          64  usart.o(.bss)
    huart3                                   0x200006e4   Data          64  usart.o(.bss)
    hdma_usart1_tx                           0x20000724   Data          68  usart.o(.bss)
    hdma_usart2_rx                           0x20000768   Data          68  usart.o(.bss)
    hdma_usart3_tx                           0x200007ac   Data          68  usart.o(.bss)
    hdma_usart3_rx                           0x200007f0   Data          68  usart.o(.bss)
    htim8                                    0x20000834   Data          64  stm32f1xx_hal_timebase_tim.o(.bss)
    xQueueRegistry                           0x20000874   Data          64  queue.o(.bss)
    calData                                  0x200035b8   Data          22  bno005.o(.bss)
    cal                                      0x200035ce   Data          14  bno005.o(.bss)
    r_motor                                  0x200035dc   Data          60  speed.o(.bss)
    l_motor                                  0x20003618   Data          60  speed.o(.bss)
    left_wheel_variable                      0x20003654   Data          16  wheel.o(.bss)
    right_wheel_variable                     0x20003664   Data          16  wheel.o(.bss)
    car_variable                             0x20003674   Data          76  car.o(.bss)
    gps_data_center                          0x200036c0   Data          72  data.o(.bss)
    imu_data_center                          0x20003708   Data          84  data.o(.bss)
    car_data_center                          0x2000375c   Data          28  data.o(.bss)
    protocol_info                            0x20003778   Data          13  protocol.o(.bss)
    moving_cmd                               0x20003785   Data          12  protocol.o(.bss)
    ekf_location                             0x20003791   Data         102  protocol.o(.bss)
    buf                                      0x200037f7   Data         200  protocol.o(.bss)
    uart                                     0x200038e8   Data         428  uart.o(.bss)
    __heap_base                              0x20003a98   Data           0  startup_stm32f103xe.o(HEAP)
    __heap_limit                             0x20003e98   Data           0  startup_stm32f103xe.o(HEAP)
    __initial_sp                             0x20004698   Data           0  startup_stm32f103xe.o(STACK)



==============================================================================

Memory Map of the image

  Image Entry point : 0x08004131

  Load Region LR_IROM1 (Base: 0x08004000, Size: 0x0000d254, Max: 0x00040000, ABSOLUTE, COMPRESSED[0x0000cfb8])

    Execution Region ER_IROM1 (Base: 0x08004000, Size: 0x0000ccc4, Max: 0x00040000, ABSOLUTE)

    Base Addr    Size         Type   Attr      Idx    E Section Name        Object

    0x08004000   0x00000130   Data   RO            3    RESET               startup_stm32f103xe.o
    0x08004130   0x00000000   Code   RO         7186  * .ARM.Collect$$$$00000000  mc_w.l(entry.o)
    0x08004130   0x00000004   Code   RO         7597    .ARM.Collect$$$$00000001  mc_w.l(entry2.o)
    0x08004134   0x00000004   Code   RO         7600    .ARM.Collect$$$$00000004  mc_w.l(entry5.o)
    0x08004138   0x00000000   Code   RO         7602    .ARM.Collect$$$$00000008  mc_w.l(entry7b.o)
    0x08004138   0x00000000   Code   RO         7604    .ARM.Collect$$$$0000000A  mc_w.l(entry8b.o)
    0x08004138   0x00000008   Code   RO         7605    .ARM.Collect$$$$0000000B  mc_w.l(entry9a.o)
    0x08004140   0x00000000   Code   RO         7607    .ARM.Collect$$$$0000000D  mc_w.l(entry10a.o)
    0x08004140   0x00000000   Code   RO         7609    .ARM.Collect$$$$0000000F  mc_w.l(entry11a.o)
    0x08004140   0x00000004   Code   RO         7598    .ARM.Collect$$$$00002712  mc_w.l(entry2.o)
    0x08004144   0x00000096   Code   RO         4928    .emb_text           port.o
    0x080041da   0x00000002   PAD
    0x080041dc   0x00000024   Code   RO            4    .text               startup_stm32f103xe.o
    0x08004200   0x00000020   Code   RO         7191    .text               mc_w.l(llushr.o)
    0x08004220   0x00000024   Code   RO         7193    .text               mc_w.l(memcpya.o)
    0x08004244   0x00000024   Code   RO         7197    .text               mc_w.l(memseta.o)
    0x08004268   0x00000018   Code   RO         7199    .text               mc_w.l(strcat.o)
    0x08004280   0x00000024   Code   RO         7201    .text               mc_w.l(strstr.o)
    0x080042a4   0x0000000e   Code   RO         7203    .text               mc_w.l(strlen.o)
    0x080042b2   0x0000001c   Code   RO         7205    .text               mc_w.l(strcmp.o)
    0x080042ce   0x0000001c   Code   RO         7209    .text               mc_w.l(strspn.o)
    0x080042ea   0x00000002   PAD
    0x080042ec   0x00000038   Code   RO         7502    .text               mc_w.l(__0sscanf.o)
    0x08004324   0x0000014c   Code   RO         7504    .text               mc_w.l(_scanf_int.o)
    0x08004470   0x000000e0   Code   RO         7506    .text               mc_w.l(_scanf_str.o)
    0x08004550   0x00000338   Code   RO         7508    .text               mc_w.l(scanf_fp.o)
    0x08004888   0x00000064   Code   RO         7514    .text               mf_w.l(fmul.o)
    0x080048ec   0x0000014e   Code   RO         7518    .text               mf_w.l(dadd.o)
    0x08004a3a   0x000000e4   Code   RO         7520    .text               mf_w.l(dmul.o)
    0x08004b1e   0x000000de   Code   RO         7522    .text               mf_w.l(ddiv.o)
    0x08004bfc   0x00000022   Code   RO         7528    .text               mf_w.l(dflti.o)
    0x08004c1e   0x0000001a   Code   RO         7530    .text               mf_w.l(dfltui.o)
    0x08004c38   0x00000032   Code   RO         7532    .text               mf_w.l(ffixi.o)
    0x08004c6a   0x00000028   Code   RO         7534    .text               mf_w.l(ffixui.o)
    0x08004c92   0x00000032   Code   RO         7536    .text               mf_w.l(dfixui.o)
    0x08004cc4   0x00000026   Code   RO         7538    .text               mf_w.l(f2d.o)
    0x08004cea   0x00000038   Code   RO         7540    .text               mf_w.l(d2f.o)
    0x08004d22   0x0000002c   Code   RO         7612    .text               mc_w.l(uidiv.o)
    0x08004d4e   0x00000062   Code   RO         7614    .text               mc_w.l(uldiv.o)
    0x08004db0   0x0000001e   Code   RO         7616    .text               mc_w.l(llshl.o)
    0x08004dce   0x00000024   Code   RO         7618    .text               mc_w.l(llsshr.o)
    0x08004df2   0x0000001c   Code   RO         7629    .text               mc_w.l(_chval.o)
    0x08004e0e   0x00000002   PAD
    0x08004e10   0x00000028   Code   RO         7631    .text               mc_w.l(scanf_char.o)
    0x08004e38   0x00000040   Code   RO         7633    .text               mc_w.l(_sgetc.o)
    0x08004e78   0x00000000   Code   RO         7635    .text               mc_w.l(iusefp.o)
    0x08004e78   0x0000006e   Code   RO         7636    .text               mf_w.l(fepilogue.o)
    0x08004ee6   0x000000ba   Code   RO         7638    .text               mf_w.l(depilogue.o)
    0x08004fa0   0x0000002e   Code   RO         7640    .text               mf_w.l(dscalb.o)
    0x08004fce   0x00000018   Code   RO         7642    .text               mf_w.l(dfltul.o)
    0x08004fe6   0x00000030   Code   RO         7644    .text               mf_w.l(dfixul.o)
    0x08005016   0x00000002   PAD
    0x08005018   0x00000030   Code   RO         7646    .text               mf_w.l(cdrcmple.o)
    0x08005048   0x00000024   Code   RO         7648    .text               mc_w.l(init.o)
    0x0800506c   0x0000000a   Code   RO         7650    .text               mc_w.l(isspace_c.o)
    0x08005076   0x00000002   PAD
    0x08005078   0x0000032c   Code   RO         7652    .text               mc_w.l(_scanf.o)
    0x080053a4   0x0000003e   Code   RO         7656    .text               mf_w.l(dfixi.o)
    0x080053e2   0x00000002   PAD
    0x080053e4   0x00000028   Code   RO         7660    .text               mc_w.l(ctype_c.o)
    0x0800540c   0x00000056   Code   RO         7671    .text               mc_w.l(__dczerorl2.o)
    0x08005462   0x00000032   Code   RO         5855    i.Bno005_Err_Display  bno005.o
    0x08005494   0x000000cc   Code   RO         5856    i.Bno055_Calibrate  bno005.o
    0x08005560   0x000001e4   Code   RO         5857    i.Bno055_Config     bno005.o
    0x08005744   0x00000040   Code   RO         5858    i.Bno055_ConfigCalib  bno005.o
    0x08005784   0x00000094   Code   RO         5859    i.Bno055_Get_Acc_Data  bno005.o
    0x08005818   0x00000094   Code   RO         5860    i.Bno055_Get_Data   bno005.o
    0x080058ac   0x00000094   Code   RO         5861    i.Bno055_Get_Gyo_Data  bno005.o
    0x08005940   0x00000094   Code   RO         5862    i.Bno055_Get_Mag_Data  bno005.o
    0x080059d4   0x0000000c   Code   RO         5863    i.Bno055_Init       bno005.o
    0x080059e0   0x00000004   Code   RO          629    i.BusFault_Handler  stm32f1xx_it.o
    0x080059e4   0x00000070   Code   RO         6502    i.Car_Brake         car.o
    0x08005a54   0x00000020   Code   RO         6503    i.Car_Deinit        car.o
    0x08005a74   0x0000000c   Code   RO         6785    i.Car_Get_Time      data.o
    0x08005a80   0x00000020   Code   RO         6504    i.Car_Init          car.o
    0x08005aa0   0x00000030   Code   RO         6505    i.Car_Remote_Line   car.o
    0x08005ad0   0x000000a0   Code   RO         6506    i.Car_Remote_Turn   car.o
    0x08005b70   0x0000004c   Code   RO         6507    i.Car_Speed_Updata  car.o
    0x08005bbc   0x00000070   Code   RO         6508    i.Car_Stop          car.o
    0x08005c2c   0x00000128   Code   RO         6509    i.Car_Turn          car.o
    0x08005d54   0x00000158   Code   RO         6510    i.Car_Turn_8        car.o
    0x08005eac   0x00000058   Code   RO         6511    i.Car_Turn_8_Updata  car.o
    0x08005f04   0x000000c8   Code   RO         6512    i.Car_Turn_Calculate_Angle_Difference  car.o
    0x08005fcc   0x00000054   Code   RO         6513    i.Car_Turn_Updata   car.o
    0x08006020   0x00000050   Code   RO         6514    i.Car_Variable_Reset  car.o
    0x08006070   0x00000054   Code   RO         6638    i.Car_Walk_Distance_PID  pid.o
    0x080060c4   0x00000010   Code   RO         6639    i.Car_Walk_Distance_Pid_Value_Reset  pid.o
    0x080060d4   0x00000124   Code   RO         6515    i.Car_Walk_Straight_Line  car.o
    0x080061f8   0x00000138   Code   RO         6516    i.Car_Walk_Straight_Line_Calculate_Angle_Difference  car.o
    0x08006330   0x000000bc   Code   RO         6517    i.Car_Walk_Straight_Line_Calculate_Wheel_Speed  car.o
    0x080063ec   0x00000058   Code   RO         6518    i.Car_Walk_Straight_Line_Updata  car.o
    0x08006444   0x000000e8   Code   RO         6640    i.Car_Walk_Yaw_Pid  pid.o
    0x0800652c   0x00000010   Code   RO         6641    i.Car_Walk_Yaw_Pid_Value_Reset  pid.o
    0x0800653c   0x000000b8   Code   RO         5130    i.Cmd_Display       usercmd.o
    0x080065f4   0x00000058   Code   RO         5131    i.Cmd_Power_Off     usercmd.o
    0x0800664c   0x0000006c   Code   RO         5132    i.Cmd_Reboot        usercmd.o
    0x080066b8   0x00000184   Code   RO         5133    i.Cmd_Remote        usercmd.o
    0x0800683c   0x000000b4   Code   RO         5134    i.Cmd_Set_Pid       usercmd.o
    0x080068f0   0x000001c8   Code   RO         5135    i.Cmd_Turn_Test     usercmd.o
    0x08006ab8   0x0000000a   Code   RO         6298    i.Count_Left_Wheel_Walk_Distance  wheel.o
    0x08006ac2   0x0000000a   Code   RO         6299    i.Count_Right_Wheel_Walk_Distance  wheel.o
    0x08006acc   0x000000a8   Code   RO         6300    i.Count_Wheel_Walk_Distance  wheel.o
    0x08006b74   0x00000174   Code   RO         6141    i.Counting_Difference  speed.o
    0x08006ce8   0x00000032   Code   RO         6950    i.Creat_Moving_Cmd_Node  uart3_rcv_queue.o
    0x08006d1a   0x00000002   PAD
    0x08006d1c   0x00000010   Code   RO          630    i.DMA1_Channel2_IRQHandler  stm32f1xx_it.o
    0x08006d2c   0x00000010   Code   RO          631    i.DMA1_Channel3_IRQHandler  stm32f1xx_it.o
    0x08006d3c   0x00000010   Code   RO          632    i.DMA1_Channel4_IRQHandler  stm32f1xx_it.o
    0x08006d4c   0x00000010   Code   RO          633    i.DMA1_Channel6_IRQHandler  stm32f1xx_it.o
    0x08006d5c   0x0000002c   Code   RO         2965    i.DMA_SetConfig     stm32f1xx_hal_dma.o
    0x08006d88   0x00000100   Code   RO         6786    i.Data_Center_Iint  data.o
    0x08006e88   0x00000002   Code   RO          634    i.DebugMon_Handler  stm32f1xx_it.o
    0x08006e8a   0x0000000c   Code   RO          635    i.EXTI15_10_IRQHandler  stm32f1xx_it.o
    0x08006e96   0x0000000a   Code   RO          636    i.EXTI2_IRQHandler  stm32f1xx_it.o
    0x08006ea0   0x00000002   Code   RO           44    i.Error_Handler     main.o
    0x08006ea2   0x00000002   PAD
    0x08006ea4   0x00000010   Code   RO         6951    i.Free_All_Head_Node  uart3_rcv_queue.o
    0x08006eb4   0x00000028   Code   RO         6952    i.Free_Moving_Cmd_List  uart3_rcv_queue.o
    0x08006edc   0x0000000c   Code   RO         6837    i.Get_Base_Time     protocol.o
    0x08006ee8   0x00000010   Code   RO         6838    i.Get_Car_Data      protocol.o
    0x08006ef8   0x00000020   Code   RO         6519    i.Get_Car_Stop_or_Start  car.o
    0x08006f18   0x0000000c   Code   RO         7098    i.Get_Cmd_Type      uppercmd.o
    0x08006f24   0x00000014   Code   RO         6839    i.Get_Efk_ACC_Data  protocol.o
    0x08006f38   0x00000024   Code   RO         6840    i.Get_Efk_GYO_Data  protocol.o
    0x08006f5c   0x00000024   Code   RO         6841    i.Get_Efk_PRY_Data  protocol.o
    0x08006f80   0x0000000c   Code   RO         6842    i.Get_GPS_Time      protocol.o
    0x08006f8c   0x0000001c   Code   RO         7030    i.Get_Gps_Buff_Ptr  uart.o
    0x08006fa8   0x00000044   Code   RO         6843    i.Get_Gps_Data      protocol.o
    0x08006fec   0x0000004c   Code   RO         6844    i.Get_Gps_Mode      protocol.o
    0x08007038   0x0000001c   Code   RO         6845    i.Get_Gps_Station   protocol.o
    0x08007054   0x0000000c   Code   RO         6846    i.Get_Imu_Time      protocol.o
    0x08007060   0x00000034   Code   RO         6847    i.Get_La_And_Lo_Station  protocol.o
    0x08007094   0x00000018   Code   RO         6953    i.Get_Last_Package_Id  uart3_rcv_queue.o
    0x080070ac   0x00000014   Code   RO         5979    i.Get_Left_Motor_Station  motor_driver.o
    0x080070c0   0x0000000a   Code   RO         6301    i.Get_Left_Wheel_Walk_Distance  wheel.o
    0x080070ca   0x0000000e   Code   RO         6142    i.Get_Motor_Cnt     speed.o
    0x080070d8   0x00000092   Code   RO         5980    i.Get_Motor_Station  motor_driver.o
    0x0800716a   0x00000002   PAD
    0x0800716c   0x00000018   Code   RO         6848    i.Get_Moving_Data   protocol.o
    0x08007184   0x00000050   Code   RO         6954    i.Get_Node_From_Moving_List_Head  uart3_rcv_queue.o
    0x080071d4   0x00000010   Code   RO         6849    i.Get_Odo_Time      protocol.o
    0x080071e4   0x0000000c   Code   RO         7099    i.Get_Package_Type  uppercmd.o
    0x080071f0   0x00000034   Code   RO         6955    i.Get_Remote_Cmd    uart3_rcv_queue.o
    0x08007224   0x0000000c   Code   RO         7100    i.Get_Remote_flag   uppercmd.o
    0x08007230   0x0000000c   Code   RO         7101    i.Get_Reply_flag    uppercmd.o
    0x0800723c   0x00000014   Code   RO         5981    i.Get_Right_Motor_Station  motor_driver.o
    0x08007250   0x0000000a   Code   RO         6302    i.Get_Right_Wheel_Walk_Distance  wheel.o
    0x0800725a   0x00000002   PAD
    0x0800725c   0x00000040   Code   RO         6956    i.Get_Track_Tracking_Cmd  uart3_rcv_queue.o
    0x0800729c   0x0000000c   Code   RO         7102    i.Get_Update_Cmd_flag  uppercmd.o
    0x080072a8   0x00000020   Code   RO         6303    i.Get_Wheel_Walk_Distance  wheel.o
    0x080072c8   0x0000001c   Code   RO         6957    i.Get_queue_head_Cmd_Type  uart3_rcv_queue.o
    0x080072e4   0x000000ec   Code   RO         5940    i.Gps_GNRMC_Analyse  gps.o
    0x080073d0   0x0000000c   Code   RO         6787    i.Gps_Get_Time      data.o
    0x080073dc   0x00000056   Code   RO         2966    i.HAL_DMA_Abort     stm32f1xx_hal_dma.o
    0x08007432   0x00000002   PAD
    0x08007434   0x000001a8   Code   RO         2967    i.HAL_DMA_Abort_IT  stm32f1xx_hal_dma.o
    0x080075dc   0x00000398   Code   RO         2971    i.HAL_DMA_IRQHandler  stm32f1xx_hal_dma.o
    0x08007974   0x0000008c   Code   RO         2972    i.HAL_DMA_Init      stm32f1xx_hal_dma.o
    0x08007a00   0x0000009c   Code   RO         2976    i.HAL_DMA_Start_IT  stm32f1xx_hal_dma.o
    0x08007a9c   0x00000028   Code   RO         2589    i.HAL_Delay         stm32f1xx_hal.o
    0x08007ac4   0x00000154   Code   RO         2899    i.HAL_GPIO_DeInit   stm32f1xx_hal_gpio.o
    0x08007c18   0x000000f0   Code   RO         6143    i.HAL_GPIO_EXTI_Callback  speed.o
    0x08007d08   0x0000001c   Code   RO         2901    i.HAL_GPIO_EXTI_IRQHandler  stm32f1xx_hal_gpio.o
    0x08007d24   0x00000340   Code   RO         2902    i.HAL_GPIO_Init     stm32f1xx_hal_gpio.o
    0x08008064   0x0000000c   Code   RO         2906    i.HAL_GPIO_WritePin  stm32f1xx_hal_gpio.o
    0x08008070   0x0000000c   Code   RO         2593    i.HAL_GetTick       stm32f1xx_hal.o
    0x0800807c   0x0000003c   Code   RO          852    i.HAL_I2C_DeInit    stm32f1xx_hal_i2c.o
    0x080080b8   0x000001b8   Code   RO          861    i.HAL_I2C_Init      stm32f1xx_hal_i2c.o
    0x08008270   0x00000310   Code   RO          879    i.HAL_I2C_Mem_Read  stm32f1xx_hal_i2c.o
    0x08008580   0x00000164   Code   RO          882    i.HAL_I2C_Mem_Write  stm32f1xx_hal_i2c.o
    0x080086e4   0x00000030   Code   RO          469    i.HAL_I2C_MspDeInit  i2c.o
    0x08008714   0x00000090   Code   RO          470    i.HAL_I2C_MspInit   i2c.o
    0x080087a4   0x00000018   Code   RO         2599    i.HAL_IncTick       stm32f1xx_hal.o
    0x080087bc   0x00000028   Code   RO         2600    i.HAL_Init          stm32f1xx_hal.o
    0x080087e4   0x00000088   Code   RO          775    i.HAL_InitTick      stm32f1xx_hal_timebase_tim.o
    0x0800886c   0x00000060   Code   RO          751    i.HAL_MspInit       stm32f1xx_hal_msp.o
    0x080088cc   0x00000044   Code   RO         3061    i.HAL_NVIC_DisableIRQ  stm32f1xx_hal_cortex.o
    0x08008910   0x00000020   Code   RO         3062    i.HAL_NVIC_EnableIRQ  stm32f1xx_hal_cortex.o
    0x08008930   0x0000007c   Code   RO         3068    i.HAL_NVIC_SetPriority  stm32f1xx_hal_cortex.o
    0x080089ac   0x00000028   Code   RO         3069    i.HAL_NVIC_SetPriorityGrouping  stm32f1xx_hal_cortex.o
    0x080089d4   0x0000018c   Code   RO         2757    i.HAL_RCC_ClockConfig  stm32f1xx_hal_rcc.o
    0x08008b60   0x00000044   Code   RO         2761    i.HAL_RCC_GetClockConfig  stm32f1xx_hal_rcc.o
    0x08008ba4   0x0000000c   Code   RO         2762    i.HAL_RCC_GetHCLKFreq  stm32f1xx_hal_rcc.o
    0x08008bb0   0x00000020   Code   RO         2764    i.HAL_RCC_GetPCLK1Freq  stm32f1xx_hal_rcc.o
    0x08008bd0   0x00000020   Code   RO         2765    i.HAL_RCC_GetPCLK2Freq  stm32f1xx_hal_rcc.o
    0x08008bf0   0x00000098   Code   RO         2766    i.HAL_RCC_GetSysClockFreq  stm32f1xx_hal_rcc.o
    0x08008c88   0x00000464   Code   RO         2769    i.HAL_RCC_OscConfig  stm32f1xx_hal_rcc.o
    0x080090ec   0x00000002   Code   RO         2000    i.HAL_TIMEx_BreakCallback  stm32f1xx_hal_tim_ex.o
    0x080090ee   0x00000002   Code   RO         2001    i.HAL_TIMEx_CommutCallback  stm32f1xx_hal_tim_ex.o
    0x080090f0   0x00000074   Code   RO         2003    i.HAL_TIMEx_ConfigBreakDeadTime  stm32f1xx_hal_tim_ex.o
    0x08009164   0x00000054   Code   RO         2018    i.HAL_TIMEx_MasterConfigSynchronization  stm32f1xx_hal_tim_ex.o
    0x080091b8   0x00000034   Code   RO         1314    i.HAL_TIM_Base_Init  stm32f1xx_hal_tim.o
    0x080091ec   0x00000058   Code   RO          512    i.HAL_TIM_Base_MspInit  tim.o
    0x08009244   0x0000002a   Code   RO         1317    i.HAL_TIM_Base_Start  stm32f1xx_hal_tim.o
    0x0800926e   0x0000002a   Code   RO         1319    i.HAL_TIM_Base_Start_IT  stm32f1xx_hal_tim.o
    0x08009298   0x00000038   Code   RO         1320    i.HAL_TIM_Base_Stop  stm32f1xx_hal_tim.o
    0x080092d0   0x00000108   Code   RO         1323    i.HAL_TIM_ConfigClockSource  stm32f1xx_hal_tim.o
    0x080093d8   0x00000002   Code   RO         1343    i.HAL_TIM_IC_CaptureCallback  stm32f1xx_hal_tim.o
    0x080093da   0x00000196   Code   RO         1357    i.HAL_TIM_IRQHandler  stm32f1xx_hal_tim.o
    0x08009570   0x00000074   Code   RO          513    i.HAL_TIM_MspPostInit  tim.o
    0x080095e4   0x00000002   Code   RO         1360    i.HAL_TIM_OC_DelayElapsedCallback  stm32f1xx_hal_tim.o
    0x080095e6   0x00000108   Code   RO         1381    i.HAL_TIM_PWM_ConfigChannel  stm32f1xx_hal_tim.o
    0x080096ee   0x00000034   Code   RO         1384    i.HAL_TIM_PWM_Init  stm32f1xx_hal_tim.o
    0x08009722   0x00000002   Code   RO         1386    i.HAL_TIM_PWM_MspInit  stm32f1xx_hal_tim.o
    0x08009724   0x00000002   Code   RO         1387    i.HAL_TIM_PWM_PulseFinishedCallback  stm32f1xx_hal_tim.o
    0x08009726   0x00000002   PAD
    0x08009728   0x00000058   Code   RO         1389    i.HAL_TIM_PWM_Start  stm32f1xx_hal_tim.o
    0x08009780   0x00000088   Code   RO         1392    i.HAL_TIM_PWM_Stop  stm32f1xx_hal_tim.o
    0x08009808   0x00000018   Code   RO           45    i.HAL_TIM_PeriodElapsedCallback  main.o
    0x08009820   0x00000002   Code   RO         1400    i.HAL_TIM_TriggerCallback  stm32f1xx_hal_tim.o
    0x08009822   0x00000066   Code   RO         2270    i.HAL_UART_DMAStop  stm32f1xx_hal_uart.o
    0x08009888   0x00000002   Code   RO         2272    i.HAL_UART_ErrorCallback  stm32f1xx_hal_uart.o
    0x0800988a   0x00000002   PAD
    0x0800988c   0x0000014c   Code   RO         2275    i.HAL_UART_IRQHandler  stm32f1xx_hal_uart.o
    0x080099d8   0x00000072   Code   RO         2276    i.HAL_UART_Init     stm32f1xx_hal_uart.o
    0x08009a4a   0x00000002   PAD
    0x08009a4c   0x0000029c   Code   RO          566    i.HAL_UART_MspInit  usart.o
    0x08009ce8   0x000000c4   Code   RO         2280    i.HAL_UART_Receive_DMA  stm32f1xx_hal_uart.o
    0x08009dac   0x00000070   Code   RO         2281    i.HAL_UART_Receive_IT  stm32f1xx_hal_uart.o
    0x08009e1c   0x00000050   Code   RO         5008    i.HAL_UART_RxCpltCallback  shell.o
    0x08009e6c   0x00000002   Code   RO         2283    i.HAL_UART_RxHalfCpltCallback  stm32f1xx_hal_uart.o
    0x08009e6e   0x000000d6   Code   RO         2284    i.HAL_UART_Transmit  stm32f1xx_hal_uart.o
    0x08009f44   0x0000009c   Code   RO         2285    i.HAL_UART_Transmit_DMA  stm32f1xx_hal_uart.o
    0x08009fe0   0x00000002   Code   RO         2287    i.HAL_UART_TxCpltCallback  stm32f1xx_hal_uart.o
    0x08009fe2   0x00000002   Code   RO         2288    i.HAL_UART_TxHalfCpltCallback  stm32f1xx_hal_uart.o
    0x08009fe4   0x00000004   Code   RO          637    i.HardFault_Handler  stm32f1xx_it.o
    0x08009fe8   0x0000003e   Code   RO          904    i.I2C_IsAcknowledgeFailed  stm32f1xx_hal_i2c.o
    0x0800a026   0x00000002   PAD
    0x0800a028   0x00000138   Code   RO          914    i.I2C_RequestMemoryRead  stm32f1xx_hal_i2c.o
    0x0800a160   0x000000cc   Code   RO          915    i.I2C_RequestMemoryWrite  stm32f1xx_hal_i2c.o
    0x0800a22c   0x0000005c   Code   RO          923    i.I2C_WaitOnBTFFlagUntilTimeout  stm32f1xx_hal_i2c.o
    0x0800a288   0x00000086   Code   RO          924    i.I2C_WaitOnFlagUntilTimeout  stm32f1xx_hal_i2c.o
    0x0800a30e   0x000000c4   Code   RO          925    i.I2C_WaitOnMasterAddressFlagUntilTimeout  stm32f1xx_hal_i2c.o
    0x0800a3d2   0x00000080   Code   RO          926    i.I2C_WaitOnRXNEFlagUntilTimeout  stm32f1xx_hal_i2c.o
    0x0800a452   0x0000005c   Code   RO          928    i.I2C_WaitOnTXEFlagUntilTimeout  stm32f1xx_hal_i2c.o
    0x0800a4ae   0x00000002   PAD
    0x0800a4b0   0x0000000c   Code   RO         6788    i.Imu_Get_Time      data.o
    0x0800a4bc   0x00000018   Code   RO         6958    i.Insert_To_Moving_Cmd_List  uart3_rcv_queue.o
    0x0800a4d4   0x00000018   Code   RO         5982    i.Left_Motor_Brake  motor_driver.o
    0x0800a4ec   0x00000010   Code   RO         6144    i.Left_Motor_Counting_Difference  speed.o
    0x0800a4fc   0x00000018   Code   RO         5983    i.Left_Motor_Deinit  motor_driver.o
    0x0800a514   0x00000010   Code   RO         6145    i.Left_Motor_Get_Motor_Cnt  speed.o
    0x0800a524   0x00000018   Code   RO         5984    i.Left_Motor_Init   motor_driver.o
    0x0800a53c   0x00000010   Code   RO         6146    i.Left_Motor_Motor_Cnt_Reset  speed.o
    0x0800a54c   0x00000010   Code   RO         6147    i.Left_Motor_Read_Speed  speed.o
    0x0800a55c   0x00000018   Code   RO         6148    i.Left_Motor_Refresh_Speed  speed.o
    0x0800a574   0x00000010   Code   RO         6149    i.Left_Motor_Speed_Deinit  speed.o
    0x0800a584   0x00000010   Code   RO         6150    i.Left_Motor_Speed_Init  speed.o
    0x0800a594   0x0000001c   Code   RO         5985    i.Left_Motor_Start  motor_driver.o
    0x0800a5b0   0x00000018   Code   RO         5986    i.Left_Motor_Stop   motor_driver.o
    0x0800a5c8   0x0000000a   Code   RO         6304    i.Left_Wheel_Brake  wheel.o
    0x0800a5d2   0x0000000a   Code   RO         6305    i.Left_Wheel_Deinit  wheel.o
    0x0800a5dc   0x0000000a   Code   RO         6306    i.Left_Wheel_Iint   wheel.o
    0x0800a5e6   0x00000002   PAD
    0x0800a5e8   0x00000014   Code   RO         6642    i.Left_Wheel_Integral_Separation_Pid  pid.o
    0x0800a5fc   0x00000010   Code   RO         6643    i.Left_Wheel_Pwm_Value_Reset  pid.o
    0x0800a60c   0x00000010   Code   RO         6307    i.Left_Wheel_Read_Speed  wheel.o
    0x0800a61c   0x0000000a   Code   RO         6308    i.Left_Wheel_Speed_Updata  wheel.o
    0x0800a626   0x0000000a   Code   RO         6309    i.Left_Wheel_Stop   wheel.o
    0x0800a630   0x0000000a   Code   RO         6310    i.Left_Wheel_Walk_Distance_Reset  wheel.o
    0x0800a63a   0x0000000e   Code   RO         6311    i.Left_Wheel_start  wheel.o
    0x0800a648   0x00000014   Code   RO         6959    i.List_Is_Null      uart3_rcv_queue.o
    0x0800a65c   0x00000064   Code   RO          303    i.MX_DMA_Init       dma.o
    0x0800a6c0   0x0000014c   Code   RO          327    i.MX_FREERTOS_Init  freertos.o
    0x0800a80c   0x000001a4   Code   RO          279    i.MX_GPIO_Init      gpio.o
    0x0800a9b0   0x0000003c   Code   RO          471    i.MX_I2C1_Init      i2c.o
    0x0800a9ec   0x000000e8   Code   RO          514    i.MX_TIM1_Init      tim.o
    0x0800aad4   0x0000006c   Code   RO          515    i.MX_TIM5_Init      tim.o
    0x0800ab40   0x00000038   Code   RO          567    i.MX_USART1_UART_Init  usart.o
    0x0800ab78   0x00000038   Code   RO          568    i.MX_USART2_UART_Init  usart.o
    0x0800abb0   0x00000038   Code   RO          569    i.MX_USART3_UART_Init  usart.o
    0x0800abe8   0x00000004   Code   RO          638    i.MemManage_Handler  stm32f1xx_it.o
    0x0800abec   0x0000001e   Code   RO         5987    i.Motor_Brake       motor_driver.o
    0x0800ac0a   0x00000014   Code   RO         5988    i.Motor_Brake_Enable  motor_driver.o
    0x0800ac1e   0x0000000a   Code   RO         6151    i.Motor_Cnt_Reset   speed.o
    0x0800ac28   0x00000016   Code   RO         5989    i.Motor_Deinit      motor_driver.o
    0x0800ac3e   0x00000014   Code   RO         5990    i.Motor_Driver_Output_Enable  motor_driver.o
    0x0800ac52   0x00000046   Code   RO         5991    i.Motor_Driver_Work_Mode  motor_driver.o
    0x0800ac98   0x00000014   Code   RO         5992    i.Motor_Fwd_Rev_Select  motor_driver.o
    0x0800acac   0x00000030   Code   RO         5993    i.Motor_Init        motor_driver.o
    0x0800acdc   0x0000003a   Code   RO         5994    i.Motor_Speed_Pwm_Duty_Cycle_Set  motor_driver.o
    0x0800ad16   0x00000058   Code   RO         5995    i.Motor_Start       motor_driver.o
    0x0800ad6e   0x0000001e   Code   RO         5996    i.Motor_Stop        motor_driver.o
    0x0800ad8c   0x00000002   Code   RO          639    i.NMI_Handler       stm32f1xx_it.o
    0x0800ad8e   0x00000016   Code   RO         6644    i.Pwm_Value_Reset   pid.o
    0x0800ada4   0x00000040   Code   RO         6960    i.Queue_init        uart3_rcv_queue.o
    0x0800ade4   0x00000028   Code   RO         2770    i.RCC_Delay         stm32f1xx_hal_rcc.o
    0x0800ae0c   0x00000010   Code   RO         5864    i.Read_Bno055_Yaw   bno005.o
    0x0800ae1c   0x00000014   Code   RO         6520    i.Read_Car_Distance  car.o
    0x0800ae30   0x0000000c   Code   RO         6521    i.Read_Car_Start_Stop  car.o
    0x0800ae3c   0x00000010   Code   RO         6645    i.Read_Left_Wheel_Pwm  pid.o
    0x0800ae4c   0x00000006   Code   RO         6646    i.Read_Pwm          pid.o
    0x0800ae52   0x00000002   PAD
    0x0800ae54   0x00000010   Code   RO         6647    i.Read_Right_Wheel_Pwm  pid.o
    0x0800ae64   0x00000008   Code   RO         6152    i.Read_Speed        speed.o
    0x0800ae6c   0x0000003c   Code   RO         6312    i.Read_Speed        wheel.o
    0x0800aea8   0x0000000c   Code   RO         6522    i.Read_Speed        car.o
    0x0800aeb4   0x00000074   Code   RO         7031    i.Read_Uart3_Idle   uart.o
    0x0800af28   0x00000074   Code   RO         7032    i.Read_Uart_Idle    uart.o
    0x0800af9c   0x000001c8   Code   RO         6153    i.Refresh_Speed     speed.o
    0x0800b164   0x0000002c   Code   RO         7033    i.Restart_Uart_Receive_Dma  uart.o
    0x0800b190   0x00000018   Code   RO         5997    i.Right_Motor_Brake  motor_driver.o
    0x0800b1a8   0x00000010   Code   RO         6154    i.Right_Motor_Counting_Difference  speed.o
    0x0800b1b8   0x00000018   Code   RO         5998    i.Right_Motor_Deinit  motor_driver.o
    0x0800b1d0   0x00000010   Code   RO         6155    i.Right_Motor_Get_Motor_Cnt  speed.o
    0x0800b1e0   0x00000018   Code   RO         5999    i.Right_Motor_Init  motor_driver.o
    0x0800b1f8   0x00000010   Code   RO         6156    i.Right_Motor_Motor_Cnt_Reset  speed.o
    0x0800b208   0x00000010   Code   RO         6157    i.Right_Motor_Read_Speed  speed.o
    0x0800b218   0x00000018   Code   RO         6158    i.Right_Motor_Refresh_Speed  speed.o
    0x0800b230   0x00000010   Code   RO         6159    i.Right_Motor_Speed_Deinit  speed.o
    0x0800b240   0x00000010   Code   RO         6160    i.Right_Motor_Speed_Init  speed.o
    0x0800b250   0x0000001c   Code   RO         6000    i.Right_Motor_Start  motor_driver.o
    0x0800b26c   0x00000018   Code   RO         6001    i.Right_Motor_Stop  motor_driver.o
    0x0800b284   0x0000000a   Code   RO         6313    i.Right_Wheel_Brake  wheel.o
    0x0800b28e   0x0000000a   Code   RO         6314    i.Right_Wheel_Deinit  wheel.o
    0x0800b298   0x0000000a   Code   RO         6315    i.Right_Wheel_Iint  wheel.o
    0x0800b2a2   0x00000002   PAD
    0x0800b2a4   0x00000014   Code   RO         6648    i.Right_Wheel_Integral_Separation_Pid  pid.o
    0x0800b2b8   0x00000010   Code   RO         6649    i.Right_Wheel_Pwm_Value_Reset  pid.o
    0x0800b2c8   0x00000010   Code   RO         6316    i.Right_Wheel_Read_Speed  wheel.o
    0x0800b2d8   0x0000000a   Code   RO         6317    i.Right_Wheel_Speed_Updata  wheel.o
    0x0800b2e2   0x0000000a   Code   RO         6318    i.Right_Wheel_Stop  wheel.o
    0x0800b2ec   0x0000000a   Code   RO         6319    i.Right_Wheel_Walk_Distance_Reset  wheel.o
    0x0800b2f6   0x0000000e   Code   RO         6320    i.Right_Wheel_start  wheel.o
    0x0800b304   0x000000d4   Code   RO         6850    i.Send              protocol.o
    0x0800b3d8   0x0000001c   Code   RO         6650    i.Set_Car_Walk_Distance_Pid_Value  pid.o
    0x0800b3f4   0x0000001c   Code   RO         6651    i.Set_Car_Walk_Yaw_Pid_Value  pid.o
    0x0800b410   0x0000000c   Code   RO         7103    i.Set_Cmd_Type      uppercmd.o
    0x0800b41c   0x00000010   Code   RO         6851    i.Set_Gps_Latitude  protocol.o
    0x0800b42c   0x00000010   Code   RO         6852    i.Set_Gps_Location_Mode  protocol.o
    0x0800b43c   0x00000010   Code   RO         6853    i.Set_Gps_Location_State  protocol.o
    0x0800b44c   0x00000010   Code   RO         6854    i.Set_Gps_Longitude  protocol.o
    0x0800b45c   0x00000018   Code   RO         6652    i.Set_Left_Wheel_Pid_Speed  pid.o
    0x0800b474   0x0000001c   Code   RO         6653    i.Set_Left_Wheel_Pid_Value  pid.o
    0x0800b490   0x0000000c   Code   RO         7104    i.Set_Package_Type  uppercmd.o
    0x0800b49c   0x0000000e   Code   RO         6654    i.Set_Pid_Value     pid.o
    0x0800b4aa   0x00000002   PAD
    0x0800b4ac   0x0000000c   Code   RO         7105    i.Set_Remote_flag   uppercmd.o
    0x0800b4b8   0x0000000c   Code   RO         7106    i.Set_Reply_Flag    uppercmd.o
    0x0800b4c4   0x00000018   Code   RO         6655    i.Set_Right_Wheel_Pid_Speed  pid.o
    0x0800b4dc   0x0000001c   Code   RO         6656    i.Set_Right_Wheel_Pid_Value  pid.o
    0x0800b4f8   0x0000000c   Code   RO         7107    i.Set_Update_Cmd_Flag  uppercmd.o
    0x0800b504   0x00000008   Code   RO         6657    i.Set_Wheel_Pid_Speed  pid.o
    0x0800b50c   0x000003a8   Code   RO         5009    i.Shell_Analyse_Command  shell.o
    0x0800b8b4   0x00000006   Code   RO         5010    i.Shell_Deinit      shell.o
    0x0800b8ba   0x00000006   Code   RO         5011    i.Shell_Init        shell.o
    0x0800b8c0   0x00000010   Code   RO         5012    i.Shell_Output      shell.o
    0x0800b8d0   0x00000158   Code   RO         5013    i.Shell_Rcv         shell.o
    0x0800ba28   0x00000052   Code   RO         5014    i.Shell_Reg_Cmd     shell.o
    0x0800ba7a   0x00000002   PAD
    0x0800ba7c   0x00000018   Code   RO         5015    i.Shell_Send        shell.o
    0x0800ba94   0x0000000a   Code   RO         5016    i.Shell_Set_Type    shell.o
    0x0800ba9e   0x00000002   PAD
    0x0800baa0   0x00000048   Code   RO         6523    i.Slow_Down_And_Stop  car.o
    0x0800bae8   0x00000024   Code   RO         6161    i.Speed_Deinit      speed.o
    0x0800bb0c   0x0000001e   Code   RO         6162    i.Speed_Init        speed.o
    0x0800bb2a   0x00000002   PAD
    0x0800bb2c   0x00000048   Code   RO          328    i.Start_Analyse_Gps_Task  freertos.o
    0x0800bb74   0x000002e4   Code   RO          329    i.Start_Data_Updata_Task  freertos.o
    0x0800be58   0x000001e4   Code   RO          330    i.Start_Moving_Control_Task  freertos.o
    0x0800c03c   0x00000034   Code   RO          331    i.Start_Power_Task  freertos.o
    0x0800c070   0x00000028   Code   RO          332    i.Start_Shell_Task  freertos.o
    0x0800c098   0x00000028   Code   RO          333    i.Start_UART3_RCV_Task  freertos.o
    0x0800c0c0   0x00000034   Code   RO         4929    i.SysTick_Handler   port.o
    0x0800c0f4   0x00000064   Code   RO           46    i.SystemClock_Config  main.o
    0x0800c158   0x0000005c   Code   RO         3589    i.SystemInit        system_stm32f1xx.o
    0x0800c1b4   0x00000010   Code   RO          640    i.TIM8_UP_IRQHandler  stm32f1xx_it.o
    0x0800c1c4   0x0000009c   Code   RO         1402    i.TIM_Base_SetConfig  stm32f1xx_hal_tim.o
    0x0800c260   0x00000022   Code   RO         1403    i.TIM_CCxChannelCmd  stm32f1xx_hal_tim.o
    0x0800c282   0x00000016   Code   RO         1413    i.TIM_ETR_SetConfig  stm32f1xx_hal_tim.o
    0x0800c298   0x00000012   Code   RO         1414    i.TIM_ITRx_SetConfig  stm32f1xx_hal_tim.o
    0x0800c2aa   0x00000002   PAD
    0x0800c2ac   0x00000070   Code   RO         1415    i.TIM_OC1_SetConfig  stm32f1xx_hal_tim.o
    0x0800c31c   0x0000007c   Code   RO         1416    i.TIM_OC2_SetConfig  stm32f1xx_hal_tim.o
    0x0800c398   0x00000078   Code   RO         1417    i.TIM_OC3_SetConfig  stm32f1xx_hal_tim.o
    0x0800c410   0x00000054   Code   RO         1418    i.TIM_OC4_SetConfig  stm32f1xx_hal_tim.o
    0x0800c464   0x00000026   Code   RO         1420    i.TIM_TI1_ConfigInputStage  stm32f1xx_hal_tim.o
    0x0800c48a   0x00000028   Code   RO         1422    i.TIM_TI2_ConfigInputStage  stm32f1xx_hal_tim.o
    0x0800c4b2   0x00000002   PAD
    0x0800c4b4   0x00000014   Code   RO          334    i.Timer_100ms_Callback  freertos.o
    0x0800c4c8   0x00000014   Code   RO          335    i.Timer_10ms_Callback  freertos.o
    0x0800c4dc   0x00000014   Code   RO         2289    i.UART_DMAAbortOnError  stm32f1xx_hal_uart.o
    0x0800c4f0   0x00000050   Code   RO         2290    i.UART_DMAError     stm32f1xx_hal_uart.o
    0x0800c540   0x00000046   Code   RO         2291    i.UART_DMAReceiveCplt  stm32f1xx_hal_uart.o
    0x0800c586   0x0000000e   Code   RO         2293    i.UART_DMARxHalfCplt  stm32f1xx_hal_uart.o
    0x0800c594   0x00000036   Code   RO         2295    i.UART_DMATransmitCplt  stm32f1xx_hal_uart.o
    0x0800c5ca   0x0000000e   Code   RO         2297    i.UART_DMATxHalfCplt  stm32f1xx_hal_uart.o
    0x0800c5d8   0x00000020   Code   RO         2299    i.UART_EndRxTransfer  stm32f1xx_hal_uart.o
    0x0800c5f8   0x00000020   Code   RO         2300    i.UART_EndTransmit_IT  stm32f1xx_hal_uart.o
    0x0800c618   0x00000014   Code   RO         2301    i.UART_EndTxTransfer  stm32f1xx_hal_uart.o
    0x0800c62c   0x000000a6   Code   RO         2302    i.UART_Receive_IT   stm32f1xx_hal_uart.o
    0x0800c6d2   0x00000002   PAD
    0x0800c6d4   0x000001a0   Code   RO         2303    i.UART_SetConfig    stm32f1xx_hal_uart.o
    0x0800c874   0x00000068   Code   RO         2304    i.UART_Transmit_IT  stm32f1xx_hal_uart.o
    0x0800c8dc   0x0000006c   Code   RO         2305    i.UART_WaitOnFlagUntilTimeout  stm32f1xx_hal_uart.o
    0x0800c948   0x00000010   Code   RO          641    i.USART1_IRQHandler  stm32f1xx_it.o
    0x0800c958   0x0000001c   Code   RO          642    i.USART2_IRQHandler  stm32f1xx_it.o
    0x0800c974   0x0000001c   Code   RO          643    i.USART3_IRQHandler  stm32f1xx_it.o
    0x0800c990   0x00000028   Code   RO         7034    i.Uart3_Init        uart.o
    0x0800c9b8   0x0000022c   Code   RO         7035    i.Uart3_Rcv_Date    uart.o
    0x0800cbe4   0x00000028   Code   RO         7036    i.Uart_Init         uart.o
    0x0800cc0c   0x00000054   Code   RO         7037    i.Uart_Rcv_Gps      uart.o
    0x0800cc60   0x00000058   Code   RO         7038    i.Uart_Send_Test    uart.o
    0x0800ccb8   0x00000048   Code   RO         6961    i.Update_Remote_Cmd  uart3_rcv_queue.o
    0x0800cd00   0x00000048   Code   RO         6962    i.Update_Track_Tracking_Cmd  uart3_rcv_queue.o
    0x0800cd48   0x00000004   Code   RO          644    i.UsageFault_Handler  stm32f1xx_it.o
    0x0800cd4c   0x00000010   Code   RO         5017    i.Usart_Shell_Deinit  shell.o
    0x0800cd5c   0x000000f8   Code   RO         5018    i.Usart_Shell_Init  shell.o
    0x0800ce54   0x00000010   Code   RO         5019    i.Usart_Shell_Output  shell.o
    0x0800ce64   0x00000014   Code   RO         5020    i.Usart_Shell_Rcv   shell.o
    0x0800ce78   0x0000001c   Code   RO         5021    i.Usart_Shell_Reg_Cmd  shell.o
    0x0800ce94   0x00000014   Code   RO         5022    i.Usart_Shell_Set_Type  shell.o
    0x0800cea8   0x00000040   Code   RO         6321    i.Wheel_Brake       wheel.o
    0x0800cee8   0x00000040   Code   RO         6322    i.Wheel_Deinit      wheel.o
    0x0800cf28   0x00000040   Code   RO         6323    i.Wheel_Iint        wheel.o
    0x0800cf68   0x0000012c   Code   RO         6658    i.Wheel_Integral_Separation_Pid  pid.o
    0x0800d094   0x00000094   Code   RO         6324    i.Wheel_Speed_Updata  wheel.o
    0x0800d128   0x00000040   Code   RO         6325    i.Wheel_Stop        wheel.o
    0x0800d168   0x00000028   Code   RO         6326    i.Wheel_Walk_Distance_Reset  wheel.o
    0x0800d190   0x0000002c   Code   RO         6327    i.Wheel_start       wheel.o
    0x0800d1bc   0x00000020   Code   RO         7446    i.__0printf         mc_w.l(printfa.o)
    0x0800d1dc   0x00000028   Code   RO         7448    i.__0sprintf        mc_w.l(printfa.o)
    0x0800d204   0x00000028   Code   RO         7573    i.__ARM_fpclassify  m_ws.l(fpclassify.o)
    0x0800d22c   0x00000010   Code   RO         3075    i.__NVIC_GetPriorityGrouping  stm32f1xx_hal_cortex.o
    0x0800d23c   0x00000028   Code   RO         3076    i.__NVIC_SetPriority  stm32f1xx_hal_cortex.o
    0x0800d264   0x00000388   Code   RO         7578    i.__ieee754_rem_pio2  m_ws.l(rred.o)
    0x0800d5ec   0x000000fc   Code   RO         7556    i.__kernel_cos      m_ws.l(cos_i.o)
    0x0800d6e8   0x000000aa   Code   RO         7575    i.__kernel_poly     m_ws.l(poly.o)
    0x0800d792   0x00000002   PAD
    0x0800d794   0x000000ec   Code   RO         7583    i.__kernel_sin      m_ws.l(sin_i.o)
    0x0800d880   0x00000006   Code   RO         7560    i.__mathlib_dbl_infnan  m_ws.l(dunder.o)
    0x0800d886   0x0000000c   Code   RO         7562    i.__mathlib_dbl_invalid  m_ws.l(dunder.o)
    0x0800d892   0x00000002   PAD
    0x0800d894   0x00000010   Code   RO         7565    i.__mathlib_dbl_underflow  m_ws.l(dunder.o)
    0x0800d8a4   0x0000000e   Code   RO         7665    i.__scatterload_copy  mc_w.l(handlers.o)
    0x0800d8b2   0x00000002   Code   RO         7666    i.__scatterload_null  mc_w.l(handlers.o)
    0x0800d8b4   0x0000000e   Code   RO         7667    i.__scatterload_zeroinit  mc_w.l(handlers.o)
    0x0800d8c2   0x00000002   PAD
    0x0800d8c4   0x0000000c   Code   RO         7624    i.__set_errno       mc_w.l(errno.o)
    0x0800d8d0   0x00000164   Code   RO         7453    i._fp_digits        mc_w.l(printfa.o)
    0x0800da34   0x0000000e   Code   RO         7510    i._is_digit         mc_w.l(scanf_fp.o)
    0x0800da42   0x00000002   PAD
    0x0800da44   0x000006dc   Code   RO         7454    i._printf_core      mc_w.l(printfa.o)
    0x0800e120   0x00000024   Code   RO         7455    i._printf_post_padding  mc_w.l(printfa.o)
    0x0800e144   0x0000002e   Code   RO         7456    i._printf_pre_padding  mc_w.l(printfa.o)
    0x0800e172   0x0000000a   Code   RO         7458    i._sputc            mc_w.l(printfa.o)
    0x0800e17c   0x00000002   Code   RO          336    i.configureTimerForRunTimeStats  freertos.o
    0x0800e17e   0x00000002   PAD
    0x0800e180   0x0000009c   Code   RO         7179    i.cos               m_ws.l(cos.o)
    0x0800e21c   0x00000038   Code   RO         6822    i.crc8_chk_value    crc.o
    0x0800e254   0x00000018   Code   RO          570    i.fputc             usart.o
    0x0800e26c   0x00000050   Code   RO         7474    i.free              mc_w.l(malloc.o)
    0x0800e2bc   0x00000004   Code   RO          337    i.getRunTimeCounterValue  freertos.o
    0x0800e2c0   0x00000010   Code   RO         4510    i.inHandlerMode     cmsis_os.o
    0x0800e2d0   0x000000b0   Code   RO           47    i.main              main.o
    0x0800e380   0x0000000e   Code   RO         4512    i.makeFreeRtosPriority  cmsis_os.o
    0x0800e38e   0x00000002   PAD
    0x0800e390   0x0000006c   Code   RO         7475    i.malloc            mc_w.l(malloc.o)
    0x0800e3fc   0x00000018   Code   RO         4514    i.osDelay           cmsis_os.o
    0x0800e414   0x0000000a   Code   RO         4517    i.osKernelStart     cmsis_os.o
    0x0800e41e   0x0000002c   Code   RO         4543    i.osSemaphoreCreate  cmsis_os.o
    0x0800e44a   0x00000002   PAD
    0x0800e44c   0x00000050   Code   RO         4546    i.osSemaphoreRelease  cmsis_os.o
    0x0800e49c   0x00000068   Code   RO         4547    i.osSemaphoreWait   cmsis_os.o
    0x0800e504   0x00000030   Code   RO         4551    i.osThreadCreate    cmsis_os.o
    0x0800e534   0x00000028   Code   RO         4562    i.osTimerCreate     cmsis_os.o
    0x0800e55c   0x00000068   Code   RO         4564    i.osTimerStart      cmsis_os.o
    0x0800e5c4   0x00000098   Code   RO         4073    i.prvAddCurrentTaskToDelayedList  tasks.o
    0x0800e65c   0x000000b4   Code   RO         4074    i.prvAddNewTaskToReadyList  tasks.o
    0x0800e710   0x00000064   Code   RO         4377    i.prvCheckForValidListAndQueue  timers.o
    0x0800e774   0x00000048   Code   RO         4075    i.prvCheckTasksWaitingTermination  tasks.o
    0x0800e7bc   0x0000002a   Code   RO         3760    i.prvCopyDataFromQueue  queue.o
    0x0800e7e6   0x0000007c   Code   RO         3761    i.prvCopyDataToQueue  queue.o
    0x0800e862   0x00000012   Code   RO         4076    i.prvDeleteTCB      tasks.o
    0x0800e874   0x00000014   Code   RO         3762    i.prvGetDisinheritPriorityAfterTimeout  queue.o
    0x0800e888   0x00000028   Code   RO         4378    i.prvGetNextExpireTime  timers.o
    0x0800e8b0   0x0000007c   Code   RO         4879    i.prvHeapInit       heap_4.o
    0x0800e92c   0x00000028   Code   RO         4077    i.prvIdleTask       tasks.o
    0x0800e954   0x00000026   Code   RO         3764    i.prvInitialiseNewQueue  queue.o
    0x0800e97a   0x000000ac   Code   RO         4078    i.prvInitialiseNewTask  tasks.o
    0x0800ea26   0x0000004e   Code   RO         4379    i.prvInitialiseNewTimer  timers.o
    0x0800ea74   0x00000068   Code   RO         4079    i.prvInitialiseTaskLists  tasks.o
    0x0800eadc   0x00000068   Code   RO         4880    i.prvInsertBlockIntoFreeList  heap_4.o
    0x0800eb44   0x00000058   Code   RO         4380    i.prvInsertTimerInActiveList  timers.o
    0x0800eb9c   0x0000001a   Code   RO         3765    i.prvIsQueueEmpty   queue.o
    0x0800ebb6   0x0000001e   Code   RO         3766    i.prvIsQueueFull    queue.o
    0x0800ebd4   0x00000064   Code   RO         4381    i.prvProcessExpiredTimer  timers.o
    0x0800ec38   0x000000f4   Code   RO         4382    i.prvProcessReceivedCommands  timers.o
    0x0800ed2c   0x00000074   Code   RO         4383    i.prvProcessTimerOrBlockTask  timers.o
    0x0800eda0   0x00000034   Code   RO         4080    i.prvResetNextTaskUnblockTime  tasks.o
    0x0800edd4   0x0000002c   Code   RO         4384    i.prvSampleTimeNow  timers.o
    0x0800ee00   0x000000a0   Code   RO         4385    i.prvSwitchTimerLists  timers.o
    0x0800eea0   0x00000040   Code   RO         4930    i.prvTaskExitError  port.o
    0x0800eee0   0x0000001a   Code   RO         4386    i.prvTimerTask      timers.o
    0x0800eefa   0x0000007e   Code   RO         3767    i.prvUnlockQueue    queue.o
    0x0800ef78   0x0000013c   Code   RO         4881    i.pvPortMalloc      heap_4.o
    0x0800f0b4   0x00000020   Code   RO         4082    i.pvTaskIncrementMutexHeldCount  tasks.o
    0x0800f0d4   0x00000024   Code   RO         4931    i.pxPortInitialiseStack  port.o
    0x0800f0f8   0x00000028   Code   RO         3720    i.uxListRemove      list.o
    0x0800f120   0x0000001a   Code   RO         3721    i.vListInitialise   list.o
    0x0800f13a   0x00000006   Code   RO         3722    i.vListInitialiseItem  list.o
    0x0800f140   0x00000034   Code   RO         3723    i.vListInsert       list.o
    0x0800f174   0x00000018   Code   RO         3724    i.vListInsertEnd    list.o
    0x0800f18c   0x00000054   Code   RO         4933    i.vPortEnterCritical  port.o
    0x0800f1e0   0x0000003c   Code   RO         4934    i.vPortExitCritical  port.o
    0x0800f21c   0x00000094   Code   RO         4882    i.vPortFree         heap_4.o
    0x0800f2b0   0x00000028   Code   RO         4935    i.vPortSetupTimerInterrupt  port.o
    0x0800f2d8   0x00000078   Code   RO         4936    i.vPortValidateInterruptPriority  port.o
    0x0800f350   0x0000002c   Code   RO         3771    i.vQueueAddToRegistry  queue.o
    0x0800f37c   0x0000004a   Code   RO         3774    i.vQueueWaitForMessageRestricted  queue.o
    0x0800f3c6   0x00000002   PAD
    0x0800f3c8   0x0000005c   Code   RO         4088    i.vTaskDelay        tasks.o
    0x0800f424   0x00000018   Code   RO         4091    i.vTaskInternalSetTimeOutState  tasks.o
    0x0800f43c   0x0000000c   Code   RO         4092    i.vTaskMissedYield  tasks.o
    0x0800f448   0x00000038   Code   RO         4094    i.vTaskPlaceOnEventList  tasks.o
    0x0800f480   0x00000040   Code   RO         4095    i.vTaskPlaceOnEventListRestricted  tasks.o
    0x0800f4c0   0x000000f4   Code   RO         4097    i.vTaskPriorityDisinheritAfterTimeout  tasks.o
    0x0800f5b4   0x00000098   Code   RO         4102    i.vTaskStartScheduler  tasks.o
    0x0800f64c   0x00000010   Code   RO         4104    i.vTaskSuspendAll   tasks.o
    0x0800f65c   0x000000c8   Code   RO         4105    i.vTaskSwitchContext  tasks.o
    0x0800f724   0x000000f8   Code   RO         4937    i.xPortStartScheduler  port.o
    0x0800f81c   0x00000058   Code   RO         3776    i.xQueueGenericCreate  queue.o
    0x0800f874   0x00000098   Code   RO         3777    i.xQueueGenericReset  queue.o
    0x0800f90c   0x000001a8   Code   RO         3778    i.xQueueGenericSend  queue.o
    0x0800fab4   0x000000f8   Code   RO         3779    i.xQueueGenericSendFromISR  queue.o
    0x0800fbac   0x000000e0   Code   RO         3780    i.xQueueGiveFromISR  queue.o
    0x0800fc8c   0x00000168   Code   RO         3785    i.xQueueReceive     queue.o
    0x0800fdf4   0x000000ca   Code   RO         3786    i.xQueueReceiveFromISR  queue.o
    0x0800febe   0x00000002   PAD
    0x0800fec0   0x000001b8   Code   RO         3787    i.xQueueSemaphoreTake  queue.o
    0x08010078   0x0000008c   Code   RO         4106    i.xTaskCheckForTimeOut  tasks.o
    0x08010104   0x00000060   Code   RO         4107    i.xTaskCreate       tasks.o
    0x08010164   0x00000020   Code   RO         4111    i.xTaskGetSchedulerState  tasks.o
    0x08010184   0x0000000c   Code   RO         4112    i.xTaskGetTickCount  tasks.o
    0x08010190   0x00000148   Code   RO         4114    i.xTaskIncrementTick  tasks.o
    0x080102d8   0x000000c8   Code   RO         4117    i.xTaskPriorityDisinherit  tasks.o
    0x080103a0   0x000000c8   Code   RO         4118    i.xTaskPriorityInherit  tasks.o
    0x08010468   0x00000098   Code   RO         4119    i.xTaskRemoveFromEventList  tasks.o
    0x08010500   0x00000104   Code   RO         4120    i.xTaskResumeAll    tasks.o
    0x08010604   0x00000030   Code   RO         4389    i.xTimerCreate      timers.o
    0x08010634   0x00000054   Code   RO         4390    i.xTimerCreateTimerTask  timers.o
    0x08010688   0x00000084   Code   RO         4391    i.xTimerGenericCommand  timers.o
    0x0801070c   0x00000080   Data   RO          338    .constdata          freertos.o
    0x0801078c   0x00000018   Data   RO         3590    .constdata          system_stm32f1xx.o
    0x080107a4   0x00000004   PAD
    0x080107a8   0x00000030   Data   RO         7557    .constdata          m_ws.l(cos_i.o)
    0x080107d8   0x000000c8   Data   RO         7580    .constdata          m_ws.l(rred.o)
    0x080108a0   0x00000028   Data   RO         7584    .constdata          m_ws.l(sin_i.o)
    0x080108c8   0x00000040   Data   RO         7661    .constdata          mc_w.l(ctype_c.o)
    0x08010908   0x0000018d   Data   RO           48    .conststring        main.o
    0x08010a95   0x00000003   PAD
    0x08010a98   0x00000061   Data   RO          339    .conststring        freertos.o
    0x08010af9   0x00000003   PAD
    0x08010afc   0x000001a8   Data   RO         5136    .conststring        usercmd.o
    0x08010ca4   0x00000020   Data   RO         7663    Region$$Table       anon$$obj.o


    Execution Region RW_IRAM1 (Base: 0x20000000, Size: 0x00004698, Max: 0x0000c000, ABSOLUTE, COMPRESSED[0x000002f4])

    Base Addr    Size         Type   Attr      Idx    E Section Name        Object

    0x20000000   0x00000038   Data   RW          340    .data               freertos.o
    0x20000038   0x00000009   Data   RW         2607    .data               stm32f1xx_hal.o
    0x20000041   0x00000003   PAD
    0x20000044   0x00000004   Data   RW         3591    .data               system_stm32f1xx.o
    0x20000048   0x00000044   Data   RW         4123    .data               tasks.o
    0x2000008c   0x00000014   Data   RW         4397    .data               timers.o
    0x200000a0   0x00000018   Data   RW         4887    .data               heap_4.o
    0x200000b8   0x0000000c   Data   RW         4938    .data               port.o
    0x200000c4   0x0000001c   Data   RW         5025    .data               shell.o
    0x200000e0   0x00000008   Data   RW         5137    .data               usercmd.o
    0x200000e8   0x00000044   Data   RW         5866    .data               bno005.o
    0x2000012c   0x00000008   Data   RW         5941    .data               gps.o
    0x20000134   0x00000098   Data   RW         6002    .data               motor_driver.o
    0x200001cc   0x0000008a   Data   RW         6164    .data               speed.o
    0x20000256   0x00000002   PAD
    0x20000258   0x00000060   Data   RW         6329    .data               wheel.o
    0x200002b8   0x00000068   Data   RW         6525    .data               car.o
    0x20000320   0x00000154   Data   RW         6659    .data               pid.o
    0x20000474   0x0000000d   Data   RW         6790    .data               data.o
    0x20000481   0x00000003   PAD
    0x20000484   0x00000050   Data   RW         6856    .data               protocol.o
    0x200004d4   0x0000003c   Data   RW         6963    .data               uart3_rcv_queue.o
    0x20000510   0x0000002c   Data   RW         7040    .data               uart.o
    0x2000053c   0x00000044   Data   RW         7108    .data               uppercmd.o
    0x20000580   0x00000004   Data   RW         7611    .data               mc_w.l(stdout.o)
    0x20000584   0x00000004   Data   RW         7620    .data               mc_w.l(mvars.o)
    0x20000588   0x00000004   Data   RW         7621    .data               mc_w.l(mvars.o)
    0x2000058c   0x00000004   Data   RW         7625    .data               mc_w.l(errno.o)
    0x20000590   0x00000054   Zero   RW          472    .bss                i2c.o
    0x200005e4   0x00000080   Zero   RW          516    .bss                tim.o
    0x20000664   0x000001d0   Zero   RW          571    .bss                usart.o
    0x20000834   0x00000040   Zero   RW          778    .bss                stm32f1xx_hal_timebase_tim.o
    0x20000874   0x00000040   Zero   RW         3788    .bss                queue.o
    0x200008b4   0x000000f0   Zero   RW         4122    .bss                tasks.o
    0x200009a4   0x00000028   Zero   RW         4396    .bss                timers.o
    0x200009cc   0x00002800   Zero   RW         4886    .bss                heap_4.o
    0x200031cc   0x000003ec   Zero   RW         5023    .bss                shell.o
    0x200035b8   0x00000024   Zero   RW         5865    .bss                bno005.o
    0x200035dc   0x00000078   Zero   RW         6163    .bss                speed.o
    0x20003654   0x00000020   Zero   RW         6328    .bss                wheel.o
    0x20003674   0x0000004c   Zero   RW         6524    .bss                car.o
    0x200036c0   0x000000b8   Zero   RW         6789    .bss                data.o
    0x20003778   0x00000147   Zero   RW         6855    .bss                protocol.o
    0x200038bf   0x00000001   PAD
    0x200038c0   0x000001d4   Zero   RW         7039    .bss                uart.o
    0x20003a94   0x00000004   PAD
    0x20003a98   0x00000400   Zero   RW            2    HEAP                startup_stm32f103xe.o
    0x20003e98   0x00000800   Zero   RW            1    STACK               startup_stm32f103xe.o


==============================================================================

Image component sizes


      Code (inc. data)   RO Data    RW Data    ZI Data      Debug   Object Name

      1422         98          0         68         36      14630   bno005.o
      2692        302          0        104         76      14613   car.o
       484         16          0          0          0      19585   cmsis_os.o
        56          0          0          0          0        601   crc.o
       292         26          0         13        184       3499   data.o
       100          4          0          0          0        710   dma.o
         0          0          0          0          0       9496   event_groups.o
      1806        240        225         56          0      11643   freertos.o
       420         30          0          0          0       1059   gpio.o
       236         82          0          8          0       1662   gps.o
       692         62          0         24      10240       4539   heap_4.o
       252         40          0          0         84       2001   i2c.o
       148          0          0          0          0       3294   list.o
       302         76        397          0          0     507192   main.o
       840         88          0        152          0      15224   motor_driver.o
       962         98          0        340          0      13877   pid.o
       854         78          0         12          0      11053   port.o
       684         84          0         80        327      12581   protocol.o
      2662         26          0          0         64      18151   queue.o
      1852        416          0         28       1004      11257   shell.o
      1406        192          0        138        120      13761   speed.o
        36          8        304          0       3072        788   startup_stm32f103xe.o
       116         24          0          9          0       5718   stm32f1xx_hal.o
       320         28          0          0          0      29212   stm32f1xx_hal_cortex.o
      1770         28          0          0          0       5090   stm32f1xx_hal_dma.o
      1212         78          0          0          0       4113   stm32f1xx_hal_gpio.o
      2860         46          0          0          0      11303   stm32f1xx_hal_i2c.o
        96         10          0          0          0        834   stm32f1xx_hal_msp.o
      1856        124          0          0          0       6441   stm32f1xx_hal_rcc.o
      2160         76          0          0          0      16508   stm32f1xx_hal_tim.o
       204          0          0          0          0       3037   stm32f1xx_hal_tim_ex.o
       136         18          0          0         64       1379   stm32f1xx_hal_timebase_tim.o
      2364         38          0          0          0      15701   stm32f1xx_hal_uart.o
       194         56          0          0          0      10340   stm32f1xx_it.o
        92         22         24          4          0       1107   system_stm32f1xx.o
      3102        390          0         68        240      23743   tasks.o
       544         48          0          0        128       2945   tim.o
         0          0          0          0          0       4504   time.o
      1260        114          0         20         40      19242   timers.o
      1112        136          0         44        468       6516   uart.o
       606         64          0         60          0       8734   uart3_rcv_queue.o
       120         48          0         68          0       5994   uppercmd.o
       860         86          0          0        464       5004   usart.o
      1404        266        424          8          0      30098   usercmd.o
       968        178          0         96         32      16214   wheel.o

    ----------------------------------------------------------------------
     41606       3844       1416       1408      16648     924993   Object Totals
         0          0         32          0          0          0   (incl. Generated)
        52          0         10          8          5          0   (incl. Padding)

    ----------------------------------------------------------------------

      Code (inc. data)   RO Data    RW Data    ZI Data      Debug   Library Member Name

       156          8          0          0          0        104   cos.o
       252         22         48          0          0        124   cos_i.o
        34          6          0          0          0        204   dunder.o
        40          0          0          0          0         68   fpclassify.o
       170          0          0          0          0         96   poly.o
       904         76        200          0          0        140   rred.o
       236         12         40          0          0        128   sin_i.o
        56          8          0          0          0         84   __0sscanf.o
        86          0          0          0          0          0   __dczerorl2.o
        28          0          0          0          0         68   _chval.o
       812          4          0          0          0        112   _scanf.o
       332          0          0          0          0         96   _scanf_int.o
       224          0          0          0          0         96   _scanf_str.o
        64          0          0          0          0         84   _sgetc.o
        40          6         64          0          0         68   ctype_c.o
         0          0          0          0          0          0   entry.o
         0          0          0          0          0          0   entry10a.o
         0          0          0          0          0          0   entry11a.o
         8          4          0          0          0          0   entry2.o
         4          0          0          0          0          0   entry5.o
         0          0          0          0          0          0   entry7b.o
         0          0          0          0          0          0   entry8b.o
         8          4          0          0          0          0   entry9a.o
        12          6          0          4          0         68   errno.o
        30          0          0          0          0          0   handlers.o
        36          8          0          0          0         68   init.o
        10          0          0          0          0         68   isspace_c.o
         0          0          0          0          0          0   iusefp.o
        30          0          0          0          0         68   llshl.o
        36          0          0          0          0         68   llsshr.o
        32          0          0          0          0         68   llushr.o
       188         20          0          0          0        160   malloc.o
        36          0          0          0          0         68   memcpya.o
        36          0          0          0          0        108   memseta.o
         0          0          0          8          0          0   mvars.o
      2276         96          0          0          0        596   printfa.o
        40          8          0          0          0         84   scanf_char.o
       838         12          0          0          0        216   scanf_fp.o
         0          0          0          4          0          0   stdout.o
        24          0          0          0          0         68   strcat.o
        28          0          0          0          0         76   strcmp.o
        14          0          0          0          0         68   strlen.o
        28          0          0          0          0         80   strspn.o
        36          0          0          0          0         80   strstr.o
        44          0          0          0          0         80   uidiv.o
        98          0          0          0          0         92   uldiv.o
        48          0          0          0          0         68   cdrcmple.o
        56          0          0          0          0         88   d2f.o
       334          0          0          0          0        148   dadd.o
       222          0          0          0          0        100   ddiv.o
       186          0          0          0          0        176   depilogue.o
        62          0          0          0          0         80   dfixi.o
        50          0          0          0          0         76   dfixui.o
        48          0          0          0          0         68   dfixul.o
        34          0          0          0          0         76   dflti.o
        26          0          0          0          0         76   dfltui.o
        24          0          0          0          0         76   dfltul.o
       228          0          0          0          0         96   dmul.o
        46          0          0          0          0         80   dscalb.o
        38          0          0          0          0         68   f2d.o
       110          0          0          0          0        168   fepilogue.o
        50          0          0          0          0         68   ffixi.o
        40          0          0          0          0         68   ffixui.o
       100          0          0          0          0         76   fmul.o

    ----------------------------------------------------------------------
      9046        300        352         16          0       5312   Library Totals
        18          0          0          0          0          0   (incl. Padding)

    ----------------------------------------------------------------------

      Code (inc. data)   RO Data    RW Data    ZI Data      Debug   Library Name

      1792        124        288          0          0        864   m_ws.l
      5534        176         64         16          0       2792   mc_w.l
      1702          0          0          0          0       1656   mf_w.l

    ----------------------------------------------------------------------
      9046        300        352         16          0       5312   Library Totals

    ----------------------------------------------------------------------

==============================================================================


      Code (inc. data)   RO Data    RW Data    ZI Data      Debug   

     50652       4144       1768       1424      16648     905317   Grand Totals
     50652       4144       1768        756      16648     905317   ELF Image Totals (compressed)
     50652       4144       1768        756          0          0   ROM Totals

==============================================================================

    Total RO  Size (Code + RO Data)                52420 (  51.19kB)
    Total RW  Size (RW Data + ZI Data)             18072 (  17.65kB)
    Total ROM Size (Code + RO Data + RW Data)      53176 (  51.93kB)

==============================================================================

