<!doctype html public "-//w3c//dtd html 4.0 transitional//en">
<html><head>
<title>Static Call Graph - [application\application.axf]</title></head>
<body><HR>
<H1>Static Call Graph for image application\application.axf</H1><HR>
<BR><P>#&#060CALLGRAPH&#062# ARM Linker, 5050169: Last Updated: Tue Mar 17 15:44:00 2020
<BR><P>
<H3>Maximum Stack Usage =        424 bytes + Unknown(Cycles, Untraceable Function Pointers)</H3><H3>
Call chain for Maximum Stack Depth:</H3>
Usart_Shell_Rcv &rArr; Shell_Rcv &rArr; Shell_Analyse_Command &rArr; __0sscanf &rArr; __vfscanf_char &rArr; __vfscanf &rArr; _scanf_real
<P>
<H3>
Mutually Recursive functions
</H3> <LI><a href="#[af]">ADC1_2_IRQHandler</a>&nbsp;&nbsp;&nbsp;&rArr;&nbsp;&nbsp;&nbsp;<a href="#[af]">ADC1_2_IRQHandler</a><BR>
</UL>
<P>
<H3>
Function Pointers
</H3><UL>
 <LI><a href="#[af]">ADC1_2_IRQHandler</a> from startup_stm32f103xe.o(.text) referenced from startup_stm32f103xe.o(RESET)
 <LI><a href="#[cc]">ADC3_IRQHandler</a> from startup_stm32f103xe.o(.text) referenced from startup_stm32f103xe.o(RESET)
 <LI><a href="#[f]">Bno005_Err_Display</a> from bno005.o(i.Bno005_Err_Display) referenced 2 times from bno005.o(.data)
 <LI><a href="#[9]">Bno055_Calibrate</a> from bno005.o(i.Bno055_Calibrate) referenced 2 times from bno005.o(.data)
 <LI><a href="#[6]">Bno055_Config</a> from bno005.o(i.Bno055_Config) referenced 2 times from bno005.o(.data)
 <LI><a href="#[8]">Bno055_ConfigCalib</a> from bno005.o(i.Bno055_ConfigCalib) referenced 2 times from bno005.o(.data)
 <LI><a href="#[c]">Bno055_Get_Acc_Data</a> from bno005.o(i.Bno055_Get_Acc_Data) referenced 2 times from bno005.o(.data)
 <LI><a href="#[b]">Bno055_Get_Data</a> from bno005.o(i.Bno055_Get_Data) referenced 2 times from bno005.o(.data)
 <LI><a href="#[e]">Bno055_Get_Gyo_Data</a> from bno005.o(i.Bno055_Get_Gyo_Data) referenced 2 times from bno005.o(.data)
 <LI><a href="#[d]">Bno055_Get_Mag_Data</a> from bno005.o(i.Bno055_Get_Mag_Data) referenced 2 times from bno005.o(.data)
 <LI><a href="#[7]">Bno055_Init</a> from bno005.o(i.Bno055_Init) referenced 2 times from bno005.o(.data)
 <LI><a href="#[97]">BusFault_Handler</a> from stm32f1xx_it.o(i.BusFault_Handler) referenced from startup_stm32f103xe.o(RESET)
 <LI><a href="#[b2]">CAN1_RX1_IRQHandler</a> from startup_stm32f103xe.o(.text) referenced from startup_stm32f103xe.o(RESET)
 <LI><a href="#[b3]">CAN1_SCE_IRQHandler</a> from startup_stm32f103xe.o(.text) referenced from startup_stm32f103xe.o(RESET)
 <LI><a href="#[43]">Car_Brake</a> from car.o(i.Car_Brake) referenced 2 times from car.o(.data)
 <LI><a href="#[40]">Car_Deinit</a> from car.o(i.Car_Deinit) referenced 2 times from car.o(.data)
 <LI><a href="#[3f]">Car_Init</a> from car.o(i.Car_Init) referenced 2 times from car.o(.data)
 <LI><a href="#[46]">Car_Remote_Line</a> from car.o(i.Car_Remote_Line) referenced 2 times from car.o(.data)
 <LI><a href="#[47]">Car_Remote_Turn</a> from car.o(i.Car_Remote_Turn) referenced 2 times from car.o(.data)
 <LI><a href="#[41]">Car_Speed_Updata</a> from car.o(i.Car_Speed_Updata) referenced 2 times from car.o(.data)
 <LI><a href="#[42]">Car_Stop</a> from car.o(i.Car_Stop) referenced 2 times from car.o(.data)
 <LI><a href="#[49]">Car_Turn</a> from car.o(i.Car_Turn) referenced 2 times from car.o(.data)
 <LI><a href="#[53]">Car_Turn_8</a> from car.o(i.Car_Turn_8) referenced 2 times from car.o(.data)
 <LI><a href="#[54]">Car_Turn_8_Updata</a> from car.o(i.Car_Turn_8_Updata) referenced 2 times from car.o(.data)
 <LI><a href="#[51]">Car_Turn_Calculate_Angle_Difference</a> from car.o(i.Car_Turn_Calculate_Angle_Difference) referenced 2 times from car.o(.data)
 <LI><a href="#[45]">Car_Turn_Updata</a> from car.o(i.Car_Turn_Updata) referenced 2 times from car.o(.data)
 <LI><a href="#[4d]">Car_Variable_Reset</a> from car.o(i.Car_Variable_Reset) referenced 2 times from car.o(.data)
 <LI><a href="#[5f]">Car_Walk_Distance_PID</a> from pid.o(i.Car_Walk_Distance_PID) referenced 2 times from pid.o(.data)
 <LI><a href="#[61]">Car_Walk_Distance_Pid_Value_Reset</a> from pid.o(i.Car_Walk_Distance_Pid_Value_Reset) referenced 2 times from pid.o(.data)
 <LI><a href="#[48]">Car_Walk_Straight_Line</a> from car.o(i.Car_Walk_Straight_Line) referenced 2 times from car.o(.data)
 <LI><a href="#[4e]">Car_Walk_Straight_Line_Calculate_Angle_Difference</a> from car.o(i.Car_Walk_Straight_Line_Calculate_Angle_Difference) referenced 2 times from car.o(.data)
 <LI><a href="#[4f]">Car_Walk_Straight_Line_Calculate_Wheel_Speed</a> from car.o(i.Car_Walk_Straight_Line_Calculate_Wheel_Speed) referenced 2 times from car.o(.data)
 <LI><a href="#[44]">Car_Walk_Straight_Line_Updata</a> from car.o(i.Car_Walk_Straight_Line_Updata) referenced 2 times from car.o(.data)
 <LI><a href="#[60]">Car_Walk_Yaw_Pid</a> from pid.o(i.Car_Walk_Yaw_Pid) referenced 2 times from pid.o(.data)
 <LI><a href="#[62]">Car_Walk_Yaw_Pid_Value_Reset</a> from pid.o(i.Car_Walk_Yaw_Pid_Value_Reset) referenced 2 times from pid.o(.data)
 <LI><a href="#[ea]">Cmd_Display</a> from usercmd.o(i.Cmd_Display) referenced from shell.o(i.Usart_Shell_Init)
 <LI><a href="#[e8]">Cmd_Power_Off</a> from usercmd.o(i.Cmd_Power_Off) referenced from shell.o(i.Usart_Shell_Init)
 <LI><a href="#[e7]">Cmd_Reboot</a> from usercmd.o(i.Cmd_Reboot) referenced from shell.o(i.Usart_Shell_Init)
 <LI><a href="#[e9]">Cmd_Remote</a> from usercmd.o(i.Cmd_Remote) referenced from shell.o(i.Usart_Shell_Init)
 <LI><a href="#[eb]">Cmd_Set_Pid</a> from usercmd.o(i.Cmd_Set_Pid) referenced from shell.o(i.Usart_Shell_Init)
 <LI><a href="#[e6]">Cmd_Turn_Test</a> from usercmd.o(i.Cmd_Turn_Test) referenced from freertos.o(i.Start_Power_Task)
 <LI><a href="#[31]">Count_Left_Wheel_Walk_Distance</a> from wheel.o(i.Count_Left_Wheel_Walk_Distance) referenced 2 times from wheel.o(.data)
 <LI><a href="#[3b]">Count_Right_Wheel_Walk_Distance</a> from wheel.o(i.Count_Right_Wheel_Walk_Distance) referenced 2 times from wheel.o(.data)
 <LI><a href="#[74]">Creat_Moving_Cmd_Node</a> from uart3_rcv_queue.o(i.Creat_Moving_Cmd_Node) referenced 2 times from uart3_rcv_queue.o(.data)
 <LI><a href="#[a8]">DMA1_Channel1_IRQHandler</a> from startup_stm32f103xe.o(.text) referenced from startup_stm32f103xe.o(RESET)
 <LI><a href="#[a9]">DMA1_Channel2_IRQHandler</a> from stm32f1xx_it.o(i.DMA1_Channel2_IRQHandler) referenced from startup_stm32f103xe.o(RESET)
 <LI><a href="#[aa]">DMA1_Channel3_IRQHandler</a> from stm32f1xx_it.o(i.DMA1_Channel3_IRQHandler) referenced from startup_stm32f103xe.o(RESET)
 <LI><a href="#[ab]">DMA1_Channel4_IRQHandler</a> from stm32f1xx_it.o(i.DMA1_Channel4_IRQHandler) referenced from startup_stm32f103xe.o(RESET)
 <LI><a href="#[ac]">DMA1_Channel5_IRQHandler</a> from startup_stm32f103xe.o(.text) referenced from startup_stm32f103xe.o(RESET)
 <LI><a href="#[ad]">DMA1_Channel6_IRQHandler</a> from stm32f1xx_it.o(i.DMA1_Channel6_IRQHandler) referenced from startup_stm32f103xe.o(RESET)
 <LI><a href="#[ae]">DMA1_Channel7_IRQHandler</a> from startup_stm32f103xe.o(.text) referenced from startup_stm32f103xe.o(RESET)
 <LI><a href="#[d5]">DMA2_Channel1_IRQHandler</a> from startup_stm32f103xe.o(.text) referenced from startup_stm32f103xe.o(RESET)
 <LI><a href="#[d6]">DMA2_Channel2_IRQHandler</a> from startup_stm32f103xe.o(.text) referenced from startup_stm32f103xe.o(RESET)
 <LI><a href="#[d7]">DMA2_Channel3_IRQHandler</a> from startup_stm32f103xe.o(.text) referenced from startup_stm32f103xe.o(RESET)
 <LI><a href="#[d8]">DMA2_Channel4_5_IRQHandler</a> from startup_stm32f103xe.o(.text) referenced from startup_stm32f103xe.o(RESET)
 <LI><a href="#[9a]">DebugMon_Handler</a> from stm32f1xx_it.o(i.DebugMon_Handler) referenced from startup_stm32f103xe.o(RESET)
 <LI><a href="#[a3]">EXTI0_IRQHandler</a> from startup_stm32f103xe.o(.text) referenced from startup_stm32f103xe.o(RESET)
 <LI><a href="#[c5]">EXTI15_10_IRQHandler</a> from stm32f1xx_it.o(i.EXTI15_10_IRQHandler) referenced from startup_stm32f103xe.o(RESET)
 <LI><a href="#[a4]">EXTI1_IRQHandler</a> from startup_stm32f103xe.o(.text) referenced from startup_stm32f103xe.o(RESET)
 <LI><a href="#[a5]">EXTI2_IRQHandler</a> from stm32f1xx_it.o(i.EXTI2_IRQHandler) referenced from startup_stm32f103xe.o(RESET)
 <LI><a href="#[a6]">EXTI3_IRQHandler</a> from startup_stm32f103xe.o(.text) referenced from startup_stm32f103xe.o(RESET)
 <LI><a href="#[a7]">EXTI4_IRQHandler</a> from startup_stm32f103xe.o(.text) referenced from startup_stm32f103xe.o(RESET)
 <LI><a href="#[b4]">EXTI9_5_IRQHandler</a> from startup_stm32f103xe.o(.text) referenced from startup_stm32f103xe.o(RESET)
 <LI><a href="#[a1]">FLASH_IRQHandler</a> from startup_stm32f103xe.o(.text) referenced from startup_stm32f103xe.o(RESET)
 <LI><a href="#[cd]">FSMC_IRQHandler</a> from startup_stm32f103xe.o(.text) referenced from startup_stm32f103xe.o(RESET)
 <LI><a href="#[78]">Free_All_Head_Node</a> from uart3_rcv_queue.o(i.Free_All_Head_Node) referenced 2 times from uart3_rcv_queue.o(.data)
 <LI><a href="#[77]">Free_Moving_Cmd_List</a> from uart3_rcv_queue.o(i.Free_Moving_Cmd_List) referenced 2 times from uart3_rcv_queue.o(.data)
 <LI><a href="#[6c]">Get_Base_Time</a> from protocol.o(i.Get_Base_Time) referenced 2 times from protocol.o(.data)
 <LI><a href="#[71]">Get_Car_Data</a> from protocol.o(i.Get_Car_Data) referenced 2 times from protocol.o(.data)
 <LI><a href="#[52]">Get_Car_Stop_or_Start</a> from car.o(i.Get_Car_Stop_or_Start) referenced 2 times from car.o(.data)
 <LI><a href="#[8c]">Get_Cmd_Type</a> from uppercmd.o(i.Get_Cmd_Type) referenced 2 times from uppercmd.o(.data)
 <LI><a href="#[6b]">Get_Efk_ACC_Data</a> from protocol.o(i.Get_Efk_ACC_Data) referenced 2 times from protocol.o(.data)
 <LI><a href="#[6a]">Get_Efk_GYO_Data</a> from protocol.o(i.Get_Efk_GYO_Data) referenced 2 times from protocol.o(.data)
 <LI><a href="#[69]">Get_Efk_PRY_Data</a> from protocol.o(i.Get_Efk_PRY_Data) referenced 2 times from protocol.o(.data)
 <LI><a href="#[6d]">Get_GPS_Time</a> from protocol.o(i.Get_GPS_Time) referenced 2 times from protocol.o(.data)
 <LI><a href="#[83]">Get_Gps_Buff_Ptr</a> from uart.o(i.Get_Gps_Buff_Ptr) referenced 2 times from uart.o(.data)
 <LI><a href="#[70]">Get_Gps_Data</a> from protocol.o(i.Get_Gps_Data) referenced 2 times from protocol.o(.data)
 <LI><a href="#[67]">Get_Gps_Mode</a> from protocol.o(i.Get_Gps_Mode) referenced 2 times from protocol.o(.data)
 <LI><a href="#[66]">Get_Gps_Station</a> from protocol.o(i.Get_Gps_Station) referenced 2 times from protocol.o(.data)
 <LI><a href="#[6e]">Get_Imu_Time</a> from protocol.o(i.Get_Imu_Time) referenced 2 times from protocol.o(.data)
 <LI><a href="#[65]">Get_La_And_Lo_Station</a> from protocol.o(i.Get_La_And_Lo_Station) referenced 2 times from protocol.o(.data)
 <LI><a href="#[7a]">Get_Last_Package_Id</a> from uart3_rcv_queue.o(i.Get_Last_Package_Id) referenced 2 times from uart3_rcv_queue.o(.data)
 <LI><a href="#[16]">Get_Left_Motor_Station</a> from motor_driver.o(i.Get_Left_Motor_Station) referenced 2 times from motor_driver.o(.data)
 <LI><a href="#[32]">Get_Left_Wheel_Walk_Distance</a> from wheel.o(i.Get_Left_Wheel_Walk_Distance) referenced 2 times from wheel.o(.data)
 <LI><a href="#[68]">Get_Moving_Data</a> from protocol.o(i.Get_Moving_Data) referenced 2 times from protocol.o(.data)
 <LI><a href="#[76]">Get_Node_From_Moving_List_Head</a> from uart3_rcv_queue.o(i.Get_Node_From_Moving_List_Head) referenced 2 times from uart3_rcv_queue.o(.data)
 <LI><a href="#[6f]">Get_Odo_Time</a> from protocol.o(i.Get_Odo_Time) referenced 2 times from protocol.o(.data)
 <LI><a href="#[8a]">Get_Package_Type</a> from uppercmd.o(i.Get_Package_Type) referenced 2 times from uppercmd.o(.data)
 <LI><a href="#[7d]">Get_Remote_Cmd</a> from uart3_rcv_queue.o(i.Get_Remote_Cmd) referenced 2 times from uart3_rcv_queue.o(.data)
 <LI><a href="#[92]">Get_Remote_flag</a> from uppercmd.o(i.Get_Remote_flag) referenced 2 times from uppercmd.o(.data)
 <LI><a href="#[8e]">Get_Reply_flag</a> from uppercmd.o(i.Get_Reply_flag) referenced 2 times from uppercmd.o(.data)
 <LI><a href="#[1c]">Get_Right_Motor_Station</a> from motor_driver.o(i.Get_Right_Motor_Station) referenced 2 times from motor_driver.o(.data)
 <LI><a href="#[3c]">Get_Right_Wheel_Walk_Distance</a> from wheel.o(i.Get_Right_Wheel_Walk_Distance) referenced 2 times from wheel.o(.data)
 <LI><a href="#[7f]">Get_Track_Tracking_Cmd</a> from uart3_rcv_queue.o(i.Get_Track_Tracking_Cmd) referenced 2 times from uart3_rcv_queue.o(.data)
 <LI><a href="#[90]">Get_Update_Cmd_flag</a> from uppercmd.o(i.Get_Update_Cmd_flag) referenced 2 times from uppercmd.o(.data)
 <LI><a href="#[7b]">Get_queue_head_Cmd_Type</a> from uart3_rcv_queue.o(i.Get_queue_head_Cmd_Type) referenced 2 times from uart3_rcv_queue.o(.data)
 <LI><a href="#[10]">Gps_GNRMC_Analyse</a> from gps.o(i.Gps_GNRMC_Analyse) referenced 2 times from gps.o(.data)
 <LI><a href="#[95]">HardFault_Handler</a> from stm32f1xx_it.o(i.HardFault_Handler) referenced from startup_stm32f103xe.o(RESET)
 <LI><a href="#[bd]">I2C1_ER_IRQHandler</a> from startup_stm32f103xe.o(.text) referenced from startup_stm32f103xe.o(RESET)
 <LI><a href="#[bc]">I2C1_EV_IRQHandler</a> from startup_stm32f103xe.o(.text) referenced from startup_stm32f103xe.o(RESET)
 <LI><a href="#[bf]">I2C2_ER_IRQHandler</a> from startup_stm32f103xe.o(.text) referenced from startup_stm32f103xe.o(RESET)
 <LI><a href="#[be]">I2C2_EV_IRQHandler</a> from startup_stm32f103xe.o(.text) referenced from startup_stm32f103xe.o(RESET)
 <LI><a href="#[75]">Insert_To_Moving_Cmd_List</a> from uart3_rcv_queue.o(i.Insert_To_Moving_Cmd_List) referenced 2 times from uart3_rcv_queue.o(.data)
 <LI><a href="#[15]">Left_Motor_Brake</a> from motor_driver.o(i.Left_Motor_Brake) referenced 2 times from motor_driver.o(.data)
 <LI><a href="#[1d]">Left_Motor_Counting_Difference</a> from speed.o(i.Left_Motor_Counting_Difference) referenced 2 times from speed.o(.data)
 <LI><a href="#[12]">Left_Motor_Deinit</a> from motor_driver.o(i.Left_Motor_Deinit) referenced 2 times from motor_driver.o(.data)
 <LI><a href="#[22]">Left_Motor_Get_Motor_Cnt</a> from speed.o(i.Left_Motor_Get_Motor_Cnt) referenced 2 times from speed.o(.data)
 <LI><a href="#[11]">Left_Motor_Init</a> from motor_driver.o(i.Left_Motor_Init) referenced 2 times from motor_driver.o(.data)
 <LI><a href="#[23]">Left_Motor_Motor_Cnt_Reset</a> from speed.o(i.Left_Motor_Motor_Cnt_Reset) referenced 2 times from speed.o(.data)
 <LI><a href="#[1f]">Left_Motor_Read_Speed</a> from speed.o(i.Left_Motor_Read_Speed) referenced 2 times from speed.o(.data)
 <LI><a href="#[1e]">Left_Motor_Refresh_Speed</a> from speed.o(i.Left_Motor_Refresh_Speed) referenced 2 times from speed.o(.data)
 <LI><a href="#[21]">Left_Motor_Speed_Deinit</a> from speed.o(i.Left_Motor_Speed_Deinit) referenced 2 times from speed.o(.data)
 <LI><a href="#[20]">Left_Motor_Speed_Init</a> from speed.o(i.Left_Motor_Speed_Init) referenced 2 times from speed.o(.data)
 <LI><a href="#[13]">Left_Motor_Start</a> from motor_driver.o(i.Left_Motor_Start) referenced 2 times from motor_driver.o(.data)
 <LI><a href="#[14]">Left_Motor_Stop</a> from motor_driver.o(i.Left_Motor_Stop) referenced 2 times from motor_driver.o(.data)
 <LI><a href="#[30]">Left_Wheel_Brake</a> from wheel.o(i.Left_Wheel_Brake) referenced 2 times from wheel.o(.data)
 <LI><a href="#[2d]">Left_Wheel_Deinit</a> from wheel.o(i.Left_Wheel_Deinit) referenced 2 times from wheel.o(.data)
 <LI><a href="#[2c]">Left_Wheel_Iint</a> from wheel.o(i.Left_Wheel_Iint) referenced 2 times from wheel.o(.data)
 <LI><a href="#[55]">Left_Wheel_Integral_Separation_Pid</a> from pid.o(i.Left_Wheel_Integral_Separation_Pid) referenced 2 times from pid.o(.data)
 <LI><a href="#[59]">Left_Wheel_Pwm_Value_Reset</a> from pid.o(i.Left_Wheel_Pwm_Value_Reset) referenced 2 times from pid.o(.data)
 <LI><a href="#[34]">Left_Wheel_Read_Speed</a> from wheel.o(i.Left_Wheel_Read_Speed) referenced 2 times from wheel.o(.data)
 <LI><a href="#[2b]">Left_Wheel_Speed_Updata</a> from wheel.o(i.Left_Wheel_Speed_Updata) referenced 2 times from wheel.o(.data)
 <LI><a href="#[2f]">Left_Wheel_Stop</a> from wheel.o(i.Left_Wheel_Stop) referenced 2 times from wheel.o(.data)
 <LI><a href="#[33]">Left_Wheel_Walk_Distance_Reset</a> from wheel.o(i.Left_Wheel_Walk_Distance_Reset) referenced 2 times from wheel.o(.data)
 <LI><a href="#[2e]">Left_Wheel_start</a> from wheel.o(i.Left_Wheel_start) referenced 2 times from wheel.o(.data)
 <LI><a href="#[79]">List_Is_Null</a> from uart3_rcv_queue.o(i.List_Is_Null) referenced 2 times from uart3_rcv_queue.o(.data)
 <LI><a href="#[96]">MemManage_Handler</a> from stm32f1xx_it.o(i.MemManage_Handler) referenced from startup_stm32f103xe.o(RESET)
 <LI><a href="#[94]">NMI_Handler</a> from stm32f1xx_it.o(i.NMI_Handler) referenced from startup_stm32f103xe.o(RESET)
 <LI><a href="#[9e]">PVD_IRQHandler</a> from startup_stm32f103xe.o(.text) referenced from startup_stm32f103xe.o(RESET)
 <LI><a href="#[9b]">PendSV_Handler</a> from port.o(.emb_text) referenced from startup_stm32f103xe.o(RESET)
 <LI><a href="#[73]">Queue_init</a> from uart3_rcv_queue.o(i.Queue_init) referenced 2 times from uart3_rcv_queue.o(.data)
 <LI><a href="#[a2]">RCC_IRQHandler</a> from startup_stm32f103xe.o(.text) referenced from startup_stm32f103xe.o(RESET)
 <LI><a href="#[c6]">RTC_Alarm_IRQHandler</a> from startup_stm32f103xe.o(.text) referenced from startup_stm32f103xe.o(RESET)
 <LI><a href="#[a0]">RTC_IRQHandler</a> from startup_stm32f103xe.o(.text) referenced from startup_stm32f103xe.o(RESET)
 <LI><a href="#[a]">Read_Bno055_Yaw</a> from bno005.o(i.Read_Bno055_Yaw) referenced 2 times from bno005.o(.data)
 <LI><a href="#[4b]">Read_Car_Distance</a> from car.o(i.Read_Car_Distance) referenced 2 times from car.o(.data)
 <LI><a href="#[4c]">Read_Car_Start_Stop</a> from car.o(i.Read_Car_Start_Stop) referenced 2 times from car.o(.data)
 <LI><a href="#[57]">Read_Left_Wheel_Pwm</a> from pid.o(i.Read_Left_Wheel_Pwm) referenced 2 times from pid.o(.data)
 <LI><a href="#[5c]">Read_Right_Wheel_Pwm</a> from pid.o(i.Read_Right_Wheel_Pwm) referenced 2 times from pid.o(.data)
 <LI><a href="#[4a]">Read_Speed</a> from car.o(i.Read_Speed) referenced 2 times from car.o(.data)
 <LI><a href="#[86]">Read_Uart3_Idle</a> from uart.o(i.Read_Uart3_Idle) referenced 2 times from uart.o(.data)
 <LI><a href="#[80]">Read_Uart_Idle</a> from uart.o(i.Read_Uart_Idle) referenced 2 times from uart.o(.data)
 <LI><a href="#[93]">Reset_Handler</a> from startup_stm32f103xe.o(.text) referenced from startup_stm32f103xe.o(RESET)
 <LI><a href="#[84]">Restart_Uart_Receive_Dma</a> from uart.o(i.Restart_Uart_Receive_Dma) referenced 2 times from uart.o(.data)
 <LI><a href="#[1b]">Right_Motor_Brake</a> from motor_driver.o(i.Right_Motor_Brake) referenced 2 times from motor_driver.o(.data)
 <LI><a href="#[24]">Right_Motor_Counting_Difference</a> from speed.o(i.Right_Motor_Counting_Difference) referenced 2 times from speed.o(.data)
 <LI><a href="#[18]">Right_Motor_Deinit</a> from motor_driver.o(i.Right_Motor_Deinit) referenced 2 times from motor_driver.o(.data)
 <LI><a href="#[29]">Right_Motor_Get_Motor_Cnt</a> from speed.o(i.Right_Motor_Get_Motor_Cnt) referenced 2 times from speed.o(.data)
 <LI><a href="#[17]">Right_Motor_Init</a> from motor_driver.o(i.Right_Motor_Init) referenced 2 times from motor_driver.o(.data)
 <LI><a href="#[2a]">Right_Motor_Motor_Cnt_Reset</a> from speed.o(i.Right_Motor_Motor_Cnt_Reset) referenced 2 times from speed.o(.data)
 <LI><a href="#[26]">Right_Motor_Read_Speed</a> from speed.o(i.Right_Motor_Read_Speed) referenced 2 times from speed.o(.data)
 <LI><a href="#[25]">Right_Motor_Refresh_Speed</a> from speed.o(i.Right_Motor_Refresh_Speed) referenced 2 times from speed.o(.data)
 <LI><a href="#[28]">Right_Motor_Speed_Deinit</a> from speed.o(i.Right_Motor_Speed_Deinit) referenced 2 times from speed.o(.data)
 <LI><a href="#[27]">Right_Motor_Speed_Init</a> from speed.o(i.Right_Motor_Speed_Init) referenced 2 times from speed.o(.data)
 <LI><a href="#[19]">Right_Motor_Start</a> from motor_driver.o(i.Right_Motor_Start) referenced 2 times from motor_driver.o(.data)
 <LI><a href="#[1a]">Right_Motor_Stop</a> from motor_driver.o(i.Right_Motor_Stop) referenced 2 times from motor_driver.o(.data)
 <LI><a href="#[3a]">Right_Wheel_Brake</a> from wheel.o(i.Right_Wheel_Brake) referenced 2 times from wheel.o(.data)
 <LI><a href="#[37]">Right_Wheel_Deinit</a> from wheel.o(i.Right_Wheel_Deinit) referenced 2 times from wheel.o(.data)
 <LI><a href="#[36]">Right_Wheel_Iint</a> from wheel.o(i.Right_Wheel_Iint) referenced 2 times from wheel.o(.data)
 <LI><a href="#[5a]">Right_Wheel_Integral_Separation_Pid</a> from pid.o(i.Right_Wheel_Integral_Separation_Pid) referenced 2 times from pid.o(.data)
 <LI><a href="#[5e]">Right_Wheel_Pwm_Value_Reset</a> from pid.o(i.Right_Wheel_Pwm_Value_Reset) referenced 2 times from pid.o(.data)
 <LI><a href="#[3e]">Right_Wheel_Read_Speed</a> from wheel.o(i.Right_Wheel_Read_Speed) referenced 2 times from wheel.o(.data)
 <LI><a href="#[35]">Right_Wheel_Speed_Updata</a> from wheel.o(i.Right_Wheel_Speed_Updata) referenced 2 times from wheel.o(.data)
 <LI><a href="#[39]">Right_Wheel_Stop</a> from wheel.o(i.Right_Wheel_Stop) referenced 2 times from wheel.o(.data)
 <LI><a href="#[3d]">Right_Wheel_Walk_Distance_Reset</a> from wheel.o(i.Right_Wheel_Walk_Distance_Reset) referenced 2 times from wheel.o(.data)
 <LI><a href="#[38]">Right_Wheel_start</a> from wheel.o(i.Right_Wheel_start) referenced 2 times from wheel.o(.data)
 <LI><a href="#[ce]">SDIO_IRQHandler</a> from startup_stm32f103xe.o(.text) referenced from startup_stm32f103xe.o(RESET)
 <LI><a href="#[c0]">SPI1_IRQHandler</a> from startup_stm32f103xe.o(.text) referenced from startup_stm32f103xe.o(RESET)
 <LI><a href="#[c1]">SPI2_IRQHandler</a> from startup_stm32f103xe.o(.text) referenced from startup_stm32f103xe.o(RESET)
 <LI><a href="#[d0]">SPI3_IRQHandler</a> from startup_stm32f103xe.o(.text) referenced from startup_stm32f103xe.o(RESET)
 <LI><a href="#[99]">SVC_Handler</a> from port.o(.emb_text) referenced from startup_stm32f103xe.o(RESET)
 <LI><a href="#[72]">Send</a> from protocol.o(i.Send) referenced 2 times from protocol.o(.data)
 <LI><a href="#[63]">Set_Car_Walk_Distance_Pid_Value</a> from pid.o(i.Set_Car_Walk_Distance_Pid_Value) referenced 2 times from pid.o(.data)
 <LI><a href="#[64]">Set_Car_Walk_Yaw_Pid_Value</a> from pid.o(i.Set_Car_Walk_Yaw_Pid_Value) referenced 2 times from pid.o(.data)
 <LI><a href="#[8b]">Set_Cmd_Type</a> from uppercmd.o(i.Set_Cmd_Type) referenced 2 times from uppercmd.o(.data)
 <LI><a href="#[56]">Set_Left_Wheel_Pid_Speed</a> from pid.o(i.Set_Left_Wheel_Pid_Speed) referenced 2 times from pid.o(.data)
 <LI><a href="#[58]">Set_Left_Wheel_Pid_Value</a> from pid.o(i.Set_Left_Wheel_Pid_Value) referenced 2 times from pid.o(.data)
 <LI><a href="#[89]">Set_Package_Type</a> from uppercmd.o(i.Set_Package_Type) referenced 2 times from uppercmd.o(.data)
 <LI><a href="#[91]">Set_Remote_flag</a> from uppercmd.o(i.Set_Remote_flag) referenced 2 times from uppercmd.o(.data)
 <LI><a href="#[8d]">Set_Reply_Flag</a> from uppercmd.o(i.Set_Reply_Flag) referenced 2 times from uppercmd.o(.data)
 <LI><a href="#[5b]">Set_Right_Wheel_Pid_Speed</a> from pid.o(i.Set_Right_Wheel_Pid_Speed) referenced 2 times from pid.o(.data)
 <LI><a href="#[5d]">Set_Right_Wheel_Pid_Value</a> from pid.o(i.Set_Right_Wheel_Pid_Value) referenced 2 times from pid.o(.data)
 <LI><a href="#[8f]">Set_Update_Cmd_Flag</a> from uppercmd.o(i.Set_Update_Cmd_Flag) referenced 2 times from uppercmd.o(.data)
 <LI><a href="#[50]">Slow_Down_And_Stop</a> from car.o(i.Slow_Down_And_Stop) referenced 2 times from car.o(.data)
 <LI><a href="#[f7]">Start_Analyse_Gps_Task</a> from freertos.o(i.Start_Analyse_Gps_Task) referenced from freertos.o(.constdata)
 <LI><a href="#[f6]">Start_Data_Updata_Task</a> from freertos.o(i.Start_Data_Updata_Task) referenced from freertos.o(.constdata)
 <LI><a href="#[f3]">Start_Moving_Control_Task</a> from freertos.o(i.Start_Moving_Control_Task) referenced from freertos.o(.constdata)
 <LI><a href="#[f4]">Start_Power_Task</a> from freertos.o(i.Start_Power_Task) referenced from freertos.o(.constdata)
 <LI><a href="#[f5]">Start_Shell_Task</a> from freertos.o(i.Start_Shell_Task) referenced from freertos.o(.constdata)
 <LI><a href="#[f8]">Start_UART3_RCV_Task</a> from freertos.o(i.Start_UART3_RCV_Task) referenced from freertos.o(.constdata)
 <LI><a href="#[9c]">SysTick_Handler</a> from port.o(i.SysTick_Handler) referenced from startup_stm32f103xe.o(RESET)
 <LI><a href="#[da]">SystemInit</a> from system_stm32f1xx.o(i.SystemInit) referenced from startup_stm32f103xe.o(.text)
 <LI><a href="#[9f]">TAMPER_IRQHandler</a> from startup_stm32f103xe.o(.text) referenced from startup_stm32f103xe.o(RESET)
 <LI><a href="#[b5]">TIM1_BRK_IRQHandler</a> from startup_stm32f103xe.o(.text) referenced from startup_stm32f103xe.o(RESET)
 <LI><a href="#[b8]">TIM1_CC_IRQHandler</a> from startup_stm32f103xe.o(.text) referenced from startup_stm32f103xe.o(RESET)
 <LI><a href="#[b7]">TIM1_TRG_COM_IRQHandler</a> from startup_stm32f103xe.o(.text) referenced from startup_stm32f103xe.o(RESET)
 <LI><a href="#[b6]">TIM1_UP_IRQHandler</a> from startup_stm32f103xe.o(.text) referenced from startup_stm32f103xe.o(RESET)
 <LI><a href="#[b9]">TIM2_IRQHandler</a> from startup_stm32f103xe.o(.text) referenced from startup_stm32f103xe.o(RESET)
 <LI><a href="#[ba]">TIM3_IRQHandler</a> from startup_stm32f103xe.o(.text) referenced from startup_stm32f103xe.o(RESET)
 <LI><a href="#[bb]">TIM4_IRQHandler</a> from startup_stm32f103xe.o(.text) referenced from startup_stm32f103xe.o(RESET)
 <LI><a href="#[cf]">TIM5_IRQHandler</a> from startup_stm32f103xe.o(.text) referenced from startup_stm32f103xe.o(RESET)
 <LI><a href="#[d3]">TIM6_IRQHandler</a> from startup_stm32f103xe.o(.text) referenced from startup_stm32f103xe.o(RESET)
 <LI><a href="#[d4]">TIM7_IRQHandler</a> from startup_stm32f103xe.o(.text) referenced from startup_stm32f103xe.o(RESET)
 <LI><a href="#[c8]">TIM8_BRK_IRQHandler</a> from startup_stm32f103xe.o(.text) referenced from startup_stm32f103xe.o(RESET)
 <LI><a href="#[cb]">TIM8_CC_IRQHandler</a> from startup_stm32f103xe.o(.text) referenced from startup_stm32f103xe.o(RESET)
 <LI><a href="#[ca]">TIM8_TRG_COM_IRQHandler</a> from startup_stm32f103xe.o(.text) referenced from startup_stm32f103xe.o(RESET)
 <LI><a href="#[c9]">TIM8_UP_IRQHandler</a> from stm32f1xx_it.o(i.TIM8_UP_IRQHandler) referenced from startup_stm32f103xe.o(RESET)
 <LI><a href="#[f2]">Timer_100ms_Callback</a> from freertos.o(i.Timer_100ms_Callback) referenced from freertos.o(.constdata)
 <LI><a href="#[f1]">Timer_10ms_Callback</a> from freertos.o(i.Timer_10ms_Callback) referenced from freertos.o(.constdata)
 <LI><a href="#[d1]">UART4_IRQHandler</a> from startup_stm32f103xe.o(.text) referenced from startup_stm32f103xe.o(RESET)
 <LI><a href="#[d2]">UART5_IRQHandler</a> from startup_stm32f103xe.o(.text) referenced from startup_stm32f103xe.o(RESET)
 <LI><a href="#[e0]">UART_DMAAbortOnError</a> from stm32f1xx_hal_uart.o(i.UART_DMAAbortOnError) referenced from stm32f1xx_hal_uart.o(i.HAL_UART_IRQHandler)
 <LI><a href="#[e3]">UART_DMAError</a> from stm32f1xx_hal_uart.o(i.UART_DMAError) referenced from stm32f1xx_hal_uart.o(i.HAL_UART_Receive_DMA)
 <LI><a href="#[e3]">UART_DMAError</a> from stm32f1xx_hal_uart.o(i.UART_DMAError) referenced from stm32f1xx_hal_uart.o(i.HAL_UART_Transmit_DMA)
 <LI><a href="#[e1]">UART_DMAReceiveCplt</a> from stm32f1xx_hal_uart.o(i.UART_DMAReceiveCplt) referenced from stm32f1xx_hal_uart.o(i.HAL_UART_Receive_DMA)
 <LI><a href="#[e2]">UART_DMARxHalfCplt</a> from stm32f1xx_hal_uart.o(i.UART_DMARxHalfCplt) referenced from stm32f1xx_hal_uart.o(i.HAL_UART_Receive_DMA)
 <LI><a href="#[e4]">UART_DMATransmitCplt</a> from stm32f1xx_hal_uart.o(i.UART_DMATransmitCplt) referenced from stm32f1xx_hal_uart.o(i.HAL_UART_Transmit_DMA)
 <LI><a href="#[e5]">UART_DMATxHalfCplt</a> from stm32f1xx_hal_uart.o(i.UART_DMATxHalfCplt) referenced from stm32f1xx_hal_uart.o(i.HAL_UART_Transmit_DMA)
 <LI><a href="#[c2]">USART1_IRQHandler</a> from stm32f1xx_it.o(i.USART1_IRQHandler) referenced from startup_stm32f103xe.o(RESET)
 <LI><a href="#[c3]">USART2_IRQHandler</a> from stm32f1xx_it.o(i.USART2_IRQHandler) referenced from startup_stm32f103xe.o(RESET)
 <LI><a href="#[c4]">USART3_IRQHandler</a> from stm32f1xx_it.o(i.USART3_IRQHandler) referenced from startup_stm32f103xe.o(RESET)
 <LI><a href="#[c7]">USBWakeUp_IRQHandler</a> from startup_stm32f103xe.o(.text) referenced from startup_stm32f103xe.o(RESET)
 <LI><a href="#[b0]">USB_HP_CAN1_TX_IRQHandler</a> from startup_stm32f103xe.o(.text) referenced from startup_stm32f103xe.o(RESET)
 <LI><a href="#[b1]">USB_LP_CAN1_RX0_IRQHandler</a> from startup_stm32f103xe.o(.text) referenced from startup_stm32f103xe.o(RESET)
 <LI><a href="#[87]">Uart3_Init</a> from uart.o(i.Uart3_Init) referenced 2 times from uart.o(.data)
 <LI><a href="#[88]">Uart3_Rcv_Date</a> from uart.o(i.Uart3_Rcv_Date) referenced 2 times from uart.o(.data)
 <LI><a href="#[81]">Uart_Init</a> from uart.o(i.Uart_Init) referenced 2 times from uart.o(.data)
 <LI><a href="#[85]">Uart_Rcv_Gps</a> from uart.o(i.Uart_Rcv_Gps) referenced 2 times from uart.o(.data)
 <LI><a href="#[82]">Uart_Send_Test</a> from uart.o(i.Uart_Send_Test) referenced 2 times from uart.o(.data)
 <LI><a href="#[7c]">Update_Remote_Cmd</a> from uart3_rcv_queue.o(i.Update_Remote_Cmd) referenced 2 times from uart3_rcv_queue.o(.data)
 <LI><a href="#[7e]">Update_Track_Tracking_Cmd</a> from uart3_rcv_queue.o(i.Update_Track_Tracking_Cmd) referenced 2 times from uart3_rcv_queue.o(.data)
 <LI><a href="#[98]">UsageFault_Handler</a> from stm32f1xx_it.o(i.UsageFault_Handler) referenced from startup_stm32f103xe.o(RESET)
 <LI><a href="#[5]">Usart_Shell_Deinit</a> from shell.o(i.Usart_Shell_Deinit) referenced 2 times from shell.o(.data)
 <LI><a href="#[0]">Usart_Shell_Init</a> from shell.o(i.Usart_Shell_Init) referenced 2 times from shell.o(.data)
 <LI><a href="#[3]">Usart_Shell_Output</a> from shell.o(i.Usart_Shell_Output) referenced 2 times from shell.o(.data)
 <LI><a href="#[2]">Usart_Shell_Rcv</a> from shell.o(i.Usart_Shell_Rcv) referenced 2 times from shell.o(.data)
 <LI><a href="#[1]">Usart_Shell_Reg_Cmd</a> from shell.o(i.Usart_Shell_Reg_Cmd) referenced 2 times from shell.o(.data)
 <LI><a href="#[4]">Usart_Shell_Set_Type</a> from shell.o(i.Usart_Shell_Set_Type) referenced 2 times from shell.o(.data)
 <LI><a href="#[9d]">WWDG_IRQHandler</a> from startup_stm32f103xe.o(.text) referenced from startup_stm32f103xe.o(RESET)
 <LI><a href="#[db]">__main</a> from entry.o(.ARM.Collect$$$$00000000) referenced from startup_stm32f103xe.o(.text)
 <LI><a href="#[dd]">_sbackspace</a> from _sgetc.o(.text) referenced from __0sscanf.o(.text)
 <LI><a href="#[de]">_scanf_char_input</a> from scanf_char.o(.text) referenced from scanf_char.o(.text)
 <LI><a href="#[dc]">_sgetc</a> from _sgetc.o(.text) referenced from __0sscanf.o(.text)
 <LI><a href="#[ed]">_sputc</a> from printfa.o(i._sputc) referenced from printfa.o(i.__0sprintf)
 <LI><a href="#[ec]">fputc</a> from usart.o(i.fputc) referenced from printfa.o(i.__0printf)
 <LI><a href="#[df]">isspace</a> from isspace_c.o(.text) referenced from scanf_char.o(.text)
 <LI><a href="#[d9]">main</a> from main.o(i.main) referenced from entry9a.o(.ARM.Collect$$$$0000000B)
 <LI><a href="#[ef]">prvIdleTask</a> from tasks.o(i.prvIdleTask) referenced from tasks.o(i.vTaskStartScheduler)
 <LI><a href="#[ee]">prvTaskExitError</a> from port.o(i.prvTaskExitError) referenced from port.o(i.pxPortInitialiseStack)
 <LI><a href="#[f0]">prvTimerTask</a> from timers.o(i.prvTimerTask) referenced from timers.o(i.xTimerCreateTimerTask)
</UL>
<P>
<H3>
Global Symbols
</H3>
<P><STRONG><a name="[db]"></a>__main</STRONG> (Thumb, 0 bytes, Stack size unknown bytes, entry.o(.ARM.Collect$$$$00000000))
<BR>[Address Reference Count : 1]<UL><LI> startup_stm32f103xe.o(.text)
</UL>
<P><STRONG><a name="[232]"></a>_main_stk</STRONG> (Thumb, 0 bytes, Stack size unknown bytes, entry2.o(.ARM.Collect$$$$00000001))

<P><STRONG><a name="[f9]"></a>_main_scatterload</STRONG> (Thumb, 0 bytes, Stack size unknown bytes, entry5.o(.ARM.Collect$$$$00000004))
<BR><BR>[Calls]<UL><LI><a href="#[fa]">&gt;&gt;</a>&nbsp;&nbsp;&nbsp;__scatterload
</UL>

<P><STRONG><a name="[119]"></a>__main_after_scatterload</STRONG> (Thumb, 0 bytes, Stack size unknown bytes, entry5.o(.ARM.Collect$$$$00000004))
<BR><BR>[Called By]<UL><LI><a href="#[fa]">&gt;&gt;</a>&nbsp;&nbsp;&nbsp;__scatterload
</UL>

<P><STRONG><a name="[233]"></a>_main_clock</STRONG> (Thumb, 0 bytes, Stack size unknown bytes, entry7b.o(.ARM.Collect$$$$00000008))

<P><STRONG><a name="[234]"></a>_main_cpp_init</STRONG> (Thumb, 0 bytes, Stack size unknown bytes, entry8b.o(.ARM.Collect$$$$0000000A))

<P><STRONG><a name="[235]"></a>_main_init</STRONG> (Thumb, 0 bytes, Stack size unknown bytes, entry9a.o(.ARM.Collect$$$$0000000B))

<P><STRONG><a name="[236]"></a>__rt_final_cpp</STRONG> (Thumb, 0 bytes, Stack size unknown bytes, entry10a.o(.ARM.Collect$$$$0000000D))

<P><STRONG><a name="[237]"></a>__rt_final_exit</STRONG> (Thumb, 0 bytes, Stack size unknown bytes, entry11a.o(.ARM.Collect$$$$0000000F))

<P><STRONG><a name="[99]"></a>SVC_Handler</STRONG> (Thumb, 32 bytes, Stack size 0 bytes, port.o(.emb_text))
<BR>[Address Reference Count : 1]<UL><LI> startup_stm32f103xe.o(RESET)
</UL>
<P><STRONG><a name="[229]"></a>__asm___6_port_c_39a90d8d__prvStartFirstTask</STRONG> (Thumb, 28 bytes, Stack size 0 bytes, port.o(.emb_text))
<BR><BR>[Called By]<UL><LI><a href="#[226]">&gt;&gt;</a>&nbsp;&nbsp;&nbsp;xPortStartScheduler
</UL>

<P><STRONG><a name="[9b]"></a>PendSV_Handler</STRONG> (Thumb, 72 bytes, Stack size 0 bytes, port.o(.emb_text))
<BR><BR>[Stack]<UL><LI>Max Depth = 8<LI>Call Chain = PendSV_Handler &rArr; vTaskSwitchContext
</UL>
<BR>[Calls]<UL><LI><a href="#[fb]">&gt;&gt;</a>&nbsp;&nbsp;&nbsp;vTaskSwitchContext
</UL>
<BR>[Address Reference Count : 1]<UL><LI> startup_stm32f103xe.o(RESET)
</UL>
<P><STRONG><a name="[220]"></a>vPortGetIPSR</STRONG> (Thumb, 6 bytes, Stack size 0 bytes, port.o(.emb_text))
<BR><BR>[Called By]<UL><LI><a href="#[21f]">&gt;&gt;</a>&nbsp;&nbsp;&nbsp;vPortValidateInterruptPriority
</UL>

<P><STRONG><a name="[93]"></a>Reset_Handler</STRONG> (Thumb, 8 bytes, Stack size 0 bytes, startup_stm32f103xe.o(.text))
<BR>[Address Reference Count : 1]<UL><LI> startup_stm32f103xe.o(RESET)
</UL>
<P><STRONG><a name="[af]"></a>ADC1_2_IRQHandler</STRONG> (Thumb, 0 bytes, Stack size 0 bytes, startup_stm32f103xe.o(.text))
<BR><BR>[Calls]<UL><LI><a href="#[af]">&gt;&gt;</a>&nbsp;&nbsp;&nbsp;ADC1_2_IRQHandler
</UL>
<BR>[Called By]<UL><LI><a href="#[af]">&gt;&gt;</a>&nbsp;&nbsp;&nbsp;ADC1_2_IRQHandler
</UL>
<BR>[Address Reference Count : 1]<UL><LI> startup_stm32f103xe.o(RESET)
</UL>
<P><STRONG><a name="[cc]"></a>ADC3_IRQHandler</STRONG> (Thumb, 0 bytes, Stack size 0 bytes, startup_stm32f103xe.o(.text))
<BR>[Address Reference Count : 1]<UL><LI> startup_stm32f103xe.o(RESET)
</UL>
<P><STRONG><a name="[b2]"></a>CAN1_RX1_IRQHandler</STRONG> (Thumb, 0 bytes, Stack size 0 bytes, startup_stm32f103xe.o(.text))
<BR>[Address Reference Count : 1]<UL><LI> startup_stm32f103xe.o(RESET)
</UL>
<P><STRONG><a name="[b3]"></a>CAN1_SCE_IRQHandler</STRONG> (Thumb, 0 bytes, Stack size 0 bytes, startup_stm32f103xe.o(.text))
<BR>[Address Reference Count : 1]<UL><LI> startup_stm32f103xe.o(RESET)
</UL>
<P><STRONG><a name="[a8]"></a>DMA1_Channel1_IRQHandler</STRONG> (Thumb, 0 bytes, Stack size 0 bytes, startup_stm32f103xe.o(.text))
<BR>[Address Reference Count : 1]<UL><LI> startup_stm32f103xe.o(RESET)
</UL>
<P><STRONG><a name="[ac]"></a>DMA1_Channel5_IRQHandler</STRONG> (Thumb, 0 bytes, Stack size 0 bytes, startup_stm32f103xe.o(.text))
<BR>[Address Reference Count : 1]<UL><LI> startup_stm32f103xe.o(RESET)
</UL>
<P><STRONG><a name="[ae]"></a>DMA1_Channel7_IRQHandler</STRONG> (Thumb, 0 bytes, Stack size 0 bytes, startup_stm32f103xe.o(.text))
<BR>[Address Reference Count : 1]<UL><LI> startup_stm32f103xe.o(RESET)
</UL>
<P><STRONG><a name="[d5]"></a>DMA2_Channel1_IRQHandler</STRONG> (Thumb, 0 bytes, Stack size 0 bytes, startup_stm32f103xe.o(.text))
<BR>[Address Reference Count : 1]<UL><LI> startup_stm32f103xe.o(RESET)
</UL>
<P><STRONG><a name="[d6]"></a>DMA2_Channel2_IRQHandler</STRONG> (Thumb, 0 bytes, Stack size 0 bytes, startup_stm32f103xe.o(.text))
<BR>[Address Reference Count : 1]<UL><LI> startup_stm32f103xe.o(RESET)
</UL>
<P><STRONG><a name="[d7]"></a>DMA2_Channel3_IRQHandler</STRONG> (Thumb, 0 bytes, Stack size 0 bytes, startup_stm32f103xe.o(.text))
<BR>[Address Reference Count : 1]<UL><LI> startup_stm32f103xe.o(RESET)
</UL>
<P><STRONG><a name="[d8]"></a>DMA2_Channel4_5_IRQHandler</STRONG> (Thumb, 0 bytes, Stack size 0 bytes, startup_stm32f103xe.o(.text))
<BR>[Address Reference Count : 1]<UL><LI> startup_stm32f103xe.o(RESET)
</UL>
<P><STRONG><a name="[a3]"></a>EXTI0_IRQHandler</STRONG> (Thumb, 0 bytes, Stack size 0 bytes, startup_stm32f103xe.o(.text))
<BR>[Address Reference Count : 1]<UL><LI> startup_stm32f103xe.o(RESET)
</UL>
<P><STRONG><a name="[a4]"></a>EXTI1_IRQHandler</STRONG> (Thumb, 0 bytes, Stack size 0 bytes, startup_stm32f103xe.o(.text))
<BR>[Address Reference Count : 1]<UL><LI> startup_stm32f103xe.o(RESET)
</UL>
<P><STRONG><a name="[a6]"></a>EXTI3_IRQHandler</STRONG> (Thumb, 0 bytes, Stack size 0 bytes, startup_stm32f103xe.o(.text))
<BR>[Address Reference Count : 1]<UL><LI> startup_stm32f103xe.o(RESET)
</UL>
<P><STRONG><a name="[a7]"></a>EXTI4_IRQHandler</STRONG> (Thumb, 0 bytes, Stack size 0 bytes, startup_stm32f103xe.o(.text))
<BR>[Address Reference Count : 1]<UL><LI> startup_stm32f103xe.o(RESET)
</UL>
<P><STRONG><a name="[b4]"></a>EXTI9_5_IRQHandler</STRONG> (Thumb, 0 bytes, Stack size 0 bytes, startup_stm32f103xe.o(.text))
<BR>[Address Reference Count : 1]<UL><LI> startup_stm32f103xe.o(RESET)
</UL>
<P><STRONG><a name="[a1]"></a>FLASH_IRQHandler</STRONG> (Thumb, 0 bytes, Stack size 0 bytes, startup_stm32f103xe.o(.text))
<BR>[Address Reference Count : 1]<UL><LI> startup_stm32f103xe.o(RESET)
</UL>
<P><STRONG><a name="[cd]"></a>FSMC_IRQHandler</STRONG> (Thumb, 0 bytes, Stack size 0 bytes, startup_stm32f103xe.o(.text))
<BR>[Address Reference Count : 1]<UL><LI> startup_stm32f103xe.o(RESET)
</UL>
<P><STRONG><a name="[bd]"></a>I2C1_ER_IRQHandler</STRONG> (Thumb, 0 bytes, Stack size 0 bytes, startup_stm32f103xe.o(.text))
<BR>[Address Reference Count : 1]<UL><LI> startup_stm32f103xe.o(RESET)
</UL>
<P><STRONG><a name="[bc]"></a>I2C1_EV_IRQHandler</STRONG> (Thumb, 0 bytes, Stack size 0 bytes, startup_stm32f103xe.o(.text))
<BR>[Address Reference Count : 1]<UL><LI> startup_stm32f103xe.o(RESET)
</UL>
<P><STRONG><a name="[bf]"></a>I2C2_ER_IRQHandler</STRONG> (Thumb, 0 bytes, Stack size 0 bytes, startup_stm32f103xe.o(.text))
<BR>[Address Reference Count : 1]<UL><LI> startup_stm32f103xe.o(RESET)
</UL>
<P><STRONG><a name="[be]"></a>I2C2_EV_IRQHandler</STRONG> (Thumb, 0 bytes, Stack size 0 bytes, startup_stm32f103xe.o(.text))
<BR>[Address Reference Count : 1]<UL><LI> startup_stm32f103xe.o(RESET)
</UL>
<P><STRONG><a name="[9e]"></a>PVD_IRQHandler</STRONG> (Thumb, 0 bytes, Stack size 0 bytes, startup_stm32f103xe.o(.text))
<BR>[Address Reference Count : 1]<UL><LI> startup_stm32f103xe.o(RESET)
</UL>
<P><STRONG><a name="[a2]"></a>RCC_IRQHandler</STRONG> (Thumb, 0 bytes, Stack size 0 bytes, startup_stm32f103xe.o(.text))
<BR>[Address Reference Count : 1]<UL><LI> startup_stm32f103xe.o(RESET)
</UL>
<P><STRONG><a name="[c6]"></a>RTC_Alarm_IRQHandler</STRONG> (Thumb, 0 bytes, Stack size 0 bytes, startup_stm32f103xe.o(.text))
<BR>[Address Reference Count : 1]<UL><LI> startup_stm32f103xe.o(RESET)
</UL>
<P><STRONG><a name="[a0]"></a>RTC_IRQHandler</STRONG> (Thumb, 0 bytes, Stack size 0 bytes, startup_stm32f103xe.o(.text))
<BR>[Address Reference Count : 1]<UL><LI> startup_stm32f103xe.o(RESET)
</UL>
<P><STRONG><a name="[ce]"></a>SDIO_IRQHandler</STRONG> (Thumb, 0 bytes, Stack size 0 bytes, startup_stm32f103xe.o(.text))
<BR>[Address Reference Count : 1]<UL><LI> startup_stm32f103xe.o(RESET)
</UL>
<P><STRONG><a name="[c0]"></a>SPI1_IRQHandler</STRONG> (Thumb, 0 bytes, Stack size 0 bytes, startup_stm32f103xe.o(.text))
<BR>[Address Reference Count : 1]<UL><LI> startup_stm32f103xe.o(RESET)
</UL>
<P><STRONG><a name="[c1]"></a>SPI2_IRQHandler</STRONG> (Thumb, 0 bytes, Stack size 0 bytes, startup_stm32f103xe.o(.text))
<BR>[Address Reference Count : 1]<UL><LI> startup_stm32f103xe.o(RESET)
</UL>
<P><STRONG><a name="[d0]"></a>SPI3_IRQHandler</STRONG> (Thumb, 0 bytes, Stack size 0 bytes, startup_stm32f103xe.o(.text))
<BR>[Address Reference Count : 1]<UL><LI> startup_stm32f103xe.o(RESET)
</UL>
<P><STRONG><a name="[9f]"></a>TAMPER_IRQHandler</STRONG> (Thumb, 0 bytes, Stack size 0 bytes, startup_stm32f103xe.o(.text))
<BR>[Address Reference Count : 1]<UL><LI> startup_stm32f103xe.o(RESET)
</UL>
<P><STRONG><a name="[b5]"></a>TIM1_BRK_IRQHandler</STRONG> (Thumb, 0 bytes, Stack size 0 bytes, startup_stm32f103xe.o(.text))
<BR>[Address Reference Count : 1]<UL><LI> startup_stm32f103xe.o(RESET)
</UL>
<P><STRONG><a name="[b8]"></a>TIM1_CC_IRQHandler</STRONG> (Thumb, 0 bytes, Stack size 0 bytes, startup_stm32f103xe.o(.text))
<BR>[Address Reference Count : 1]<UL><LI> startup_stm32f103xe.o(RESET)
</UL>
<P><STRONG><a name="[b7]"></a>TIM1_TRG_COM_IRQHandler</STRONG> (Thumb, 0 bytes, Stack size 0 bytes, startup_stm32f103xe.o(.text))
<BR>[Address Reference Count : 1]<UL><LI> startup_stm32f103xe.o(RESET)
</UL>
<P><STRONG><a name="[b6]"></a>TIM1_UP_IRQHandler</STRONG> (Thumb, 0 bytes, Stack size 0 bytes, startup_stm32f103xe.o(.text))
<BR>[Address Reference Count : 1]<UL><LI> startup_stm32f103xe.o(RESET)
</UL>
<P><STRONG><a name="[b9]"></a>TIM2_IRQHandler</STRONG> (Thumb, 0 bytes, Stack size 0 bytes, startup_stm32f103xe.o(.text))
<BR>[Address Reference Count : 1]<UL><LI> startup_stm32f103xe.o(RESET)
</UL>
<P><STRONG><a name="[ba]"></a>TIM3_IRQHandler</STRONG> (Thumb, 0 bytes, Stack size 0 bytes, startup_stm32f103xe.o(.text))
<BR>[Address Reference Count : 1]<UL><LI> startup_stm32f103xe.o(RESET)
</UL>
<P><STRONG><a name="[bb]"></a>TIM4_IRQHandler</STRONG> (Thumb, 0 bytes, Stack size 0 bytes, startup_stm32f103xe.o(.text))
<BR>[Address Reference Count : 1]<UL><LI> startup_stm32f103xe.o(RESET)
</UL>
<P><STRONG><a name="[cf]"></a>TIM5_IRQHandler</STRONG> (Thumb, 0 bytes, Stack size 0 bytes, startup_stm32f103xe.o(.text))
<BR>[Address Reference Count : 1]<UL><LI> startup_stm32f103xe.o(RESET)
</UL>
<P><STRONG><a name="[d3]"></a>TIM6_IRQHandler</STRONG> (Thumb, 0 bytes, Stack size 0 bytes, startup_stm32f103xe.o(.text))
<BR>[Address Reference Count : 1]<UL><LI> startup_stm32f103xe.o(RESET)
</UL>
<P><STRONG><a name="[d4]"></a>TIM7_IRQHandler</STRONG> (Thumb, 0 bytes, Stack size 0 bytes, startup_stm32f103xe.o(.text))
<BR>[Address Reference Count : 1]<UL><LI> startup_stm32f103xe.o(RESET)
</UL>
<P><STRONG><a name="[c8]"></a>TIM8_BRK_IRQHandler</STRONG> (Thumb, 0 bytes, Stack size 0 bytes, startup_stm32f103xe.o(.text))
<BR>[Address Reference Count : 1]<UL><LI> startup_stm32f103xe.o(RESET)
</UL>
<P><STRONG><a name="[cb]"></a>TIM8_CC_IRQHandler</STRONG> (Thumb, 0 bytes, Stack size 0 bytes, startup_stm32f103xe.o(.text))
<BR>[Address Reference Count : 1]<UL><LI> startup_stm32f103xe.o(RESET)
</UL>
<P><STRONG><a name="[ca]"></a>TIM8_TRG_COM_IRQHandler</STRONG> (Thumb, 0 bytes, Stack size 0 bytes, startup_stm32f103xe.o(.text))
<BR>[Address Reference Count : 1]<UL><LI> startup_stm32f103xe.o(RESET)
</UL>
<P><STRONG><a name="[d1]"></a>UART4_IRQHandler</STRONG> (Thumb, 0 bytes, Stack size 0 bytes, startup_stm32f103xe.o(.text))
<BR>[Address Reference Count : 1]<UL><LI> startup_stm32f103xe.o(RESET)
</UL>
<P><STRONG><a name="[d2]"></a>UART5_IRQHandler</STRONG> (Thumb, 0 bytes, Stack size 0 bytes, startup_stm32f103xe.o(.text))
<BR>[Address Reference Count : 1]<UL><LI> startup_stm32f103xe.o(RESET)
</UL>
<P><STRONG><a name="[c7]"></a>USBWakeUp_IRQHandler</STRONG> (Thumb, 0 bytes, Stack size 0 bytes, startup_stm32f103xe.o(.text))
<BR>[Address Reference Count : 1]<UL><LI> startup_stm32f103xe.o(RESET)
</UL>
<P><STRONG><a name="[b0]"></a>USB_HP_CAN1_TX_IRQHandler</STRONG> (Thumb, 0 bytes, Stack size 0 bytes, startup_stm32f103xe.o(.text))
<BR>[Address Reference Count : 1]<UL><LI> startup_stm32f103xe.o(RESET)
</UL>
<P><STRONG><a name="[b1]"></a>USB_LP_CAN1_RX0_IRQHandler</STRONG> (Thumb, 0 bytes, Stack size 0 bytes, startup_stm32f103xe.o(.text))
<BR>[Address Reference Count : 1]<UL><LI> startup_stm32f103xe.o(RESET)
</UL>
<P><STRONG><a name="[9d]"></a>WWDG_IRQHandler</STRONG> (Thumb, 0 bytes, Stack size 0 bytes, startup_stm32f103xe.o(.text))
<BR>[Address Reference Count : 1]<UL><LI> startup_stm32f103xe.o(RESET)
</UL>
<P><STRONG><a name="[114]"></a>__aeabi_llsr</STRONG> (Thumb, 32 bytes, Stack size 0 bytes, llushr.o(.text))
<BR><BR>[Called By]<UL><LI><a href="#[113]">&gt;&gt;</a>&nbsp;&nbsp;&nbsp;__aeabi_d2uiz
<LI><a href="#[116]">&gt;&gt;</a>&nbsp;&nbsp;&nbsp;__aeabi_uldivmod
<LI><a href="#[11d]">&gt;&gt;</a>&nbsp;&nbsp;&nbsp;__aeabi_d2iz
<LI><a href="#[10d]">&gt;&gt;</a>&nbsp;&nbsp;&nbsp;_double_epilogue
<LI><a href="#[118]">&gt;&gt;</a>&nbsp;&nbsp;&nbsp;__aeabi_d2ulz
</UL>

<P><STRONG><a name="[238]"></a>_ll_ushift_r</STRONG> (Thumb, 0 bytes, Stack size 0 bytes, llushr.o(.text), UNUSED)

<P><STRONG><a name="[1b7]"></a>__aeabi_memcpy</STRONG> (Thumb, 36 bytes, Stack size 0 bytes, memcpya.o(.text))
<BR><BR>[Called By]<UL><LI><a href="#[202]">&gt;&gt;</a>&nbsp;&nbsp;&nbsp;prvCopyDataToQueue
<LI><a href="#[201]">&gt;&gt;</a>&nbsp;&nbsp;&nbsp;prvCopyDataFromQueue
<LI><a href="#[82]">&gt;&gt;</a>&nbsp;&nbsp;&nbsp;Uart_Send_Test
<LI><a href="#[85]">&gt;&gt;</a>&nbsp;&nbsp;&nbsp;Uart_Rcv_Gps
<LI><a href="#[72]">&gt;&gt;</a>&nbsp;&nbsp;&nbsp;Send
</UL>

<P><STRONG><a name="[1a4]"></a>__aeabi_memcpy4</STRONG> (Thumb, 0 bytes, Stack size 0 bytes, memcpya.o(.text))
<BR><BR>[Called By]<UL><LI><a href="#[1a1]">&gt;&gt;</a>&nbsp;&nbsp;&nbsp;MX_FREERTOS_Init
</UL>

<P><STRONG><a name="[239]"></a>__aeabi_memcpy8</STRONG> (Thumb, 0 bytes, Stack size 0 bytes, memcpya.o(.text), UNUSED)

<P><STRONG><a name="[fd]"></a>__aeabi_memset</STRONG> (Thumb, 14 bytes, Stack size 0 bytes, memseta.o(.text))
<BR><BR>[Called By]<UL><LI><a href="#[fe]">&gt;&gt;</a>&nbsp;&nbsp;&nbsp;memset
<LI><a href="#[fc]">&gt;&gt;</a>&nbsp;&nbsp;&nbsp;__aeabi_memclr
</UL>

<P><STRONG><a name="[23a]"></a>__aeabi_memset4</STRONG> (Thumb, 0 bytes, Stack size 0 bytes, memseta.o(.text), UNUSED)

<P><STRONG><a name="[23b]"></a>__aeabi_memset8</STRONG> (Thumb, 0 bytes, Stack size 0 bytes, memseta.o(.text), UNUSED)

<P><STRONG><a name="[fc]"></a>__aeabi_memclr</STRONG> (Thumb, 4 bytes, Stack size 0 bytes, memseta.o(.text))
<BR><BR>[Calls]<UL><LI><a href="#[fd]">&gt;&gt;</a>&nbsp;&nbsp;&nbsp;__aeabi_memset
</UL>
<BR>[Called By]<UL><LI><a href="#[82]">&gt;&gt;</a>&nbsp;&nbsp;&nbsp;Uart_Send_Test
<LI><a href="#[88]">&gt;&gt;</a>&nbsp;&nbsp;&nbsp;Uart3_Rcv_Date
<LI><a href="#[72]">&gt;&gt;</a>&nbsp;&nbsp;&nbsp;Send
</UL>

<P><STRONG><a name="[1a9]"></a>__aeabi_memclr4</STRONG> (Thumb, 0 bytes, Stack size 0 bytes, memseta.o(.text))
<BR><BR>[Called By]<UL><LI><a href="#[1a8]">&gt;&gt;</a>&nbsp;&nbsp;&nbsp;MX_TIM1_Init
<LI><a href="#[1cc]">&gt;&gt;</a>&nbsp;&nbsp;&nbsp;SystemClock_Config
<LI><a href="#[1bb]">&gt;&gt;</a>&nbsp;&nbsp;&nbsp;Shell_Analyse_Command
<LI><a href="#[192]">&gt;&gt;</a>&nbsp;&nbsp;&nbsp;Refresh_Speed
</UL>

<P><STRONG><a name="[23c]"></a>__aeabi_memclr8</STRONG> (Thumb, 0 bytes, Stack size 0 bytes, memseta.o(.text), UNUSED)

<P><STRONG><a name="[fe]"></a>memset</STRONG> (Thumb, 18 bytes, Stack size 8 bytes, memseta.o(.text), UNUSED)
<BR><BR>[Calls]<UL><LI><a href="#[fd]">&gt;&gt;</a>&nbsp;&nbsp;&nbsp;__aeabi_memset
</UL>

<P><STRONG><a name="[1bd]"></a>strcat</STRONG> (Thumb, 24 bytes, Stack size 0 bytes, strcat.o(.text))
<BR><BR>[Called By]<UL><LI><a href="#[1bb]">&gt;&gt;</a>&nbsp;&nbsp;&nbsp;Shell_Analyse_Command
</UL>

<P><STRONG><a name="[136]"></a>strstr</STRONG> (Thumb, 36 bytes, Stack size 12 bytes, strstr.o(.text))
<BR><BR>[Stack]<UL><LI>Max Depth = 12<LI>Call Chain = strstr
</UL>
<BR>[Called By]<UL><LI><a href="#[10]">&gt;&gt;</a>&nbsp;&nbsp;&nbsp;Gps_GNRMC_Analyse
</UL>

<P><STRONG><a name="[129]"></a>strlen</STRONG> (Thumb, 14 bytes, Stack size 0 bytes, strlen.o(.text))
<BR><BR>[Called By]<UL><LI><a href="#[eb]">&gt;&gt;</a>&nbsp;&nbsp;&nbsp;Cmd_Set_Pid
<LI><a href="#[1bb]">&gt;&gt;</a>&nbsp;&nbsp;&nbsp;Shell_Analyse_Command
<LI><a href="#[10]">&gt;&gt;</a>&nbsp;&nbsp;&nbsp;Gps_GNRMC_Analyse
</UL>

<P><STRONG><a name="[1c0]"></a>strcmp</STRONG> (Thumb, 28 bytes, Stack size 8 bytes, strcmp.o(.text))
<BR><BR>[Stack]<UL><LI>Max Depth = 8<LI>Call Chain = strcmp
</UL>
<BR>[Called By]<UL><LI><a href="#[1bb]">&gt;&gt;</a>&nbsp;&nbsp;&nbsp;Shell_Analyse_Command
</UL>

<P><STRONG><a name="[1bf]"></a>strspn</STRONG> (Thumb, 28 bytes, Stack size 12 bytes, strspn.o(.text))
<BR><BR>[Stack]<UL><LI>Max Depth = 12<LI>Call Chain = strspn
</UL>
<BR>[Called By]<UL><LI><a href="#[1bb]">&gt;&gt;</a>&nbsp;&nbsp;&nbsp;Shell_Analyse_Command
</UL>

<P><STRONG><a name="[ff]"></a>__0sscanf</STRONG> (Thumb, 48 bytes, Stack size 72 bytes, __0sscanf.o(.text))
<BR><BR>[Stack]<UL><LI>Max Depth = 264<LI>Call Chain = __0sscanf &rArr; __vfscanf_char &rArr; __vfscanf &rArr; _scanf_real
</UL>
<BR>[Calls]<UL><LI><a href="#[100]">&gt;&gt;</a>&nbsp;&nbsp;&nbsp;__vfscanf_char
</UL>
<BR>[Called By]<UL><LI><a href="#[e6]">&gt;&gt;</a>&nbsp;&nbsp;&nbsp;Cmd_Turn_Test
<LI><a href="#[eb]">&gt;&gt;</a>&nbsp;&nbsp;&nbsp;Cmd_Set_Pid
<LI><a href="#[1bb]">&gt;&gt;</a>&nbsp;&nbsp;&nbsp;Shell_Analyse_Command
<LI><a href="#[10]">&gt;&gt;</a>&nbsp;&nbsp;&nbsp;Gps_GNRMC_Analyse
</UL>

<P><STRONG><a name="[101]"></a>_scanf_int</STRONG> (Thumb, 332 bytes, Stack size 56 bytes, _scanf_int.o(.text))
<BR><BR>[Stack]<UL><LI>Max Depth = 56<LI>Call Chain = _scanf_int
</UL>
<BR>[Calls]<UL><LI><a href="#[102]">&gt;&gt;</a>&nbsp;&nbsp;&nbsp;_chval
</UL>
<BR>[Called By]<UL><LI><a href="#[117]">&gt;&gt;</a>&nbsp;&nbsp;&nbsp;__vfscanf
</UL>

<P><STRONG><a name="[11c]"></a>_scanf_string</STRONG> (Thumb, 224 bytes, Stack size 56 bytes, _scanf_str.o(.text))
<BR><BR>[Stack]<UL><LI>Max Depth = 56<LI>Call Chain = _scanf_string
</UL>
<BR>[Called By]<UL><LI><a href="#[117]">&gt;&gt;</a>&nbsp;&nbsp;&nbsp;__vfscanf
</UL>

<P><STRONG><a name="[11b]"></a>_scanf_real</STRONG> (Thumb, 0 bytes, Stack size 104 bytes, scanf_fp.o(.text))
<BR><BR>[Stack]<UL><LI>Max Depth = 104<LI>Call Chain = _scanf_real
</UL>
<BR>[Called By]<UL><LI><a href="#[117]">&gt;&gt;</a>&nbsp;&nbsp;&nbsp;__vfscanf
</UL>

<P><STRONG><a name="[107]"></a>_scanf_really_real</STRONG> (Thumb, 556 bytes, Stack size 104 bytes, scanf_fp.o(.text), UNUSED)
<BR><BR>[Calls]<UL><LI><a href="#[109]">&gt;&gt;</a>&nbsp;&nbsp;&nbsp;__aeabi_d2f
<LI><a href="#[108]">&gt;&gt;</a>&nbsp;&nbsp;&nbsp;_is_digit
<LI><a href="#[103]">&gt;&gt;</a>&nbsp;&nbsp;&nbsp;_fp_value
</UL>

<P><STRONG><a name="[121]"></a>__aeabi_fmul</STRONG> (Thumb, 100 bytes, Stack size 8 bytes, fmul.o(.text))
<BR><BR>[Stack]<UL><LI>Max Depth = 8<LI>Call Chain = __aeabi_fmul
</UL>
<BR>[Called By]<UL><LI><a href="#[48]">&gt;&gt;</a>&nbsp;&nbsp;&nbsp;Car_Walk_Straight_Line
<LI><a href="#[53]">&gt;&gt;</a>&nbsp;&nbsp;&nbsp;Car_Turn_8
<LI><a href="#[49]">&gt;&gt;</a>&nbsp;&nbsp;&nbsp;Car_Turn
<LI><a href="#[47]">&gt;&gt;</a>&nbsp;&nbsp;&nbsp;Car_Remote_Turn
</UL>

<P><STRONG><a name="[10a]"></a>__aeabi_dadd</STRONG> (Thumb, 322 bytes, Stack size 48 bytes, dadd.o(.text))
<BR><BR>[Stack]<UL><LI>Max Depth = 88<LI>Call Chain = __aeabi_dadd &rArr; _double_epilogue &rArr; _double_round
</UL>
<BR>[Calls]<UL><LI><a href="#[10e]">&gt;&gt;</a>&nbsp;&nbsp;&nbsp;_double_round
<LI><a href="#[10d]">&gt;&gt;</a>&nbsp;&nbsp;&nbsp;_double_epilogue
<LI><a href="#[10c]">&gt;&gt;</a>&nbsp;&nbsp;&nbsp;__aeabi_lasr
<LI><a href="#[10b]">&gt;&gt;</a>&nbsp;&nbsp;&nbsp;__aeabi_llsl
</UL>
<BR>[Called By]<UL><LI><a href="#[10f]">&gt;&gt;</a>&nbsp;&nbsp;&nbsp;__aeabi_dsub
<LI><a href="#[110]">&gt;&gt;</a>&nbsp;&nbsp;&nbsp;__aeabi_drsub
<LI><a href="#[1dc]">&gt;&gt;</a>&nbsp;&nbsp;&nbsp;__kernel_sin
<LI><a href="#[1d8]">&gt;&gt;</a>&nbsp;&nbsp;&nbsp;__ieee754_rem_pio2
<LI><a href="#[1db]">&gt;&gt;</a>&nbsp;&nbsp;&nbsp;__kernel_poly
<LI><a href="#[1e1]">&gt;&gt;</a>&nbsp;&nbsp;&nbsp;_fp_digits
</UL>

<P><STRONG><a name="[10f]"></a>__aeabi_dsub</STRONG> (Thumb, 6 bytes, Stack size 0 bytes, dadd.o(.text))
<BR><BR>[Stack]<UL><LI>Max Depth = 88<LI>Call Chain = __aeabi_dsub &rArr; __aeabi_dadd &rArr; _double_epilogue &rArr; _double_round
</UL>
<BR>[Calls]<UL><LI><a href="#[10a]">&gt;&gt;</a>&nbsp;&nbsp;&nbsp;__aeabi_dadd
</UL>
<BR>[Called By]<UL><LI><a href="#[1dc]">&gt;&gt;</a>&nbsp;&nbsp;&nbsp;__kernel_sin
<LI><a href="#[1d8]">&gt;&gt;</a>&nbsp;&nbsp;&nbsp;__ieee754_rem_pio2
<LI><a href="#[1da]">&gt;&gt;</a>&nbsp;&nbsp;&nbsp;__kernel_cos
</UL>

<P><STRONG><a name="[110]"></a>__aeabi_drsub</STRONG> (Thumb, 6 bytes, Stack size 0 bytes, dadd.o(.text))
<BR><BR>[Stack]<UL><LI>Max Depth = 88<LI>Call Chain = __aeabi_drsub &rArr; __aeabi_dadd &rArr; _double_epilogue &rArr; _double_round
</UL>
<BR>[Calls]<UL><LI><a href="#[10a]">&gt;&gt;</a>&nbsp;&nbsp;&nbsp;__aeabi_dadd
</UL>
<BR>[Called By]<UL><LI><a href="#[1dc]">&gt;&gt;</a>&nbsp;&nbsp;&nbsp;__kernel_sin
<LI><a href="#[1d8]">&gt;&gt;</a>&nbsp;&nbsp;&nbsp;__ieee754_rem_pio2
<LI><a href="#[1da]">&gt;&gt;</a>&nbsp;&nbsp;&nbsp;__kernel_cos
</UL>

<P><STRONG><a name="[105]"></a>__aeabi_dmul</STRONG> (Thumb, 228 bytes, Stack size 48 bytes, dmul.o(.text))
<BR><BR>[Stack]<UL><LI>Max Depth = 88<LI>Call Chain = __aeabi_dmul &rArr; _double_epilogue &rArr; _double_round
</UL>
<BR>[Calls]<UL><LI><a href="#[10d]">&gt;&gt;</a>&nbsp;&nbsp;&nbsp;_double_epilogue
</UL>
<BR>[Called By]<UL><LI><a href="#[48]">&gt;&gt;</a>&nbsp;&nbsp;&nbsp;Car_Walk_Straight_Line
<LI><a href="#[1dc]">&gt;&gt;</a>&nbsp;&nbsp;&nbsp;__kernel_sin
<LI><a href="#[1d8]">&gt;&gt;</a>&nbsp;&nbsp;&nbsp;__ieee754_rem_pio2
<LI><a href="#[1db]">&gt;&gt;</a>&nbsp;&nbsp;&nbsp;__kernel_poly
<LI><a href="#[1da]">&gt;&gt;</a>&nbsp;&nbsp;&nbsp;__kernel_cos
<LI><a href="#[103]">&gt;&gt;</a>&nbsp;&nbsp;&nbsp;_fp_value
<LI><a href="#[1e1]">&gt;&gt;</a>&nbsp;&nbsp;&nbsp;_fp_digits
</UL>

<P><STRONG><a name="[106]"></a>__aeabi_ddiv</STRONG> (Thumb, 222 bytes, Stack size 32 bytes, ddiv.o(.text))
<BR><BR>[Stack]<UL><LI>Max Depth = 40<LI>Call Chain = __aeabi_ddiv &rArr; _double_round
</UL>
<BR>[Calls]<UL><LI><a href="#[10e]">&gt;&gt;</a>&nbsp;&nbsp;&nbsp;_double_round
</UL>
<BR>[Called By]<UL><LI><a href="#[d]">&gt;&gt;</a>&nbsp;&nbsp;&nbsp;Bno055_Get_Mag_Data
<LI><a href="#[e]">&gt;&gt;</a>&nbsp;&nbsp;&nbsp;Bno055_Get_Gyo_Data
<LI><a href="#[b]">&gt;&gt;</a>&nbsp;&nbsp;&nbsp;Bno055_Get_Data
<LI><a href="#[c]">&gt;&gt;</a>&nbsp;&nbsp;&nbsp;Bno055_Get_Acc_Data
<LI><a href="#[1e0]">&gt;&gt;</a>&nbsp;&nbsp;&nbsp;__mathlib_dbl_invalid
<LI><a href="#[103]">&gt;&gt;</a>&nbsp;&nbsp;&nbsp;_fp_value
<LI><a href="#[1e1]">&gt;&gt;</a>&nbsp;&nbsp;&nbsp;_fp_digits
</UL>

<P><STRONG><a name="[111]"></a>__aeabi_i2d</STRONG> (Thumb, 34 bytes, Stack size 16 bytes, dflti.o(.text))
<BR><BR>[Stack]<UL><LI>Max Depth = 56<LI>Call Chain = __aeabi_i2d &rArr; _double_epilogue &rArr; _double_round
</UL>
<BR>[Calls]<UL><LI><a href="#[10d]">&gt;&gt;</a>&nbsp;&nbsp;&nbsp;_double_epilogue
</UL>
<BR>[Called By]<UL><LI><a href="#[d]">&gt;&gt;</a>&nbsp;&nbsp;&nbsp;Bno055_Get_Mag_Data
<LI><a href="#[e]">&gt;&gt;</a>&nbsp;&nbsp;&nbsp;Bno055_Get_Gyo_Data
<LI><a href="#[b]">&gt;&gt;</a>&nbsp;&nbsp;&nbsp;Bno055_Get_Data
<LI><a href="#[c]">&gt;&gt;</a>&nbsp;&nbsp;&nbsp;Bno055_Get_Acc_Data
<LI><a href="#[48]">&gt;&gt;</a>&nbsp;&nbsp;&nbsp;Car_Walk_Straight_Line
<LI><a href="#[1d8]">&gt;&gt;</a>&nbsp;&nbsp;&nbsp;__ieee754_rem_pio2
</UL>

<P><STRONG><a name="[112]"></a>__aeabi_ui2d</STRONG> (Thumb, 26 bytes, Stack size 16 bytes, dfltui.o(.text))
<BR><BR>[Stack]<UL><LI>Max Depth = 56<LI>Call Chain = __aeabi_ui2d &rArr; _double_epilogue &rArr; _double_round
</UL>
<BR>[Calls]<UL><LI><a href="#[10d]">&gt;&gt;</a>&nbsp;&nbsp;&nbsp;_double_epilogue
</UL>
<BR>[Called By]<UL><LI><a href="#[48]">&gt;&gt;</a>&nbsp;&nbsp;&nbsp;Car_Walk_Straight_Line
<LI><a href="#[1d8]">&gt;&gt;</a>&nbsp;&nbsp;&nbsp;__ieee754_rem_pio2
</UL>

<P><STRONG><a name="[122]"></a>__aeabi_f2iz</STRONG> (Thumb, 50 bytes, Stack size 0 bytes, ffixi.o(.text))
<BR><BR>[Called By]<UL><LI><a href="#[f3]">&gt;&gt;</a>&nbsp;&nbsp;&nbsp;Start_Moving_Control_Task
<LI><a href="#[48]">&gt;&gt;</a>&nbsp;&nbsp;&nbsp;Car_Walk_Straight_Line
<LI><a href="#[53]">&gt;&gt;</a>&nbsp;&nbsp;&nbsp;Car_Turn_8
<LI><a href="#[49]">&gt;&gt;</a>&nbsp;&nbsp;&nbsp;Car_Turn
<LI><a href="#[47]">&gt;&gt;</a>&nbsp;&nbsp;&nbsp;Car_Remote_Turn
</UL>

<P><STRONG><a name="[12f]"></a>__aeabi_f2uiz</STRONG> (Thumb, 40 bytes, Stack size 0 bytes, ffixui.o(.text))
<BR><BR>[Called By]<UL><LI><a href="#[70]">&gt;&gt;</a>&nbsp;&nbsp;&nbsp;Get_Gps_Data
</UL>

<P><STRONG><a name="[113]"></a>__aeabi_d2uiz</STRONG> (Thumb, 50 bytes, Stack size 8 bytes, dfixui.o(.text))
<BR><BR>[Stack]<UL><LI>Max Depth = 8<LI>Call Chain = __aeabi_d2uiz
</UL>
<BR>[Calls]<UL><LI><a href="#[114]">&gt;&gt;</a>&nbsp;&nbsp;&nbsp;__aeabi_llsr
</UL>
<BR>[Called By]<UL><LI><a href="#[48]">&gt;&gt;</a>&nbsp;&nbsp;&nbsp;Car_Walk_Straight_Line
</UL>

<P><STRONG><a name="[1c9]"></a>__aeabi_f2d</STRONG> (Thumb, 38 bytes, Stack size 0 bytes, f2d.o(.text))
<BR><BR>[Called By]<UL><LI><a href="#[f6]">&gt;&gt;</a>&nbsp;&nbsp;&nbsp;Start_Data_Updata_Task
</UL>

<P><STRONG><a name="[109]"></a>__aeabi_d2f</STRONG> (Thumb, 56 bytes, Stack size 8 bytes, d2f.o(.text))
<BR><BR>[Stack]<UL><LI>Max Depth = 8<LI>Call Chain = __aeabi_d2f
</UL>
<BR>[Calls]<UL><LI><a href="#[115]">&gt;&gt;</a>&nbsp;&nbsp;&nbsp;_float_round
</UL>
<BR>[Called By]<UL><LI><a href="#[d]">&gt;&gt;</a>&nbsp;&nbsp;&nbsp;Bno055_Get_Mag_Data
<LI><a href="#[e]">&gt;&gt;</a>&nbsp;&nbsp;&nbsp;Bno055_Get_Gyo_Data
<LI><a href="#[b]">&gt;&gt;</a>&nbsp;&nbsp;&nbsp;Bno055_Get_Data
<LI><a href="#[c]">&gt;&gt;</a>&nbsp;&nbsp;&nbsp;Bno055_Get_Acc_Data
<LI><a href="#[107]">&gt;&gt;</a>&nbsp;&nbsp;&nbsp;_scanf_really_real
</UL>

<P><STRONG><a name="[23d]"></a>__aeabi_uidiv</STRONG> (Thumb, 0 bytes, Stack size 12 bytes, uidiv.o(.text), UNUSED)

<P><STRONG><a name="[1e5]"></a>__aeabi_uidivmod</STRONG> (Thumb, 44 bytes, Stack size 12 bytes, uidiv.o(.text), UNUSED)
<BR><BR>[Called By]<UL><LI><a href="#[1d6]">&gt;&gt;</a>&nbsp;&nbsp;&nbsp;_printf_core
</UL>

<P><STRONG><a name="[116]"></a>__aeabi_uldivmod</STRONG> (Thumb, 98 bytes, Stack size 40 bytes, uldiv.o(.text), UNUSED)
<BR><BR>[Calls]<UL><LI><a href="#[114]">&gt;&gt;</a>&nbsp;&nbsp;&nbsp;__aeabi_llsr
<LI><a href="#[10b]">&gt;&gt;</a>&nbsp;&nbsp;&nbsp;__aeabi_llsl
</UL>
<BR>[Called By]<UL><LI><a href="#[1d6]">&gt;&gt;</a>&nbsp;&nbsp;&nbsp;_printf_core
<LI><a href="#[1e1]">&gt;&gt;</a>&nbsp;&nbsp;&nbsp;_fp_digits
</UL>

<P><STRONG><a name="[10b]"></a>__aeabi_llsl</STRONG> (Thumb, 30 bytes, Stack size 0 bytes, llshl.o(.text))
<BR><BR>[Called By]<UL><LI><a href="#[10a]">&gt;&gt;</a>&nbsp;&nbsp;&nbsp;__aeabi_dadd
<LI><a href="#[116]">&gt;&gt;</a>&nbsp;&nbsp;&nbsp;__aeabi_uldivmod
<LI><a href="#[10d]">&gt;&gt;</a>&nbsp;&nbsp;&nbsp;_double_epilogue
<LI><a href="#[118]">&gt;&gt;</a>&nbsp;&nbsp;&nbsp;__aeabi_d2ulz
</UL>

<P><STRONG><a name="[23e]"></a>_ll_shift_l</STRONG> (Thumb, 0 bytes, Stack size 0 bytes, llshl.o(.text), UNUSED)

<P><STRONG><a name="[10c]"></a>__aeabi_lasr</STRONG> (Thumb, 36 bytes, Stack size 0 bytes, llsshr.o(.text))
<BR><BR>[Called By]<UL><LI><a href="#[10a]">&gt;&gt;</a>&nbsp;&nbsp;&nbsp;__aeabi_dadd
</UL>

<P><STRONG><a name="[23f]"></a>_ll_sshift_r</STRONG> (Thumb, 0 bytes, Stack size 0 bytes, llsshr.o(.text), UNUSED)

<P><STRONG><a name="[102]"></a>_chval</STRONG> (Thumb, 28 bytes, Stack size 0 bytes, _chval.o(.text))
<BR><BR>[Called By]<UL><LI><a href="#[101]">&gt;&gt;</a>&nbsp;&nbsp;&nbsp;_scanf_int
</UL>

<P><STRONG><a name="[100]"></a>__vfscanf_char</STRONG> (Thumb, 20 bytes, Stack size 0 bytes, scanf_char.o(.text))
<BR><BR>[Stack]<UL><LI>Max Depth = 192<LI>Call Chain = __vfscanf_char &rArr; __vfscanf &rArr; _scanf_real
</UL>
<BR>[Calls]<UL><LI><a href="#[117]">&gt;&gt;</a>&nbsp;&nbsp;&nbsp;__vfscanf
</UL>
<BR>[Called By]<UL><LI><a href="#[ff]">&gt;&gt;</a>&nbsp;&nbsp;&nbsp;__0sscanf
</UL>

<P><STRONG><a name="[dc]"></a>_sgetc</STRONG> (Thumb, 30 bytes, Stack size 0 bytes, _sgetc.o(.text))
<BR>[Address Reference Count : 1]<UL><LI> __0sscanf.o(.text)
</UL>
<P><STRONG><a name="[dd]"></a>_sbackspace</STRONG> (Thumb, 34 bytes, Stack size 0 bytes, _sgetc.o(.text))
<BR>[Address Reference Count : 1]<UL><LI> __0sscanf.o(.text)
</UL>
<P><STRONG><a name="[240]"></a>__I$use$fp</STRONG> (Thumb, 0 bytes, Stack size 0 bytes, iusefp.o(.text), UNUSED)

<P><STRONG><a name="[115]"></a>_float_round</STRONG> (Thumb, 18 bytes, Stack size 0 bytes, fepilogue.o(.text))
<BR><BR>[Called By]<UL><LI><a href="#[109]">&gt;&gt;</a>&nbsp;&nbsp;&nbsp;__aeabi_d2f
</UL>

<P><STRONG><a name="[241]"></a>_float_epilogue</STRONG> (Thumb, 92 bytes, Stack size 4 bytes, fepilogue.o(.text), UNUSED)

<P><STRONG><a name="[10e]"></a>_double_round</STRONG> (Thumb, 30 bytes, Stack size 8 bytes, depilogue.o(.text))
<BR><BR>[Stack]<UL><LI>Max Depth = 8<LI>Call Chain = _double_round
</UL>
<BR>[Called By]<UL><LI><a href="#[106]">&gt;&gt;</a>&nbsp;&nbsp;&nbsp;__aeabi_ddiv
<LI><a href="#[10a]">&gt;&gt;</a>&nbsp;&nbsp;&nbsp;__aeabi_dadd
<LI><a href="#[10d]">&gt;&gt;</a>&nbsp;&nbsp;&nbsp;_double_epilogue
</UL>

<P><STRONG><a name="[10d]"></a>_double_epilogue</STRONG> (Thumb, 156 bytes, Stack size 32 bytes, depilogue.o(.text))
<BR><BR>[Stack]<UL><LI>Max Depth = 40<LI>Call Chain = _double_epilogue &rArr; _double_round
</UL>
<BR>[Calls]<UL><LI><a href="#[10e]">&gt;&gt;</a>&nbsp;&nbsp;&nbsp;_double_round
<LI><a href="#[114]">&gt;&gt;</a>&nbsp;&nbsp;&nbsp;__aeabi_llsr
<LI><a href="#[10b]">&gt;&gt;</a>&nbsp;&nbsp;&nbsp;__aeabi_llsl
</UL>
<BR>[Called By]<UL><LI><a href="#[105]">&gt;&gt;</a>&nbsp;&nbsp;&nbsp;__aeabi_dmul
<LI><a href="#[111]">&gt;&gt;</a>&nbsp;&nbsp;&nbsp;__aeabi_i2d
<LI><a href="#[10a]">&gt;&gt;</a>&nbsp;&nbsp;&nbsp;__aeabi_dadd
<LI><a href="#[112]">&gt;&gt;</a>&nbsp;&nbsp;&nbsp;__aeabi_ui2d
<LI><a href="#[104]">&gt;&gt;</a>&nbsp;&nbsp;&nbsp;__aeabi_ul2d
</UL>

<P><STRONG><a name="[1d9]"></a>__ARM_scalbn</STRONG> (Thumb, 46 bytes, Stack size 16 bytes, dscalb.o(.text))
<BR><BR>[Stack]<UL><LI>Max Depth = 16<LI>Call Chain = __ARM_scalbn
</UL>
<BR>[Called By]<UL><LI><a href="#[1dc]">&gt;&gt;</a>&nbsp;&nbsp;&nbsp;__kernel_sin
<LI><a href="#[1d8]">&gt;&gt;</a>&nbsp;&nbsp;&nbsp;__ieee754_rem_pio2
<LI><a href="#[1de]">&gt;&gt;</a>&nbsp;&nbsp;&nbsp;__mathlib_dbl_underflow
<LI><a href="#[1df]">&gt;&gt;</a>&nbsp;&nbsp;&nbsp;__mathlib_dbl_infnan
<LI><a href="#[1da]">&gt;&gt;</a>&nbsp;&nbsp;&nbsp;__kernel_cos
</UL>

<P><STRONG><a name="[242]"></a>scalbn</STRONG> (Thumb, 0 bytes, Stack size 16 bytes, dscalb.o(.text), UNUSED)

<P><STRONG><a name="[104]"></a>__aeabi_ul2d</STRONG> (Thumb, 24 bytes, Stack size 16 bytes, dfltul.o(.text), UNUSED)
<BR><BR>[Calls]<UL><LI><a href="#[10d]">&gt;&gt;</a>&nbsp;&nbsp;&nbsp;_double_epilogue
</UL>
<BR>[Called By]<UL><LI><a href="#[103]">&gt;&gt;</a>&nbsp;&nbsp;&nbsp;_fp_value
</UL>

<P><STRONG><a name="[118]"></a>__aeabi_d2ulz</STRONG> (Thumb, 48 bytes, Stack size 0 bytes, dfixul.o(.text), UNUSED)
<BR><BR>[Calls]<UL><LI><a href="#[114]">&gt;&gt;</a>&nbsp;&nbsp;&nbsp;__aeabi_llsr
<LI><a href="#[10b]">&gt;&gt;</a>&nbsp;&nbsp;&nbsp;__aeabi_llsl
</UL>
<BR>[Called By]<UL><LI><a href="#[1e1]">&gt;&gt;</a>&nbsp;&nbsp;&nbsp;_fp_digits
</UL>

<P><STRONG><a name="[1e2]"></a>__aeabi_cdrcmple</STRONG> (Thumb, 48 bytes, Stack size 0 bytes, cdrcmple.o(.text), UNUSED)
<BR><BR>[Called By]<UL><LI><a href="#[1e1]">&gt;&gt;</a>&nbsp;&nbsp;&nbsp;_fp_digits
</UL>

<P><STRONG><a name="[fa]"></a>__scatterload</STRONG> (Thumb, 28 bytes, Stack size 0 bytes, init.o(.text))
<BR><BR>[Calls]<UL><LI><a href="#[119]">&gt;&gt;</a>&nbsp;&nbsp;&nbsp;__main_after_scatterload
</UL>
<BR>[Called By]<UL><LI><a href="#[f9]">&gt;&gt;</a>&nbsp;&nbsp;&nbsp;_main_scatterload
</UL>

<P><STRONG><a name="[243]"></a>__scatterload_rt2</STRONG> (Thumb, 0 bytes, Stack size 0 bytes, init.o(.text), UNUSED)

<P><STRONG><a name="[df]"></a>isspace</STRONG> (Thumb, 10 bytes, Stack size 0 bytes, isspace_c.o(.text))
<BR><BR>[Calls]<UL><LI><a href="#[11a]">&gt;&gt;</a>&nbsp;&nbsp;&nbsp;__ctype_lookup
</UL>
<BR>[Address Reference Count : 1]<UL><LI> scanf_char.o(.text)
</UL>
<P><STRONG><a name="[117]"></a>__vfscanf</STRONG> (Thumb, 808 bytes, Stack size 88 bytes, _scanf.o(.text))
<BR><BR>[Stack]<UL><LI>Max Depth = 192<LI>Call Chain = __vfscanf &rArr; _scanf_real
</UL>
<BR>[Calls]<UL><LI><a href="#[11b]">&gt;&gt;</a>&nbsp;&nbsp;&nbsp;_scanf_real
<LI><a href="#[11c]">&gt;&gt;</a>&nbsp;&nbsp;&nbsp;_scanf_string
<LI><a href="#[101]">&gt;&gt;</a>&nbsp;&nbsp;&nbsp;_scanf_int
</UL>
<BR>[Called By]<UL><LI><a href="#[100]">&gt;&gt;</a>&nbsp;&nbsp;&nbsp;__vfscanf_char
</UL>

<P><STRONG><a name="[11d]"></a>__aeabi_d2iz</STRONG> (Thumb, 62 bytes, Stack size 16 bytes, dfixi.o(.text))
<BR><BR>[Stack]<UL><LI>Max Depth = 16<LI>Call Chain = __aeabi_d2iz
</UL>
<BR>[Calls]<UL><LI><a href="#[114]">&gt;&gt;</a>&nbsp;&nbsp;&nbsp;__aeabi_llsr
</UL>
<BR>[Called By]<UL><LI><a href="#[1d8]">&gt;&gt;</a>&nbsp;&nbsp;&nbsp;__ieee754_rem_pio2
<LI><a href="#[1da]">&gt;&gt;</a>&nbsp;&nbsp;&nbsp;__kernel_cos
</UL>

<P><STRONG><a name="[11a]"></a>__ctype_lookup</STRONG> (Thumb, 34 bytes, Stack size 0 bytes, ctype_c.o(.text))
<BR><BR>[Called By]<UL><LI><a href="#[df]">&gt;&gt;</a>&nbsp;&nbsp;&nbsp;isspace
</UL>

<P><STRONG><a name="[244]"></a>__decompress</STRONG> (Thumb, 0 bytes, Stack size unknown bytes, __dczerorl2.o(.text), UNUSED)

<P><STRONG><a name="[245]"></a>__decompress1</STRONG> (Thumb, 86 bytes, Stack size unknown bytes, __dczerorl2.o(.text), UNUSED)

<P><STRONG><a name="[f]"></a>Bno005_Err_Display</STRONG> (Thumb, 50 bytes, Stack size 0 bytes, bno005.o(i.Bno005_Err_Display))
<BR>[Address Reference Count : 1]<UL><LI> bno005.o(.data)
</UL>
<P><STRONG><a name="[9]"></a>Bno055_Calibrate</STRONG> (Thumb, 194 bytes, Stack size 24 bytes, bno005.o(i.Bno055_Calibrate))
<BR><BR>[Stack]<UL><LI>Max Depth = 128<LI>Call Chain = Bno055_Calibrate &rArr; HAL_I2C_Mem_Write &rArr; I2C_RequestMemoryWrite &rArr; I2C_WaitOnMasterAddressFlagUntilTimeout
</UL>
<BR>[Calls]<UL><LI><a href="#[11f]">&gt;&gt;</a>&nbsp;&nbsp;&nbsp;HAL_I2C_Mem_Write
<LI><a href="#[11e]">&gt;&gt;</a>&nbsp;&nbsp;&nbsp;HAL_I2C_Mem_Read
<LI><a href="#[120]">&gt;&gt;</a>&nbsp;&nbsp;&nbsp;HAL_Delay
</UL>
<BR>[Address Reference Count : 1]<UL><LI> bno005.o(.data)
</UL>
<P><STRONG><a name="[6]"></a>Bno055_Config</STRONG> (Thumb, 474 bytes, Stack size 40 bytes, bno005.o(i.Bno055_Config))
<BR><BR>[Stack]<UL><LI>Max Depth = 144<LI>Call Chain = Bno055_Config &rArr; HAL_I2C_Mem_Write &rArr; I2C_RequestMemoryWrite &rArr; I2C_WaitOnMasterAddressFlagUntilTimeout
</UL>
<BR>[Calls]<UL><LI><a href="#[11f]">&gt;&gt;</a>&nbsp;&nbsp;&nbsp;HAL_I2C_Mem_Write
<LI><a href="#[11e]">&gt;&gt;</a>&nbsp;&nbsp;&nbsp;HAL_I2C_Mem_Read
</UL>
<BR>[Called By]<UL><LI><a href="#[8]">&gt;&gt;</a>&nbsp;&nbsp;&nbsp;Bno055_ConfigCalib
</UL>
<BR>[Address Reference Count : 1]<UL><LI> bno005.o(.data)
</UL>
<P><STRONG><a name="[8]"></a>Bno055_ConfigCalib</STRONG> (Thumb, 58 bytes, Stack size 24 bytes, bno005.o(i.Bno055_ConfigCalib))
<BR><BR>[Stack]<UL><LI>Max Depth = 168<LI>Call Chain = Bno055_ConfigCalib &rArr; Bno055_Config &rArr; HAL_I2C_Mem_Write &rArr; I2C_RequestMemoryWrite &rArr; I2C_WaitOnMasterAddressFlagUntilTimeout
</UL>
<BR>[Calls]<UL><LI><a href="#[11f]">&gt;&gt;</a>&nbsp;&nbsp;&nbsp;HAL_I2C_Mem_Write
<LI><a href="#[120]">&gt;&gt;</a>&nbsp;&nbsp;&nbsp;HAL_Delay
<LI><a href="#[6]">&gt;&gt;</a>&nbsp;&nbsp;&nbsp;Bno055_Config
</UL>
<BR>[Called By]<UL><LI><a href="#[7]">&gt;&gt;</a>&nbsp;&nbsp;&nbsp;Bno055_Init
</UL>
<BR>[Address Reference Count : 1]<UL><LI> bno005.o(.data)
</UL>
<P><STRONG><a name="[c]"></a>Bno055_Get_Acc_Data</STRONG> (Thumb, 134 bytes, Stack size 48 bytes, bno005.o(i.Bno055_Get_Acc_Data))
<BR><BR>[Stack]<UL><LI>Max Depth = 152<LI>Call Chain = Bno055_Get_Acc_Data &rArr; HAL_I2C_Mem_Read &rArr; I2C_RequestMemoryRead &rArr; I2C_WaitOnMasterAddressFlagUntilTimeout
</UL>
<BR>[Calls]<UL><LI><a href="#[11e]">&gt;&gt;</a>&nbsp;&nbsp;&nbsp;HAL_I2C_Mem_Read
<LI><a href="#[109]">&gt;&gt;</a>&nbsp;&nbsp;&nbsp;__aeabi_d2f
<LI><a href="#[111]">&gt;&gt;</a>&nbsp;&nbsp;&nbsp;__aeabi_i2d
<LI><a href="#[106]">&gt;&gt;</a>&nbsp;&nbsp;&nbsp;__aeabi_ddiv
</UL>
<BR>[Address Reference Count : 1]<UL><LI> bno005.o(.data)
</UL>
<P><STRONG><a name="[b]"></a>Bno055_Get_Data</STRONG> (Thumb, 134 bytes, Stack size 48 bytes, bno005.o(i.Bno055_Get_Data))
<BR><BR>[Stack]<UL><LI>Max Depth = 152<LI>Call Chain = Bno055_Get_Data &rArr; HAL_I2C_Mem_Read &rArr; I2C_RequestMemoryRead &rArr; I2C_WaitOnMasterAddressFlagUntilTimeout
</UL>
<BR>[Calls]<UL><LI><a href="#[11e]">&gt;&gt;</a>&nbsp;&nbsp;&nbsp;HAL_I2C_Mem_Read
<LI><a href="#[109]">&gt;&gt;</a>&nbsp;&nbsp;&nbsp;__aeabi_d2f
<LI><a href="#[111]">&gt;&gt;</a>&nbsp;&nbsp;&nbsp;__aeabi_i2d
<LI><a href="#[106]">&gt;&gt;</a>&nbsp;&nbsp;&nbsp;__aeabi_ddiv
</UL>
<BR>[Called By]<UL><LI><a href="#[a]">&gt;&gt;</a>&nbsp;&nbsp;&nbsp;Read_Bno055_Yaw
</UL>
<BR>[Address Reference Count : 1]<UL><LI> bno005.o(.data)
</UL>
<P><STRONG><a name="[e]"></a>Bno055_Get_Gyo_Data</STRONG> (Thumb, 134 bytes, Stack size 48 bytes, bno005.o(i.Bno055_Get_Gyo_Data))
<BR><BR>[Stack]<UL><LI>Max Depth = 152<LI>Call Chain = Bno055_Get_Gyo_Data &rArr; HAL_I2C_Mem_Read &rArr; I2C_RequestMemoryRead &rArr; I2C_WaitOnMasterAddressFlagUntilTimeout
</UL>
<BR>[Calls]<UL><LI><a href="#[11e]">&gt;&gt;</a>&nbsp;&nbsp;&nbsp;HAL_I2C_Mem_Read
<LI><a href="#[109]">&gt;&gt;</a>&nbsp;&nbsp;&nbsp;__aeabi_d2f
<LI><a href="#[111]">&gt;&gt;</a>&nbsp;&nbsp;&nbsp;__aeabi_i2d
<LI><a href="#[106]">&gt;&gt;</a>&nbsp;&nbsp;&nbsp;__aeabi_ddiv
</UL>
<BR>[Address Reference Count : 1]<UL><LI> bno005.o(.data)
</UL>
<P><STRONG><a name="[d]"></a>Bno055_Get_Mag_Data</STRONG> (Thumb, 134 bytes, Stack size 48 bytes, bno005.o(i.Bno055_Get_Mag_Data))
<BR><BR>[Stack]<UL><LI>Max Depth = 152<LI>Call Chain = Bno055_Get_Mag_Data &rArr; HAL_I2C_Mem_Read &rArr; I2C_RequestMemoryRead &rArr; I2C_WaitOnMasterAddressFlagUntilTimeout
</UL>
<BR>[Calls]<UL><LI><a href="#[11e]">&gt;&gt;</a>&nbsp;&nbsp;&nbsp;HAL_I2C_Mem_Read
<LI><a href="#[109]">&gt;&gt;</a>&nbsp;&nbsp;&nbsp;__aeabi_d2f
<LI><a href="#[111]">&gt;&gt;</a>&nbsp;&nbsp;&nbsp;__aeabi_i2d
<LI><a href="#[106]">&gt;&gt;</a>&nbsp;&nbsp;&nbsp;__aeabi_ddiv
</UL>
<BR>[Address Reference Count : 1]<UL><LI> bno005.o(.data)
</UL>
<P><STRONG><a name="[7]"></a>Bno055_Init</STRONG> (Thumb, 12 bytes, Stack size 8 bytes, bno005.o(i.Bno055_Init))
<BR><BR>[Stack]<UL><LI>Max Depth = 176<LI>Call Chain = Bno055_Init &rArr; Bno055_ConfigCalib &rArr; Bno055_Config &rArr; HAL_I2C_Mem_Write &rArr; I2C_RequestMemoryWrite &rArr; I2C_WaitOnMasterAddressFlagUntilTimeout
</UL>
<BR>[Calls]<UL><LI><a href="#[8]">&gt;&gt;</a>&nbsp;&nbsp;&nbsp;Bno055_ConfigCalib
</UL>
<BR>[Address Reference Count : 1]<UL><LI> bno005.o(.data)
</UL>
<P><STRONG><a name="[97]"></a>BusFault_Handler</STRONG> (Thumb, 4 bytes, Stack size 0 bytes, stm32f1xx_it.o(i.BusFault_Handler))
<BR>[Address Reference Count : 1]<UL><LI> startup_stm32f103xe.o(RESET)
</UL>
<P><STRONG><a name="[1ca]"></a>Car_Get_Time</STRONG> (Thumb, 8 bytes, Stack size 0 bytes, data.o(i.Car_Get_Time))
<BR><BR>[Called By]<UL><LI><a href="#[f3]">&gt;&gt;</a>&nbsp;&nbsp;&nbsp;Start_Moving_Control_Task
</UL>

<P><STRONG><a name="[5f]"></a>Car_Walk_Distance_PID</STRONG> (Thumb, 80 bytes, Stack size 16 bytes, pid.o(i.Car_Walk_Distance_PID))
<BR><BR>[Stack]<UL><LI>Max Depth = 16<LI>Call Chain = Car_Walk_Distance_PID
</UL>
<BR>[Address Reference Count : 1]<UL><LI> pid.o(.data)
</UL>
<P><STRONG><a name="[61]"></a>Car_Walk_Distance_Pid_Value_Reset</STRONG> (Thumb, 12 bytes, Stack size 4 bytes, pid.o(i.Car_Walk_Distance_Pid_Value_Reset))
<BR><BR>[Stack]<UL><LI>Max Depth = 4<LI>Call Chain = Car_Walk_Distance_Pid_Value_Reset
</UL>
<BR>[Calls]<UL><LI><a href="#[123]">&gt;&gt;</a>&nbsp;&nbsp;&nbsp;Pwm_Value_Reset
</UL>
<BR>[Address Reference Count : 1]<UL><LI> pid.o(.data)
</UL>
<P><STRONG><a name="[60]"></a>Car_Walk_Yaw_Pid</STRONG> (Thumb, 214 bytes, Stack size 20 bytes, pid.o(i.Car_Walk_Yaw_Pid))
<BR><BR>[Stack]<UL><LI>Max Depth = 20<LI>Call Chain = Car_Walk_Yaw_Pid
</UL>
<BR>[Address Reference Count : 1]<UL><LI> pid.o(.data)
</UL>
<P><STRONG><a name="[62]"></a>Car_Walk_Yaw_Pid_Value_Reset</STRONG> (Thumb, 12 bytes, Stack size 4 bytes, pid.o(i.Car_Walk_Yaw_Pid_Value_Reset))
<BR><BR>[Stack]<UL><LI>Max Depth = 4<LI>Call Chain = Car_Walk_Yaw_Pid_Value_Reset
</UL>
<BR>[Calls]<UL><LI><a href="#[123]">&gt;&gt;</a>&nbsp;&nbsp;&nbsp;Pwm_Value_Reset
</UL>
<BR>[Address Reference Count : 1]<UL><LI> pid.o(.data)
</UL>
<P><STRONG><a name="[ea]"></a>Cmd_Display</STRONG> (Thumb, 172 bytes, Stack size 24 bytes, usercmd.o(i.Cmd_Display))
<BR><BR>[Stack]<UL><LI>Max Depth = 24<LI>Call Chain = Cmd_Display
</UL>
<BR>[Address Reference Count : 1]<UL><LI> shell.o(i.Usart_Shell_Init)
</UL>
<P><STRONG><a name="[e8]"></a>Cmd_Power_Off</STRONG> (Thumb, 60 bytes, Stack size 24 bytes, usercmd.o(i.Cmd_Power_Off))
<BR><BR>[Stack]<UL><LI>Max Depth = 40<LI>Call Chain = Cmd_Power_Off &rArr; HAL_Delay
</UL>
<BR>[Calls]<UL><LI><a href="#[125]">&gt;&gt;</a>&nbsp;&nbsp;&nbsp;HAL_GPIO_WritePin
<LI><a href="#[120]">&gt;&gt;</a>&nbsp;&nbsp;&nbsp;HAL_Delay
</UL>
<BR>[Address Reference Count : 1]<UL><LI> shell.o(i.Usart_Shell_Init)
</UL>
<P><STRONG><a name="[e7]"></a>Cmd_Reboot</STRONG> (Thumb, 78 bytes, Stack size 0 bytes, usercmd.o(i.Cmd_Reboot))
<BR><BR>[Stack]<UL><LI>Max Depth = 16<LI>Call Chain = Cmd_Reboot &rArr; HAL_Delay
</UL>
<BR>[Calls]<UL><LI><a href="#[120]">&gt;&gt;</a>&nbsp;&nbsp;&nbsp;HAL_Delay
</UL>
<BR>[Address Reference Count : 1]<UL><LI> shell.o(i.Usart_Shell_Init)
</UL>
<P><STRONG><a name="[e9]"></a>Cmd_Remote</STRONG> (Thumb, 264 bytes, Stack size 24 bytes, usercmd.o(i.Cmd_Remote))
<BR><BR>[Stack]<UL><LI>Max Depth = 96<LI>Call Chain = Cmd_Remote &rArr; osDelay &rArr; vTaskDelay &rArr; xTaskResumeAll &rArr; xTaskIncrementTick
</UL>
<BR>[Calls]<UL><LI><a href="#[127]">&gt;&gt;</a>&nbsp;&nbsp;&nbsp;osDelay
<LI><a href="#[126]">&gt;&gt;</a>&nbsp;&nbsp;&nbsp;HAL_UART_Receive_IT
</UL>
<BR>[Address Reference Count : 1]<UL><LI> shell.o(i.Usart_Shell_Init)
</UL>
<P><STRONG><a name="[eb]"></a>Cmd_Set_Pid</STRONG> (Thumb, 136 bytes, Stack size 72 bytes, usercmd.o(i.Cmd_Set_Pid))
<BR><BR>[Stack]<UL><LI>Max Depth = 336<LI>Call Chain = Cmd_Set_Pid &rArr; __0sscanf &rArr; __vfscanf_char &rArr; __vfscanf &rArr; _scanf_real
</UL>
<BR>[Calls]<UL><LI><a href="#[ff]">&gt;&gt;</a>&nbsp;&nbsp;&nbsp;__0sscanf
<LI><a href="#[128]">&gt;&gt;</a>&nbsp;&nbsp;&nbsp;__2sprintf
<LI><a href="#[129]">&gt;&gt;</a>&nbsp;&nbsp;&nbsp;strlen
</UL>
<BR>[Address Reference Count : 1]<UL><LI> shell.o(i.Usart_Shell_Init)
</UL>
<P><STRONG><a name="[e6]"></a>Cmd_Turn_Test</STRONG> (Thumb, 428 bytes, Stack size 40 bytes, usercmd.o(i.Cmd_Turn_Test))
<BR><BR>[Stack]<UL><LI>Max Depth = 304<LI>Call Chain = Cmd_Turn_Test &rArr; __0sscanf &rArr; __vfscanf_char &rArr; __vfscanf &rArr; _scanf_real
</UL>
<BR>[Calls]<UL><LI><a href="#[ff]">&gt;&gt;</a>&nbsp;&nbsp;&nbsp;__0sscanf
</UL>
<BR>[Address Reference Count : 1]<UL><LI> freertos.o(i.Start_Power_Task)
</UL>
<P><STRONG><a name="[31]"></a>Count_Left_Wheel_Walk_Distance</STRONG> (Thumb, 10 bytes, Stack size 8 bytes, wheel.o(i.Count_Left_Wheel_Walk_Distance))
<BR><BR>[Stack]<UL><LI>Max Depth = 16<LI>Call Chain = Count_Left_Wheel_Walk_Distance &rArr; Count_Wheel_Walk_Distance
</UL>
<BR>[Calls]<UL><LI><a href="#[12a]">&gt;&gt;</a>&nbsp;&nbsp;&nbsp;Count_Wheel_Walk_Distance
</UL>
<BR>[Address Reference Count : 1]<UL><LI> wheel.o(.data)
</UL>
<P><STRONG><a name="[3b]"></a>Count_Right_Wheel_Walk_Distance</STRONG> (Thumb, 10 bytes, Stack size 8 bytes, wheel.o(i.Count_Right_Wheel_Walk_Distance))
<BR><BR>[Stack]<UL><LI>Max Depth = 16<LI>Call Chain = Count_Right_Wheel_Walk_Distance &rArr; Count_Wheel_Walk_Distance
</UL>
<BR>[Calls]<UL><LI><a href="#[12a]">&gt;&gt;</a>&nbsp;&nbsp;&nbsp;Count_Wheel_Walk_Distance
</UL>
<BR>[Address Reference Count : 1]<UL><LI> wheel.o(.data)
</UL>
<P><STRONG><a name="[12a]"></a>Count_Wheel_Walk_Distance</STRONG> (Thumb, 142 bytes, Stack size 8 bytes, wheel.o(i.Count_Wheel_Walk_Distance))
<BR><BR>[Stack]<UL><LI>Max Depth = 8<LI>Call Chain = Count_Wheel_Walk_Distance
</UL>
<BR>[Called By]<UL><LI><a href="#[3b]">&gt;&gt;</a>&nbsp;&nbsp;&nbsp;Count_Right_Wheel_Walk_Distance
<LI><a href="#[31]">&gt;&gt;</a>&nbsp;&nbsp;&nbsp;Count_Left_Wheel_Walk_Distance
</UL>

<P><STRONG><a name="[18c]"></a>Counting_Difference</STRONG> (Thumb, 338 bytes, Stack size 32 bytes, speed.o(i.Counting_Difference))
<BR><BR>[Stack]<UL><LI>Max Depth = 32<LI>Call Chain = Counting_Difference
</UL>
<BR>[Called By]<UL><LI><a href="#[24]">&gt;&gt;</a>&nbsp;&nbsp;&nbsp;Right_Motor_Counting_Difference
<LI><a href="#[192]">&gt;&gt;</a>&nbsp;&nbsp;&nbsp;Refresh_Speed
<LI><a href="#[1d]">&gt;&gt;</a>&nbsp;&nbsp;&nbsp;Left_Motor_Counting_Difference
</UL>

<P><STRONG><a name="[a9]"></a>DMA1_Channel2_IRQHandler</STRONG> (Thumb, 10 bytes, Stack size 8 bytes, stm32f1xx_it.o(i.DMA1_Channel2_IRQHandler))
<BR><BR>[Stack]<UL><LI>Max Depth = 24<LI>Call Chain = DMA1_Channel2_IRQHandler &rArr; HAL_DMA_IRQHandler
</UL>
<BR>[Calls]<UL><LI><a href="#[12c]">&gt;&gt;</a>&nbsp;&nbsp;&nbsp;HAL_DMA_IRQHandler
</UL>
<BR>[Address Reference Count : 1]<UL><LI> startup_stm32f103xe.o(RESET)
</UL>
<P><STRONG><a name="[aa]"></a>DMA1_Channel3_IRQHandler</STRONG> (Thumb, 10 bytes, Stack size 8 bytes, stm32f1xx_it.o(i.DMA1_Channel3_IRQHandler))
<BR><BR>[Stack]<UL><LI>Max Depth = 24<LI>Call Chain = DMA1_Channel3_IRQHandler &rArr; HAL_DMA_IRQHandler
</UL>
<BR>[Calls]<UL><LI><a href="#[12c]">&gt;&gt;</a>&nbsp;&nbsp;&nbsp;HAL_DMA_IRQHandler
</UL>
<BR>[Address Reference Count : 1]<UL><LI> startup_stm32f103xe.o(RESET)
</UL>
<P><STRONG><a name="[ab]"></a>DMA1_Channel4_IRQHandler</STRONG> (Thumb, 10 bytes, Stack size 8 bytes, stm32f1xx_it.o(i.DMA1_Channel4_IRQHandler))
<BR><BR>[Stack]<UL><LI>Max Depth = 24<LI>Call Chain = DMA1_Channel4_IRQHandler &rArr; HAL_DMA_IRQHandler
</UL>
<BR>[Calls]<UL><LI><a href="#[12c]">&gt;&gt;</a>&nbsp;&nbsp;&nbsp;HAL_DMA_IRQHandler
</UL>
<BR>[Address Reference Count : 1]<UL><LI> startup_stm32f103xe.o(RESET)
</UL>
<P><STRONG><a name="[ad]"></a>DMA1_Channel6_IRQHandler</STRONG> (Thumb, 10 bytes, Stack size 8 bytes, stm32f1xx_it.o(i.DMA1_Channel6_IRQHandler))
<BR><BR>[Stack]<UL><LI>Max Depth = 24<LI>Call Chain = DMA1_Channel6_IRQHandler &rArr; HAL_DMA_IRQHandler
</UL>
<BR>[Calls]<UL><LI><a href="#[12c]">&gt;&gt;</a>&nbsp;&nbsp;&nbsp;HAL_DMA_IRQHandler
</UL>
<BR>[Address Reference Count : 1]<UL><LI> startup_stm32f103xe.o(RESET)
</UL>
<P><STRONG><a name="[1c6]"></a>Data_Center_Iint</STRONG> (Thumb, 242 bytes, Stack size 0 bytes, data.o(i.Data_Center_Iint))
<BR><BR>[Called By]<UL><LI><a href="#[f6]">&gt;&gt;</a>&nbsp;&nbsp;&nbsp;Start_Data_Updata_Task
</UL>

<P><STRONG><a name="[9a]"></a>DebugMon_Handler</STRONG> (Thumb, 2 bytes, Stack size 0 bytes, stm32f1xx_it.o(i.DebugMon_Handler))
<BR>[Address Reference Count : 1]<UL><LI> startup_stm32f103xe.o(RESET)
</UL>
<P><STRONG><a name="[c5]"></a>EXTI15_10_IRQHandler</STRONG> (Thumb, 12 bytes, Stack size 8 bytes, stm32f1xx_it.o(i.EXTI15_10_IRQHandler))
<BR><BR>[Stack]<UL><LI>Max Depth = 16<LI>Call Chain = EXTI15_10_IRQHandler &rArr; HAL_GPIO_EXTI_IRQHandler
</UL>
<BR>[Calls]<UL><LI><a href="#[12d]">&gt;&gt;</a>&nbsp;&nbsp;&nbsp;HAL_GPIO_EXTI_IRQHandler
</UL>
<BR>[Address Reference Count : 1]<UL><LI> startup_stm32f103xe.o(RESET)
</UL>
<P><STRONG><a name="[a5]"></a>EXTI2_IRQHandler</STRONG> (Thumb, 10 bytes, Stack size 8 bytes, stm32f1xx_it.o(i.EXTI2_IRQHandler))
<BR><BR>[Stack]<UL><LI>Max Depth = 16<LI>Call Chain = EXTI2_IRQHandler &rArr; HAL_GPIO_EXTI_IRQHandler
</UL>
<BR>[Calls]<UL><LI><a href="#[12d]">&gt;&gt;</a>&nbsp;&nbsp;&nbsp;HAL_GPIO_EXTI_IRQHandler
</UL>
[...]
<LI><a href="#[121]">&gt;&gt;</a>&nbsp;&nbsp;&nbsp;__aeabi_fmul
<LI><a href="#[105]">&gt;&gt;</a>&nbsp;&nbsp;&nbsp;__aeabi_dmul
<LI><a href="#[111]">&gt;&gt;</a>&nbsp;&nbsp;&nbsp;__aeabi_i2d
<LI><a href="#[124]">&gt;&gt;</a>&nbsp;&nbsp;&nbsp;cos
<LI><a href="#[112]">&gt;&gt;</a>&nbsp;&nbsp;&nbsp;__aeabi_ui2d
<LI><a href="#[113]">&gt;&gt;</a>&nbsp;&nbsp;&nbsp;__aeabi_d2uiz
</UL>
<BR>[Address Reference Count : 1]<UL><LI> car.o(.data)
</UL>
<P><STRONG><a name="[4e]"></a>Car_Walk_Straight_Line_Calculate_Angle_Difference</STRONG> (Thumb, 298 bytes, Stack size 12 bytes, car.o(i.Car_Walk_Straight_Line_Calculate_Angle_Difference))
<BR><BR>[Stack]<UL><LI>Max Depth = 12<LI>Call Chain = Car_Walk_Straight_Line_Calculate_Angle_Difference
</UL>
<BR>[Address Reference Count : 1]<UL><LI> car.o(.data)
</UL>
<P><STRONG><a name="[4f]"></a>Car_Walk_Straight_Line_Calculate_Wheel_Speed</STRONG> (Thumb, 178 bytes, Stack size 0 bytes, car.o(i.Car_Walk_Straight_Line_Calculate_Wheel_Speed))
<BR>[Address Reference Count : 1]<UL><LI> car.o(.data)
</UL>
<P><STRONG><a name="[44]"></a>Car_Walk_Straight_Line_Updata</STRONG> (Thumb, 76 bytes, Stack size 16 bytes, car.o(i.Car_Walk_Straight_Line_Updata))
<BR><BR>[Stack]<UL><LI>Max Depth = 16<LI>Call Chain = Car_Walk_Straight_Line_Updata
</UL>
<BR>[Address Reference Count : 1]<UL><LI> car.o(.data)
</UL>
<P><STRONG><a name="[52]"></a>Get_Car_Stop_or_Start</STRONG> (Thumb, 28 bytes, Stack size 0 bytes, car.o(i.Get_Car_Stop_or_Start))
<BR>[Address Reference Count : 1]<UL><LI> car.o(.data)
</UL>
<P><STRONG><a name="[4b]"></a>Read_Car_Distance</STRONG> (Thumb, 16 bytes, Stack size 8 bytes, car.o(i.Read_Car_Distance))
<BR><BR>[Stack]<UL><LI>Max Depth = 8<LI>Call Chain = Read_Car_Distance
</UL>
<BR>[Address Reference Count : 1]<UL><LI> car.o(.data)
</UL>
<P><STRONG><a name="[4c]"></a>Read_Car_Start_Stop</STRONG> (Thumb, 8 bytes, Stack size 0 bytes, car.o(i.Read_Car_Start_Stop))
<BR>[Address Reference Count : 1]<UL><LI> car.o(.data)
</UL>
<P><STRONG><a name="[4a]"></a>Read_Speed</STRONG> (Thumb, 8 bytes, Stack size 0 bytes, car.o(i.Read_Speed))
<BR>[Address Reference Count : 1]<UL><LI> car.o(.data)
</UL>
<P><STRONG><a name="[50]"></a>Slow_Down_And_Stop</STRONG> (Thumb, 58 bytes, Stack size 8 bytes, car.o(i.Slow_Down_And_Stop))
<BR><BR>[Stack]<UL><LI>Max Depth = 8<LI>Call Chain = Slow_Down_And_Stop
</UL>
<BR>[Address Reference Count : 1]<UL><LI> car.o(.data)
</UL>
<P><STRONG><a name="[6c]"></a>Get_Base_Time</STRONG> (Thumb, 8 bytes, Stack size 0 bytes, protocol.o(i.Get_Base_Time))
<BR>[Address Reference Count : 1]<UL><LI> protocol.o(.data)
</UL>
<P><STRONG><a name="[71]"></a>Get_Car_Data</STRONG> (Thumb, 10 bytes, Stack size 0 bytes, protocol.o(i.Get_Car_Data))
<BR>[Address Reference Count : 1]<UL><LI> protocol.o(.data)
</UL>
<P><STRONG><a name="[6b]"></a>Get_Efk_ACC_Data</STRONG> (Thumb, 16 bytes, Stack size 16 bytes, protocol.o(i.Get_Efk_ACC_Data))
<BR><BR>[Stack]<UL><LI>Max Depth = 16<LI>Call Chain = Get_Efk_ACC_Data
</UL>
<BR>[Address Reference Count : 1]<UL><LI> protocol.o(.data)
</UL>
<P><STRONG><a name="[6a]"></a>Get_Efk_GYO_Data</STRONG> (Thumb, 32 bytes, Stack size 16 bytes, protocol.o(i.Get_Efk_GYO_Data))
<BR><BR>[Stack]<UL><LI>Max Depth = 16<LI>Call Chain = Get_Efk_GYO_Data
</UL>
<BR>[Address Reference Count : 1]<UL><LI> protocol.o(.data)
</UL>
<P><STRONG><a name="[69]"></a>Get_Efk_PRY_Data</STRONG> (Thumb, 32 bytes, Stack size 16 bytes, protocol.o(i.Get_Efk_PRY_Data))
<BR><BR>[Stack]<UL><LI>Max Depth = 16<LI>Call Chain = Get_Efk_PRY_Data
</UL>
<BR>[Address Reference Count : 1]<UL><LI> protocol.o(.data)
</UL>
<P><STRONG><a name="[6d]"></a>Get_GPS_Time</STRONG> (Thumb, 8 bytes, Stack size 0 bytes, protocol.o(i.Get_GPS_Time))
<BR>[Address Reference Count : 1]<UL><LI> protocol.o(.data)
</UL>
<P><STRONG><a name="[70]"></a>Get_Gps_Data</STRONG> (Thumb, 62 bytes, Stack size 32 bytes, protocol.o(i.Get_Gps_Data))
<BR><BR>[Stack]<UL><LI>Max Depth = 32<LI>Call Chain = Get_Gps_Data
</UL>
<BR>[Calls]<UL><LI><a href="#[12f]">&gt;&gt;</a>&nbsp;&nbsp;&nbsp;__aeabi_f2uiz
</UL>
<BR>[Address Reference Count : 1]<UL><LI> protocol.o(.data)
</UL>
<P><STRONG><a name="[67]"></a>Get_Gps_Mode</STRONG> (Thumb, 76 bytes, Stack size 8 bytes, protocol.o(i.Get_Gps_Mode))
<BR><BR>[Stack]<UL><LI>Max Depth = 8<LI>Call Chain = Get_Gps_Mode
</UL>
<BR>[Calls]<UL><LI><a href="#[130]">&gt;&gt;</a>&nbsp;&nbsp;&nbsp;Set_Gps_Location_Mode
</UL>
<BR>[Address Reference Count : 1]<UL><LI> protocol.o(.data)
</UL>
<P><STRONG><a name="[66]"></a>Get_Gps_Station</STRONG> (Thumb, 28 bytes, Stack size 8 bytes, protocol.o(i.Get_Gps_Station))
<BR><BR>[Stack]<UL><LI>Max Depth = 8<LI>Call Chain = Get_Gps_Station
</UL>
<BR>[Calls]<UL><LI><a href="#[131]">&gt;&gt;</a>&nbsp;&nbsp;&nbsp;Set_Gps_Location_State
</UL>
<BR>[Address Reference Count : 1]<UL><LI> protocol.o(.data)
</UL>
<P><STRONG><a name="[6e]"></a>Get_Imu_Time</STRONG> (Thumb, 8 bytes, Stack size 0 bytes, protocol.o(i.Get_Imu_Time))
<BR>[Address Reference Count : 1]<UL><LI> protocol.o(.data)
</UL>
<P><STRONG><a name="[65]"></a>Get_La_And_Lo_Station</STRONG> (Thumb, 52 bytes, Stack size 16 bytes, protocol.o(i.Get_La_And_Lo_Station))
<BR><BR>[Stack]<UL><LI>Max Depth = 16<LI>Call Chain = Get_La_And_Lo_Station
</UL>
<BR>[Calls]<UL><LI><a href="#[133]">&gt;&gt;</a>&nbsp;&nbsp;&nbsp;Set_Gps_Longitude
<LI><a href="#[132]">&gt;&gt;</a>&nbsp;&nbsp;&nbsp;Set_Gps_Latitude
</UL>
<BR>[Address Reference Count : 1]<UL><LI> protocol.o(.data)
</UL>
<P><STRONG><a name="[68]"></a>Get_Moving_Data</STRONG> (Thumb, 20 bytes, Stack size 0 bytes, protocol.o(i.Get_Moving_Data))
<BR>[Address Reference Count : 1]<UL><LI> protocol.o(.data)
</UL>
<P><STRONG><a name="[6f]"></a>Get_Odo_Time</STRONG> (Thumb, 10 bytes, Stack size 0 bytes, protocol.o(i.Get_Odo_Time))
<BR>[Address Reference Count : 1]<UL><LI> protocol.o(.data)
</UL>
<P><STRONG><a name="[72]"></a>Send</STRONG> (Thumb, 198 bytes, Stack size 24 bytes, protocol.o(i.Send))
<BR><BR>[Stack]<UL><LI>Max Depth = 92<LI>Call Chain = Send &rArr; HAL_UART_Transmit_DMA &rArr; HAL_DMA_Start_IT &rArr; DMA_SetConfig
</UL>
<BR>[Calls]<UL><LI><a href="#[188]">&gt;&gt;</a>&nbsp;&nbsp;&nbsp;HAL_UART_Transmit_DMA
<LI><a href="#[1b8]">&gt;&gt;</a>&nbsp;&nbsp;&nbsp;crc8_chk_value
<LI><a href="#[fc]">&gt;&gt;</a>&nbsp;&nbsp;&nbsp;__aeabi_memclr
<LI><a href="#[1b7]">&gt;&gt;</a>&nbsp;&nbsp;&nbsp;__aeabi_memcpy
</UL>
<BR>[Address Reference Count : 1]<UL><LI> protocol.o(.data)
</UL>
<P><STRONG><a name="[132]"></a>Set_Gps_Latitude</STRONG> (Thumb, 10 bytes, Stack size 0 bytes, protocol.o(i.Set_Gps_Latitude))
<BR><BR>[Called By]<UL><LI><a href="#[65]">&gt;&gt;</a>&nbsp;&nbsp;&nbsp;Get_La_And_Lo_Station
</UL>

<P><STRONG><a name="[130]"></a>Set_Gps_Location_Mode</STRONG> (Thumb, 10 bytes, Stack size 0 bytes, protocol.o(i.Set_Gps_Location_Mode))
<BR><BR>[Called By]<UL><LI><a href="#[67]">&gt;&gt;</a>&nbsp;&nbsp;&nbsp;Get_Gps_Mode
</UL>

<P><STRONG><a name="[131]"></a>Set_Gps_Location_State</STRONG> (Thumb, 10 bytes, Stack size 0 bytes, protocol.o(i.Set_Gps_Location_State))
<BR><BR>[Called By]<UL><LI><a href="#[66]">&gt;&gt;</a>&nbsp;&nbsp;&nbsp;Get_Gps_Station
</UL>

<P><STRONG><a name="[133]"></a>Set_Gps_Longitude</STRONG> (Thumb, 10 bytes, Stack size 0 bytes, protocol.o(i.Set_Gps_Longitude))
<BR><BR>[Called By]<UL><LI><a href="#[65]">&gt;&gt;</a>&nbsp;&nbsp;&nbsp;Get_La_And_Lo_Station
</UL>

<P><STRONG><a name="[74]"></a>Creat_Moving_Cmd_Node</STRONG> (Thumb, 50 bytes, Stack size 32 bytes, uart3_rcv_queue.o(i.Creat_Moving_Cmd_Node))
<BR><BR>[Stack]<UL><LI>Max Depth = 52<LI>Call Chain = Creat_Moving_Cmd_Node &rArr; malloc
</UL>
<BR>[Calls]<UL><LI><a href="#[12b]">&gt;&gt;</a>&nbsp;&nbsp;&nbsp;malloc
</UL>
<BR>[Address Reference Count : 1]<UL><LI> uart3_rcv_queue.o(.data)
</UL>
<P><STRONG><a name="[78]"></a>Free_All_Head_Node</STRONG> (Thumb, 12 bytes, Stack size 8 bytes, uart3_rcv_queue.o(i.Free_All_Head_Node))
<BR><BR>[Stack]<UL><LI>Max Depth = 16<LI>Call Chain = Free_All_Head_Node &rArr; free
</UL>
<BR>[Calls]<UL><LI><a href="#[12e]">&gt;&gt;</a>&nbsp;&nbsp;&nbsp;free
</UL>
<BR>[Address Reference Count : 1]<UL><LI> uart3_rcv_queue.o(.data)
</UL>
<P><STRONG><a name="[77]"></a>Free_Moving_Cmd_List</STRONG> (Thumb, 34 bytes, Stack size 16 bytes, uart3_rcv_queue.o(i.Free_Moving_Cmd_List))
<BR><BR>[Stack]<UL><LI>Max Depth = 24<LI>Call Chain = Free_Moving_Cmd_List &rArr; free
</UL>
<BR>[Calls]<UL><LI><a href="#[12e]">&gt;&gt;</a>&nbsp;&nbsp;&nbsp;free
</UL>
<BR>[Address Reference Count : 1]<UL><LI> uart3_rcv_queue.o(.data)
</UL>
<P><STRONG><a name="[7a]"></a>Get_Last_Package_Id</STRONG> (Thumb, 18 bytes, Stack size 0 bytes, uart3_rcv_queue.o(i.Get_Last_Package_Id))
<BR>[Address Reference Count : 1]<UL><LI> uart3_rcv_queue.o(.data)
</UL>
<P><STRONG><a name="[76]"></a>Get_Node_From_Moving_List_Head</STRONG> (Thumb, 74 bytes, Stack size 24 bytes, uart3_rcv_queue.o(i.Get_Node_From_Moving_List_Head))
<BR><BR>[Stack]<UL><LI>Max Depth = 32<LI>Call Chain = Get_Node_From_Moving_List_Head &rArr; free
</UL>
<BR>[Calls]<UL><LI><a href="#[12e]">&gt;&gt;</a>&nbsp;&nbsp;&nbsp;free
</UL>
<BR>[Address Reference Count : 1]<UL><LI> uart3_rcv_queue.o(.data)
</UL>
<P><STRONG><a name="[7d]"></a>Get_Remote_Cmd</STRONG> (Thumb, 48 bytes, Stack size 0 bytes, uart3_rcv_queue.o(i.Get_Remote_Cmd))
<BR>[Address Reference Count : 1]<UL><LI> uart3_rcv_queue.o(.data)
</UL>
<P><STRONG><a name="[7f]"></a>Get_Track_Tracking_Cmd</STRONG> (Thumb, 60 bytes, Stack size 8 bytes, uart3_rcv_queue.o(i.Get_Track_Tracking_Cmd))
<BR><BR>[Stack]<UL><LI>Max Depth = 8<LI>Call Chain = Get_Track_Tracking_Cmd
</UL>
<BR>[Address Reference Count : 1]<UL><LI> uart3_rcv_queue.o(.data)
</UL>
<P><STRONG><a name="[7b]"></a>Get_queue_head_Cmd_Type</STRONG> (Thumb, 22 bytes, Stack size 0 bytes, uart3_rcv_queue.o(i.Get_queue_head_Cmd_Type))
<BR>[Address Reference Count : 1]<UL><LI> uart3_rcv_queue.o(.data)
</UL>
<P><STRONG><a name="[75]"></a>Insert_To_Moving_Cmd_List</STRONG> (Thumb, 20 bytes, Stack size 0 bytes, uart3_rcv_queue.o(i.Insert_To_Moving_Cmd_List))
<BR>[Address Reference Count : 1]<UL><LI> uart3_rcv_queue.o(.data)
</UL>
<P><STRONG><a name="[79]"></a>List_Is_Null</STRONG> (Thumb, 16 bytes, Stack size 0 bytes, uart3_rcv_queue.o(i.List_Is_Null))
<BR>[Address Reference Count : 1]<UL><LI> uart3_rcv_queue.o(.data)
</UL>
<P><STRONG><a name="[73]"></a>Queue_init</STRONG> (Thumb, 54 bytes, Stack size 8 bytes, uart3_rcv_queue.o(i.Queue_init))
<BR><BR>[Stack]<UL><LI>Max Depth = 28<LI>Call Chain = Queue_init &rArr; malloc
</UL>
<BR>[Calls]<UL><LI><a href="#[12b]">&gt;&gt;</a>&nbsp;&nbsp;&nbsp;malloc
</UL>
<BR>[Address Reference Count : 1]<UL><LI> uart3_rcv_queue.o(.data)
</UL>
<P><STRONG><a name="[7c]"></a>Update_Remote_Cmd</STRONG> (Thumb, 66 bytes, Stack size 8 bytes, uart3_rcv_queue.o(i.Update_Remote_Cmd))
<BR><BR>[Stack]<UL><LI>Max Depth = 8<LI>Call Chain = Update_Remote_Cmd
</UL>
<BR>[Address Reference Count : 1]<UL><LI> uart3_rcv_queue.o(.data)
</UL>
<P><STRONG><a name="[7e]"></a>Update_Track_Tracking_Cmd</STRONG> (Thumb, 68 bytes, Stack size 16 bytes, uart3_rcv_queue.o(i.Update_Track_Tracking_Cmd))
<BR><BR>[Stack]<UL><LI>Max Depth = 16<LI>Call Chain = Update_Track_Tracking_Cmd
</UL>
<BR>[Address Reference Count : 1]<UL><LI> uart3_rcv_queue.o(.data)
</UL>
<P><STRONG><a name="[83]"></a>Get_Gps_Buff_Ptr</STRONG> (Thumb, 24 bytes, Stack size 0 bytes, uart.o(i.Get_Gps_Buff_Ptr))
<BR>[Address Reference Count : 1]<UL><LI> uart.o(.data)
</UL>
<P><STRONG><a name="[86]"></a>Read_Uart3_Idle</STRONG> (Thumb, 98 bytes, Stack size 16 bytes, uart.o(i.Read_Uart3_Idle))
<BR><BR>[Stack]<UL><LI>Max Depth = 136<LI>Call Chain = Read_Uart3_Idle &rArr; osSemaphoreRelease &rArr; xQueueGenericSend &rArr; vTaskPlaceOnEventList &rArr; prvAddCurrentTaskToDelayedList &rArr; vListInsert
</UL>
<BR>[Calls]<UL><LI><a href="#[185]">&gt;&gt;</a>&nbsp;&nbsp;&nbsp;osSemaphoreRelease
<LI><a href="#[174]">&gt;&gt;</a>&nbsp;&nbsp;&nbsp;HAL_UART_DMAStop
</UL>
<BR>[Address Reference Count : 1]<UL><LI> uart.o(.data)
</UL>
<P><STRONG><a name="[80]"></a>Read_Uart_Idle</STRONG> (Thumb, 98 bytes, Stack size 16 bytes, uart.o(i.Read_Uart_Idle))
<BR><BR>[Stack]<UL><LI>Max Depth = 136<LI>Call Chain = Read_Uart_Idle &rArr; osSemaphoreRelease &rArr; xQueueGenericSend &rArr; vTaskPlaceOnEventList &rArr; prvAddCurrentTaskToDelayedList &rArr; vListInsert
</UL>
<BR>[Calls]<UL><LI><a href="#[185]">&gt;&gt;</a>&nbsp;&nbsp;&nbsp;osSemaphoreRelease
<LI><a href="#[174]">&gt;&gt;</a>&nbsp;&nbsp;&nbsp;HAL_UART_DMAStop
</UL>
<BR>[Address Reference Count : 1]<UL><LI> uart.o(.data)
</UL>
<P><STRONG><a name="[84]"></a>Restart_Uart_Receive_Dma</STRONG> (Thumb, 36 bytes, Stack size 8 bytes, uart.o(i.Restart_Uart_Receive_Dma))
<BR><BR>[Stack]<UL><LI>Max Depth = 76<LI>Call Chain = Restart_Uart_Receive_Dma &rArr; HAL_UART_Receive_DMA &rArr; HAL_DMA_Start_IT &rArr; DMA_SetConfig
</UL>
<BR>[Calls]<UL><LI><a href="#[183]">&gt;&gt;</a>&nbsp;&nbsp;&nbsp;HAL_UART_Receive_DMA
</UL>
<BR>[Address Reference Count : 1]<UL><LI> uart.o(.data)
</UL>
<P><STRONG><a name="[87]"></a>Uart3_Init</STRONG> (Thumb, 30 bytes, Stack size 8 bytes, uart.o(i.Uart3_Init))
<BR><BR>[Stack]<UL><LI>Max Depth = 76<LI>Call Chain = Uart3_Init &rArr; HAL_UART_Receive_DMA &rArr; HAL_DMA_Start_IT &rArr; DMA_SetConfig
</UL>
<BR>[Calls]<UL><LI><a href="#[183]">&gt;&gt;</a>&nbsp;&nbsp;&nbsp;HAL_UART_Receive_DMA
</UL>
<BR>[Address Reference Count : 1]<UL><LI> uart.o(.data)
</UL>
<P><STRONG><a name="[88]"></a>Uart3_Rcv_Date</STRONG> (Thumb, 522 bytes, Stack size 32 bytes, uart.o(i.Uart3_Rcv_Date))
<BR><BR>[Stack]<UL><LI>Max Depth = 100<LI>Call Chain = Uart3_Rcv_Date &rArr; HAL_UART_Receive_DMA &rArr; HAL_DMA_Start_IT &rArr; DMA_SetConfig
</UL>
<BR>[Calls]<UL><LI><a href="#[183]">&gt;&gt;</a>&nbsp;&nbsp;&nbsp;HAL_UART_Receive_DMA
<LI><a href="#[1b8]">&gt;&gt;</a>&nbsp;&nbsp;&nbsp;crc8_chk_value
<LI><a href="#[1bc]">&gt;&gt;</a>&nbsp;&nbsp;&nbsp;__2printf
<LI><a href="#[fc]">&gt;&gt;</a>&nbsp;&nbsp;&nbsp;__aeabi_memclr
</UL>
<BR>[Address Reference Count : 1]<UL><LI> uart.o(.data)
</UL>
<P><STRONG><a name="[81]"></a>Uart_Init</STRONG> (Thumb, 32 bytes, Stack size 8 bytes, uart.o(i.Uart_Init))
<BR><BR>[Stack]<UL><LI>Max Depth = 76<LI>Call Chain = Uart_Init &rArr; HAL_UART_Receive_DMA &rArr; HAL_DMA_Start_IT &rArr; DMA_SetConfig
</UL>
<BR>[Calls]<UL><LI><a href="#[183]">&gt;&gt;</a>&nbsp;&nbsp;&nbsp;HAL_UART_Receive_DMA
</UL>
<BR>[Address Reference Count : 1]<UL><LI> uart.o(.data)
</UL>
<P><STRONG><a name="[85]"></a>Uart_Rcv_Gps</STRONG> (Thumb, 72 bytes, Stack size 16 bytes, uart.o(i.Uart_Rcv_Gps))
<BR><BR>[Stack]<UL><LI>Max Depth = 16<LI>Call Chain = Uart_Rcv_Gps
</UL>
<BR>[Calls]<UL><LI><a href="#[1d0]">&gt;&gt;</a>&nbsp;&nbsp;&nbsp;Gps_Get_Time
<LI><a href="#[1b7]">&gt;&gt;</a>&nbsp;&nbsp;&nbsp;__aeabi_memcpy
</UL>
<BR>[Address Reference Count : 1]<UL><LI> uart.o(.data)
</UL>
<P><STRONG><a name="[82]"></a>Uart_Send_Test</STRONG> (Thumb, 74 bytes, Stack size 8 bytes, uart.o(i.Uart_Send_Test))
<BR><BR>[Stack]<UL><LI>Max Depth = 76<LI>Call Chain = Uart_Send_Test &rArr; HAL_UART_Transmit_DMA &rArr; HAL_DMA_Start_IT &rArr; DMA_SetConfig
</UL>
<BR>[Calls]<UL><LI><a href="#[188]">&gt;&gt;</a>&nbsp;&nbsp;&nbsp;HAL_UART_Transmit_DMA
<LI><a href="#[fc]">&gt;&gt;</a>&nbsp;&nbsp;&nbsp;__aeabi_memclr
<LI><a href="#[1b7]">&gt;&gt;</a>&nbsp;&nbsp;&nbsp;__aeabi_memcpy
</UL>
<BR>[Address Reference Count : 1]<UL><LI> uart.o(.data)
</UL>
<P><STRONG><a name="[8c]"></a>Get_Cmd_Type</STRONG> (Thumb, 6 bytes, Stack size 0 bytes, uppercmd.o(i.Get_Cmd_Type))
<BR>[Address Reference Count : 1]<UL><LI> uppercmd.o(.data)
</UL>
<P><STRONG><a name="[8a]"></a>Get_Package_Type</STRONG> (Thumb, 6 bytes, Stack size 0 bytes, uppercmd.o(i.Get_Package_Type))
<BR>[Address Reference Count : 1]<UL><LI> uppercmd.o(.data)
</UL>
<P><STRONG><a name="[92]"></a>Get_Remote_flag</STRONG> (Thumb, 8 bytes, Stack size 0 bytes, uppercmd.o(i.Get_Remote_flag))
<BR>[Address Reference Count : 1]<UL><LI> uppercmd.o(.data)
</UL>
<P><STRONG><a name="[8e]"></a>Get_Reply_flag</STRONG> (Thumb, 8 bytes, Stack size 0 bytes, uppercmd.o(i.Get_Reply_flag))
<BR>[Address Reference Count : 1]<UL><LI> uppercmd.o(.data)
</UL>
<P><STRONG><a name="[90]"></a>Get_Update_Cmd_flag</STRONG> (Thumb, 8 bytes, Stack size 0 bytes, uppercmd.o(i.Get_Update_Cmd_flag))
<BR>[Address Reference Count : 1]<UL><LI> uppercmd.o(.data)
</UL>
<P><STRONG><a name="[8b]"></a>Set_Cmd_Type</STRONG> (Thumb, 6 bytes, Stack size 0 bytes, uppercmd.o(i.Set_Cmd_Type))
<BR>[Address Reference Count : 1]<UL><LI> uppercmd.o(.data)
</UL>
<P><STRONG><a name="[89]"></a>Set_Package_Type</STRONG> (Thumb, 6 bytes, Stack size 0 bytes, uppercmd.o(i.Set_Package_Type))
<BR>[Address Reference Count : 1]<UL><LI> uppercmd.o(.data)
</UL>
<P><STRONG><a name="[91]"></a>Set_Remote_flag</STRONG> (Thumb, 8 bytes, Stack size 0 bytes, uppercmd.o(i.Set_Remote_flag))
<BR>[Address Reference Count : 1]<UL><LI> uppercmd.o(.data)
</UL>
<P><STRONG><a name="[8d]"></a>Set_Reply_Flag</STRONG> (Thumb, 8 bytes, Stack size 0 bytes, uppercmd.o(i.Set_Reply_Flag))
<BR>[Address Reference Count : 1]<UL><LI> uppercmd.o(.data)
</UL>
<P><STRONG><a name="[8f]"></a>Set_Update_Cmd_Flag</STRONG> (Thumb, 8 bytes, Stack size 0 bytes, uppercmd.o(i.Set_Update_Cmd_Flag))
<BR>[Address Reference Count : 1]<UL><LI> uppercmd.o(.data)
</UL>
<P><STRONG><a name="[1e1]"></a>_fp_digits</STRONG> (Thumb, 334 bytes, Stack size 56 bytes, printfa.o(i._fp_digits), UNUSED)
<BR><BR>[Calls]<UL><LI><a href="#[105]">&gt;&gt;</a>&nbsp;&nbsp;&nbsp;__aeabi_dmul
<LI><a href="#[106]">&gt;&gt;</a>&nbsp;&nbsp;&nbsp;__aeabi_ddiv
<LI><a href="#[10a]">&gt;&gt;</a>&nbsp;&nbsp;&nbsp;__aeabi_dadd
<LI><a href="#[116]">&gt;&gt;</a>&nbsp;&nbsp;&nbsp;__aeabi_uldivmod
<LI><a href="#[118]">&gt;&gt;</a>&nbsp;&nbsp;&nbsp;__aeabi_d2ulz
<LI><a href="#[1e2]">&gt;&gt;</a>&nbsp;&nbsp;&nbsp;__aeabi_cdrcmple
</UL>
<BR>[Called By]<UL><LI><a href="#[1d6]">&gt;&gt;</a>&nbsp;&nbsp;&nbsp;_printf_core
</UL>

<P><STRONG><a name="[1d6]"></a>_printf_core</STRONG> (Thumb, 1744 bytes, Stack size 136 bytes, printfa.o(i._printf_core), UNUSED)
<BR><BR>[Calls]<UL><LI><a href="#[116]">&gt;&gt;</a>&nbsp;&nbsp;&nbsp;__aeabi_uldivmod
<LI><a href="#[1e5]">&gt;&gt;</a>&nbsp;&nbsp;&nbsp;__aeabi_uidivmod
<LI><a href="#[1e3]">&gt;&gt;</a>&nbsp;&nbsp;&nbsp;_printf_pre_padding
<LI><a href="#[1e4]">&gt;&gt;</a>&nbsp;&nbsp;&nbsp;_printf_post_padding
<LI><a href="#[1e1]">&gt;&gt;</a>&nbsp;&nbsp;&nbsp;_fp_digits
</UL>
<BR>[Called By]<UL><LI><a href="#[1d7]">&gt;&gt;</a>&nbsp;&nbsp;&nbsp;__0sprintf
<LI><a href="#[1d5]">&gt;&gt;</a>&nbsp;&nbsp;&nbsp;__0printf
</UL>

<P><STRONG><a name="[1e4]"></a>_printf_post_padding</STRONG> (Thumb, 36 bytes, Stack size 24 bytes, printfa.o(i._printf_post_padding), UNUSED)
<BR><BR>[Called By]<UL><LI><a href="#[1d6]">&gt;&gt;</a>&nbsp;&nbsp;&nbsp;_printf_core
</UL>

<P><STRONG><a name="[1e3]"></a>_printf_pre_padding</STRONG> (Thumb, 46 bytes, Stack size 24 bytes, printfa.o(i._printf_pre_padding), UNUSED)
<BR><BR>[Called By]<UL><LI><a href="#[1d6]">&gt;&gt;</a>&nbsp;&nbsp;&nbsp;_printf_core
</UL>

<P><STRONG><a name="[ed]"></a>_sputc</STRONG> (Thumb, 10 bytes, Stack size 0 bytes, printfa.o(i._sputc))
<BR><BR>[Called By]<UL><LI><a href="#[1d7]">&gt;&gt;</a>&nbsp;&nbsp;&nbsp;__0sprintf
</UL>
<BR>[Address Reference Count : 1]<UL><LI> printfa.o(i.__0sprintf)
</UL>
<P><STRONG><a name="[103]"></a>_fp_value</STRONG> (Thumb, 256 bytes, Stack size 56 bytes, scanf_fp.o(.text), UNUSED)
<BR><BR>[Calls]<UL><LI><a href="#[105]">&gt;&gt;</a>&nbsp;&nbsp;&nbsp;__aeabi_dmul
<LI><a href="#[106]">&gt;&gt;</a>&nbsp;&nbsp;&nbsp;__aeabi_ddiv
<LI><a href="#[104]">&gt;&gt;</a>&nbsp;&nbsp;&nbsp;__aeabi_ul2d
</UL>
<BR>[Called By]<UL><LI><a href="#[107]">&gt;&gt;</a>&nbsp;&nbsp;&nbsp;_scanf_really_real
</UL>

<P><STRONG><a name="[de]"></a>_scanf_char_input</STRONG> (Thumb, 12 bytes, Stack size 0 bytes, scanf_char.o(.text))
<BR>[Address Reference Count : 1]<UL><LI> scanf_char.o(.text)
</UL><P>
<H3>
Undefined Global Symbols
</H3><HR></body></html>
